[Wed May 06 09:42:10.499579 2020] [wsgi:error] [pid 1210:tid 1789891616] led_caisson_bois  met le dimmeur a  0  de couleur  0x141414
[Wed May 06 09:42:10.531071 2020] [wsgi:error] [pid 1210:tid 1806677024] led_dessous  met le dimmeur a  0  de couleur  0x000065
[Wed May 06 09:42:10.610132 2020] [wsgi:error] [pid 1210:tid 1789891616] on envoie
[Wed May 06 09:42:10.653771 2020] [wsgi:error] [pid 1210:tid 1789891616] finit d'envoyer
[Wed May 06 09:42:10.659047 2020] [wsgi:error] [pid 1210:tid 1789891616] led_caisson_bois  met le dimmeur a  0  de couleur  0x131313
[Wed May 06 09:42:10.675181 2020] [wsgi:error] [pid 1210:tid 1806677024] led_dessous  met le dimmeur a  0  de couleur  0x000063
[Wed May 06 09:42:10.770278 2020] [wsgi:error] [pid 1210:tid 1789891616] led_caisson_bois  met le dimmeur a  0  de couleur  0x131313
[Wed May 06 09:42:10.796814 2020] [wsgi:error] [pid 1210:tid 1806677024] led_dessous  met le dimmeur a  0  de couleur  0x000060
[Wed May 06 09:42:10.880877 2020] [wsgi:error] [pid 1210:tid 1789891616] on envoie
[Wed May 06 09:42:10.896936 2020] [wsgi:error] [pid 1210:tid 1789891616] finit d'envoyer
[Wed May 06 09:42:10.902189 2020] [wsgi:error] [pid 1210:tid 1789891616] led_caisson_bois  met le dimmeur a  0  de couleur  0x121212
[Wed May 06 09:42:10.918358 2020] [wsgi:error] [pid 1210:tid 1806677024] led_dessous  met le dimmeur a  0  de couleur  0x00005e
[Wed May 06 09:42:11.012791 2020] [wsgi:error] [pid 1210:tid 1789891616] led_caisson_bois  met le dimmeur a  0  de couleur  0x121212
[Wed May 06 09:42:11.039999 2020] [wsgi:error] [pid 1210:tid 1806677024] led_dessous  met le dimmeur a  0  de couleur  0x00005b
[Wed May 06 09:42:11.123406 2020] [wsgi:error] [pid 1210:tid 1789891616] on envoie
[Wed May 06 09:42:11.139367 2020] [wsgi:error] [pid 1210:tid 1789891616] finit d'envoyer
[Wed May 06 09:42:11.144619 2020] [wsgi:error] [pid 1210:tid 1789891616] led_caisson_bois  met le dimmeur a  0  de couleur  0x111111
[Wed May 06 09:42:11.160788 2020] [wsgi:error] [pid 1210:tid 1806677024] led_dessous  met le dimmeur a  0  de couleur  0x000059
[Wed May 06 09:42:11.255220 2020] [wsgi:error] [pid 1210:tid 1789891616] led_caisson_bois  met le dimmeur a  0  de couleur  0x111111
[Wed May 06 09:42:11.282436 2020] [wsgi:error] [pid 1210:tid 1806677024] led_dessous  met le dimmeur a  0  de couleur  0x000056
[Wed May 06 09:42:11.365805 2020] [wsgi:error] [pid 1210:tid 1789891616] on envoie
[Wed May 06 09:42:11.381739 2020] [wsgi:error] [pid 1210:tid 1789891616] finit d'envoyer
[Wed May 06 09:42:11.387007 2020] [wsgi:error] [pid 1210:tid 1789891616] led_caisson_bois  met le dimmeur a  0  de couleur  0x101010
[Wed May 06 09:42:11.408245 2020] [wsgi:error] [pid 1210:tid 1806677024] led_dessous  met le dimmeur a  0  de couleur  0x000054
[Wed May 06 09:42:11.497611 2020] [wsgi:error] [pid 1210:tid 1789891616] led_caisson_bois  met le dimmeur a  0  de couleur  0x101010
[Wed May 06 09:42:11.529883 2020] [wsgi:error] [pid 1210:tid 1806677024] led_dessous  met le dimmeur a  0  de couleur  0x000051
[Wed May 06 09:42:11.611304 2020] [wsgi:error] [pid 1210:tid 1789891616] on envoie
[Wed May 06 09:42:11.627245 2020] [wsgi:error] [pid 1210:tid 1789891616] finit d'envoyer
[Wed May 06 09:42:11.632496 2020] [wsgi:error] [pid 1210:tid 1789891616] led_caisson_bois  met le dimmeur a  0  de couleur  0x0f0f0f
[Wed May 06 09:42:11.648656 2020] [wsgi:error] [pid 1210:tid 1806677024] led_dessous  met le dimmeur a  0  de couleur  0x00004f
[Wed May 06 09:42:11.743140 2020] [wsgi:error] [pid 1210:tid 1789891616] led_caisson_bois  met le dimmeur a  0  de couleur  0x0f0f0f
[Wed May 06 09:42:11.775435 2020] [wsgi:error] [pid 1210:tid 1806677024] led_dessous  met le dimmeur a  0  de couleur  0x00004c
[Wed May 06 09:42:11.853967 2020] [wsgi:error] [pid 1210:tid 1789891616] led_caisson_bois  met le dimmeur a  0  de couleur  0x0f0f0f
[Wed May 06 09:42:11.897851 2020] [wsgi:error] [pid 1210:tid 1806677024] led_dessous  met le dimmeur a  0  de couleur  0x000049
[Wed May 06 09:42:11.964758 2020] [wsgi:error] [pid 1210:tid 1789891616] on envoie
[Wed May 06 09:42:11.981263 2020] [wsgi:error] [pid 1210:tid 1789891616] finit d'envoyer
[Wed May 06 09:42:11.986694 2020] [wsgi:error] [pid 1210:tid 1789891616] led_caisson_bois  met le dimmeur a  0  de couleur  0x0e0e0e
[Wed May 06 09:42:12.020425 2020] [wsgi:error] [pid 1210:tid 1806677024] led_dessous  met le dimmeur a  0  de couleur  0x000047
[Wed May 06 09:42:12.097596 2020] [wsgi:error] [pid 1210:tid 1789891616] led_caisson_bois  met le dimmeur a  0  de couleur  0x0e0e0e
[Wed May 06 09:42:12.142983 2020] [wsgi:error] [pid 1210:tid 1806677024] led_dessous  met le dimmeur a  0  de couleur  0x000044
[Wed May 06 09:42:12.208441 2020] [wsgi:error] [pid 1210:tid 1789891616] on envoie
[Wed May 06 09:42:12.224872 2020] [wsgi:error] [pid 1210:tid 1789891616] finit d'envoyer
[Wed May 06 09:42:12.230267 2020] [wsgi:error] [pid 1210:tid 1789891616] led_caisson_bois  met le dimmeur a  0  de couleur  0x0d0d0d
[Wed May 06 09:42:12.265623 2020] [wsgi:error] [pid 1210:tid 1806677024] led_dessous  met le dimmeur a  0  de couleur  0x000042
[Wed May 06 09:42:12.341123 2020] [wsgi:error] [pid 1210:tid 1789891616] led_caisson_bois  met le dimmeur a  0  de couleur  0x0d0d0d
[Wed May 06 09:42:12.388275 2020] [wsgi:error] [pid 1210:tid 1806677024] led_dessous  met le dimmeur a  0  de couleur  0x00003f
[Wed May 06 09:42:12.451945 2020] [wsgi:error] [pid 1210:tid 1789891616] on envoie
[Wed May 06 09:42:12.468394 2020] [wsgi:error] [pid 1210:tid 1789891616] finit d'envoyer
[Wed May 06 09:42:12.473788 2020] [wsgi:error] [pid 1210:tid 1789891616] led_caisson_bois  met le dimmeur a  0  de couleur  0x0c0c0c
[Wed May 06 09:42:12.510842 2020] [wsgi:error] [pid 1210:tid 1806677024] led_dessous  met le dimmeur a  0  de couleur  0x00003d
[Wed May 06 09:42:12.584629 2020] [wsgi:error] [pid 1210:tid 1789891616] led_caisson_bois  met le dimmeur a  0  de couleur  0x0c0c0c
[Wed May 06 09:42:12.633426 2020] [wsgi:error] [pid 1210:tid 1806677024] led_dessous  met le dimmeur a  0  de couleur  0x00003a
[Wed May 06 09:42:12.695445 2020] [wsgi:error] [pid 1210:tid 1789891616] on envoie
[Wed May 06 09:42:12.711991 2020] [wsgi:error] [pid 1210:tid 1789891616] finit d'envoyer
[Wed May 06 09:42:12.717375 2020] [wsgi:error] [pid 1210:tid 1789891616] led_caisson_bois  met le dimmeur a  0  de couleur  0x0b0b0b
[Wed May 06 09:42:12.756107 2020] [wsgi:error] [pid 1210:tid 1806677024] led_dessous  met le dimmeur a  0  de couleur  0x000038
[Wed May 06 09:42:12.828278 2020] [wsgi:error] [pid 1210:tid 1789891616] led_caisson_bois  met le dimmeur a  0  de couleur  0x0b0b0b
[Wed May 06 09:42:12.878680 2020] [wsgi:error] [pid 1210:tid 1806677024] led_dessous  met le dimmeur a  0  de couleur  0x000035
[Wed May 06 09:42:12.939090 2020] [wsgi:error] [pid 1210:tid 1789891616] on envoie
[Wed May 06 09:42:12.955625 2020] [wsgi:error] [pid 1210:tid 1789891616] finit d'envoyer
[Wed May 06 09:42:12.961054 2020] [wsgi:error] [pid 1210:tid 1789891616] led_caisson_bois  met le dimmeur a  0  de couleur  0x0a0a0a
[Wed May 06 09:42:13.001344 2020] [wsgi:error] [pid 1210:tid 1806677024] led_dessous  met le dimmeur a  0  de couleur  0x000032
[Wed May 06 09:42:13.075450 2020] [wsgi:error] [pid 1210:tid 1789891616] led_caisson_bois  met le dimmeur a  0  de couleur  0x0a0a0a
[Wed May 06 09:42:13.123981 2020] [wsgi:error] [pid 1210:tid 1806677024] led_dessous  met le dimmeur a  0  de couleur  0x000030
[Wed May 06 09:42:13.186275 2020] [wsgi:error] [pid 1210:tid 1789891616] on envoie
[Wed May 06 09:42:13.217801 2020] [wsgi:error] [pid 1210:tid 1789891616] finit d'envoyer
[Wed May 06 09:42:13.223423 2020] [wsgi:error] [pid 1210:tid 1789891616] led_caisson_bois  met le dimmeur a  0  de couleur  0x090909
[Wed May 06 09:42:13.246673 2020] [wsgi:error] [pid 1210:tid 1806677024] led_dessous  met le dimmeur a  0  de couleur  0x00002d
[Wed May 06 09:42:13.334304 2020] [wsgi:error] [pid 1210:tid 1789891616] led_caisson_bois  met le dimmeur a  0  de couleur  0x090909
[Wed May 06 09:42:13.369266 2020] [wsgi:error] [pid 1210:tid 1806677024] led_dessous  met le dimmeur a  0  de couleur  0x00002b
[Wed May 06 09:42:13.445134 2020] [wsgi:error] [pid 1210:tid 1789891616] on envoie
[Wed May 06 09:42:13.461579 2020] [wsgi:error] [pid 1210:tid 1789891616] finit d'envoyer
[Wed May 06 09:42:13.466973 2020] [wsgi:error] [pid 1210:tid 1789891616] led_caisson_bois  met le dimmeur a  0  de couleur  0x080808
[Wed May 06 09:42:13.491831 2020] [wsgi:error] [pid 1210:tid 1806677024] led_dessous  met le dimmeur a  0  de couleur  0x000028
[Wed May 06 09:42:13.577640 2020] [wsgi:error] [pid 1210:tid 1789891616] led_caisson_bois  met le dimmeur a  0  de couleur  0x080808
[Wed May 06 09:42:13.618961 2020] [wsgi:error] [pid 1210:tid 1806677024] led_dessous  met le dimmeur a  0  de couleur  0x000026
[Wed May 06 09:42:13.688208 2020] [wsgi:error] [pid 1210:tid 1789891616] on envoie
[Wed May 06 09:42:13.709263 2020] [wsgi:error] [pid 1210:tid 1789891616] finit d'envoyer
[Wed May 06 09:42:13.714523 2020] [wsgi:error] [pid 1210:tid 1789891616] led_caisson_bois  met le dimmeur a  0  de couleur  0x070707
[Wed May 06 09:42:13.740689 2020] [wsgi:error] [pid 1210:tid 1806677024] led_dessous  met le dimmeur a  0  de couleur  0x000023
[Wed May 06 09:42:13.825165 2020] [wsgi:error] [pid 1210:tid 1789891616] led_caisson_bois  met le dimmeur a  0  de couleur  0x070707
[Wed May 06 09:42:13.862418 2020] [wsgi:error] [pid 1210:tid 1806677024] led_dessous  met le dimmeur a  0  de couleur  0x000021
[Wed May 06 09:42:13.935783 2020] [wsgi:error] [pid 1210:tid 1789891616] led_caisson_bois  met le dimmeur a  0  de couleur  0x070707
[Wed May 06 09:42:13.984092 2020] [wsgi:error] [pid 1210:tid 1806677024] led_dessous  met le dimmeur a  0  de couleur  0x00001e
[Wed May 06 09:42:14.046351 2020] [wsgi:error] [pid 1210:tid 1789891616] on envoie
[Wed May 06 09:42:14.062344 2020] [wsgi:error] [pid 1210:tid 1789891616] finit d'envoyer
[Wed May 06 09:42:14.067613 2020] [wsgi:error] [pid 1210:tid 1789891616] led_caisson_bois  met le dimmeur a  0  de couleur  0x060606
[Wed May 06 09:42:14.105754 2020] [wsgi:error] [pid 1210:tid 1806677024] led_dessous  met le dimmeur a  0  de couleur  0x00001c
[Wed May 06 09:42:14.178210 2020] [wsgi:error] [pid 1210:tid 1789891616] led_caisson_bois  met le dimmeur a  0  de couleur  0x060606
[Wed May 06 09:42:14.227400 2020] [wsgi:error] [pid 1210:tid 1806677024] led_dessous  met le dimmeur a  0  de couleur  0x000019
[Wed May 06 09:42:14.288801 2020] [wsgi:error] [pid 1210:tid 1789891616] on envoie
[Wed May 06 09:42:14.304840 2020] [wsgi:error] [pid 1210:tid 1789891616] finit d'envoyer
[Wed May 06 09:42:14.310099 2020] [wsgi:error] [pid 1210:tid 1789891616] led_caisson_bois  met le dimmeur a  0  de couleur  0x050505
[Wed May 06 09:42:14.331799 2020] [wsgi:error] [pid 1210:tid 1871705120] La led n'arrive pas \xc3\xa0 ce connecter
[Wed May 06 09:42:14.353425 2020] [wsgi:error] [pid 1210:tid 1806677024] led_dessous  met le dimmeur a  0  de couleur  0x000016
[Wed May 06 09:42:14.435068 2020] [wsgi:error] [pid 1210:tid 1789891616] led_caisson_bois  met le dimmeur a  0  de couleur  0x050505
[Wed May 06 09:42:14.475096 2020] [wsgi:error] [pid 1210:tid 1806677024] led_dessous  met le dimmeur a  0  de couleur  0x000014
[Wed May 06 09:42:14.560622 2020] [wsgi:error] [pid 1210:tid 1789891616] on envoie
[Wed May 06 09:42:14.581522 2020] [wsgi:error] [pid 1210:tid 1789891616] finit d'envoyer
[Wed May 06 09:42:14.587822 2020] [wsgi:error] [pid 1210:tid 1789891616] led_caisson_bois  met le dimmeur a  0  de couleur  0x040404
[Wed May 06 09:42:14.598772 2020] [wsgi:error] [pid 1210:tid 1806677024] led_dessous  met le dimmeur a  0  de couleur  0x000011
[Wed May 06 09:42:14.698764 2020] [wsgi:error] [pid 1210:tid 1789891616] led_caisson_bois  met le dimmeur a  0  de couleur  0x040404
[Wed May 06 09:42:14.716109 2020] [wsgi:error] [pid 1210:tid 1806677024] led_dessous  met le dimmeur a  0  de couleur  0x00000f
[Wed May 06 09:42:14.809688 2020] [wsgi:error] [pid 1210:tid 1789891616] on envoie
[Wed May 06 09:42:14.826197 2020] [wsgi:error] [pid 1210:tid 1789891616] finit d'envoyer
[Wed May 06 09:42:14.831629 2020] [wsgi:error] [pid 1210:tid 1789891616] led_caisson_bois  met le dimmeur a  0  de couleur  0x030303
[Wed May 06 09:42:14.848703 2020] [wsgi:error] [pid 1210:tid 1806677024] led_dessous  met le dimmeur a  0  de couleur  0x00000c
[Wed May 06 09:42:14.943798 2020] [wsgi:error] [pid 1210:tid 1789891616] led_caisson_bois  met le dimmeur a  0  de couleur  0x030303
[Wed May 06 09:42:14.976331 2020] [wsgi:error] [pid 1210:tid 1806677024] led_dessous  met le dimmeur a  0  de couleur  0x00000a
[Wed May 06 09:42:15.054665 2020] [wsgi:error] [pid 1210:tid 1789891616] on envoie
[Wed May 06 09:42:15.071207 2020] [wsgi:error] [pid 1210:tid 1789891616] finit d'envoyer
[Wed May 06 09:42:15.076604 2020] [wsgi:error] [pid 1210:tid 1789891616] led_caisson_bois  met le dimmeur a  0  de couleur  0x020202
[Wed May 06 09:42:15.098952 2020] [wsgi:error] [pid 1210:tid 1806677024] led_dessous  met le dimmeur a  0  de couleur  0x000007
[Wed May 06 09:42:15.187490 2020] [wsgi:error] [pid 1210:tid 1789891616] led_caisson_bois  met le dimmeur a  0  de couleur  0x020202
[Wed May 06 09:42:15.221520 2020] [wsgi:error] [pid 1210:tid 1806677024] led_dessous  met le dimmeur a  0  de couleur  0x000005
[Wed May 06 09:42:15.298351 2020] [wsgi:error] [pid 1210:tid 1789891616] on envoie
[Wed May 06 09:42:15.314873 2020] [wsgi:error] [pid 1210:tid 1789891616] finit d'envoyer
[Wed May 06 09:42:15.320268 2020] [wsgi:error] [pid 1210:tid 1789891616] led_caisson_bois  met le dimmeur a  0  de couleur  0x010101
[Wed May 06 09:42:15.379194 2020] [wsgi:error] [pid 1210:tid 1806677024] led_dessous  met le dimmeur a  0  de couleur  0x000002
[Wed May 06 09:42:15.431261 2020] [wsgi:error] [pid 1210:tid 1789891616] led_caisson_bois  met le dimmeur a  0  de couleur  0x010101
[Wed May 06 09:42:15.501162 2020] [wsgi:error] [pid 1210:tid 1806677024] led_dessous  met le dimmeur a  0  de couleur  0x000000
[Wed May 06 09:42:15.542185 2020] [wsgi:error] [pid 1210:tid 1789891616] on envoie
[Wed May 06 09:42:15.558699 2020] [wsgi:error] [pid 1210:tid 1789891616] finit d'envoyer
[Wed May 06 09:42:15.564089 2020] [wsgi:error] [pid 1210:tid 1789891616] led_caisson_bois  met le dimmeur a  0  de couleur  0x000000
[Wed May 06 09:42:15.674982 2020] [wsgi:error] [pid 1210:tid 1789891616] led_caisson_bois  met le dimmeur a  0  de couleur  0x000000
[Wed May 06 09:42:15.785917 2020] [wsgi:error] [pid 1210:tid 1789891616] led_caisson_bois  met le dimmeur a  0  de couleur  0x000000
[Wed May 06 09:42:19.047660 2020] [wsgi:error] [pid 1210:tid 1806677024] Etat.OFF Etat.ON
[Wed May 06 09:42:19.053151 2020] [wsgi:error] [pid 1210:tid 1806677024] nombre_lumi\xc3\xa8re = 0
[Wed May 06 09:42:19.058569 2020] [wsgi:error] [pid 1210:tid 1806677024] on do etat = Etat.OFF
[Wed May 06 09:42:19.347387 2020] [wsgi:error] [pid 1210:tid 1789891616] Etat.OFF Etat.ON
[Wed May 06 09:42:19.352853 2020] [wsgi:error] [pid 1210:tid 1789891616] nombre_lumi\xc3\xa8re = 4
[Wed May 06 09:42:33.853939 2020] [wsgi:error] [pid 1210:tid 1823462432] La led n'arrive pas \xc3\xa0 ce connecter
[Wed May 06 09:42:42.287154 2020] [wsgi:error] [pid 1210:tid 1823462432] La led n'arrive pas \xc3\xa0 ce connecter
[Wed May 06 09:42:47.442160 2020] [wsgi:error] [pid 1210:tid 1823462432] La led n'arrive pas \xc3\xa0 ce connecter
[Wed May 06 09:42:53.495206 2020] [wsgi:error] [pid 1210:tid 1823462432] led_haut_billard  met le dimmeur a  0  de couleur  0x000000
[Wed May 06 09:42:53.532506 2020] [wsgi:error] [pid 1210:tid 1871705120] led_porte_escalier  met le dimmeur a  0  de couleur  0x000000
[Wed May 06 09:42:53.606424 2020] [wsgi:error] [pid 1210:tid 1823462432] on envoie
[Wed May 06 09:42:53.617568 2020] [wsgi:error] [pid 1210:tid 1823462432] finit d'envoyer
[Wed May 06 09:42:53.623097 2020] [wsgi:error] [pid 1210:tid 1823462432] led_haut_billard  met le dimmeur a  0  de couleur  0x020202
[Wed May 06 09:42:53.638319 2020] [wsgi:error] [pid 1210:tid 1871705120] on envoie
[Wed May 06 09:42:53.644468 2020] [wsgi:error] [pid 1210:tid 1871705120] finit d'envoyer
[Wed May 06 09:42:53.645054 2020] [wsgi:error] [pid 1210:tid 1871705120] led_porte_escalier  met le dimmeur a  0  de couleur  0x050000
[Wed May 06 09:42:53.734151 2020] [wsgi:error] [pid 1210:tid 1823462432] on envoie
[Wed May 06 09:42:53.750446 2020] [wsgi:error] [pid 1210:tid 1823462432] finit d'envoyer
[Wed May 06 09:42:53.756084 2020] [wsgi:error] [pid 1210:tid 1823462432] led_haut_billard  met le dimmeur a  0  de couleur  0x050505
[Wed May 06 09:42:53.756732 2020] [wsgi:error] [pid 1210:tid 1871705120] on envoie
[Wed May 06 09:42:53.762930 2020] [wsgi:error] [pid 1210:tid 1871705120] finit d'envoyer
[Wed May 06 09:42:53.763613 2020] [wsgi:error] [pid 1210:tid 1871705120] led_porte_escalier  met le dimmeur a  0  de couleur  0x0a0000
[Wed May 06 09:42:53.868346 2020] [wsgi:error] [pid 1210:tid 1871705120] on envoie
[Wed May 06 09:42:53.868632 2020] [wsgi:error] [pid 1210:tid 1823462432] on envoie
[Wed May 06 09:42:53.874854 2020] [wsgi:error] [pid 1210:tid 1823462432] finit d'envoyer
[Wed May 06 09:42:53.875170 2020] [wsgi:error] [pid 1210:tid 1823462432] led_haut_billard  met le dimmeur a  0  de couleur  0x080808
[Wed May 06 09:42:53.881453 2020] [wsgi:error] [pid 1210:tid 1871705120] finit d'envoyer
[Wed May 06 09:42:53.887391 2020] [wsgi:error] [pid 1210:tid 1871705120] led_porte_escalier  met le dimmeur a  0  de couleur  0x100000
[Wed May 06 09:42:53.980908 2020] [wsgi:error] [pid 1210:tid 1823462432] on envoie
[Wed May 06 09:42:53.986954 2020] [wsgi:error] [pid 1210:tid 1823462432] finit d'envoyer
[Wed May 06 09:42:53.987222 2020] [wsgi:error] [pid 1210:tid 1823462432] led_haut_billard  met le dimmeur a  0  de couleur  0x0a0a0a
[Wed May 06 09:42:53.998670 2020] [wsgi:error] [pid 1210:tid 1871705120] on envoie
[Wed May 06 09:42:54.015075 2020] [wsgi:error] [pid 1210:tid 1871705120] finit d'envoyer
[Wed May 06 09:42:54.020918 2020] [wsgi:error] [pid 1210:tid 1871705120] led_porte_escalier  met le dimmeur a  0  de couleur  0x150000
[Wed May 06 09:42:54.092971 2020] [wsgi:error] [pid 1210:tid 1823462432] on envoie
[Wed May 06 09:42:54.098921 2020] [wsgi:error] [pid 1210:tid 1823462432] finit d'envoyer
[Wed May 06 09:42:54.104316 2020] [wsgi:error] [pid 1210:tid 1823462432] led_haut_billard  met le dimmeur a  0  de couleur  0x0d0d0d
[Wed May 06 09:42:54.132058 2020] [wsgi:error] [pid 1210:tid 1871705120] on envoie
[Wed May 06 09:42:54.138427 2020] [wsgi:error] [pid 1210:tid 1871705120] finit d'envoyer
[Wed May 06 09:42:54.139137 2020] [wsgi:error] [pid 1210:tid 1871705120] led_porte_escalier  met le dimmeur a  0  de couleur  0x1a0000
[Wed May 06 09:42:54.215147 2020] [wsgi:error] [pid 1210:tid 1823462432] on envoie
[Wed May 06 09:42:54.231385 2020] [wsgi:error] [pid 1210:tid 1823462432] finit d'envoyer
[Wed May 06 09:42:54.236933 2020] [wsgi:error] [pid 1210:tid 1823462432] led_haut_billard  met le dimmeur a  0  de couleur  0x101010
[Wed May 06 09:42:54.242742 2020] [wsgi:error] [pid 1210:tid 1871705120] on envoie
[Wed May 06 09:42:54.243852 2020] [wsgi:error] [pid 1210:tid 1871705120] finit d'envoyer
[Wed May 06 09:42:54.249238 2020] [wsgi:error] [pid 1210:tid 1871705120] led_porte_escalier  met le dimmeur a  0  de couleur  0x200000
[Wed May 06 09:42:54.347962 2020] [wsgi:error] [pid 1210:tid 1823462432] on envoie
[Wed May 06 09:42:54.359111 2020] [wsgi:error] [pid 1210:tid 1871705120] on envoie
[Wed May 06 09:42:54.369909 2020] [wsgi:error] [pid 1210:tid 1823462432] finit d'envoyer
[Wed May 06 09:42:54.375445 2020] [wsgi:error] [pid 1210:tid 1823462432] led_haut_billard  met le dimmeur a  0  de couleur  0x121212
[Wed May 06 09:42:54.376599 2020] [wsgi:error] [pid 1210:tid 1871705120] finit d'envoyer
[Wed May 06 09:42:54.381988 2020] [wsgi:error] [pid 1210:tid 1871705120] led_porte_escalier  met le dimmeur a  0  de couleur  0x250000
[Wed May 06 09:42:54.481649 2020] [wsgi:error] [pid 1210:tid 1823462432] on envoie
[Wed May 06 09:42:54.492402 2020] [wsgi:error] [pid 1210:tid 1871705120] on envoie
[Wed May 06 09:42:54.502921 2020] [wsgi:error] [pid 1210:tid 1823462432] finit d'envoyer
[Wed May 06 09:42:54.508258 2020] [wsgi:error] [pid 1210:tid 1823462432] led_haut_billard  met le dimmeur a  0  de couleur  0x151515
[Wed May 06 09:42:54.524074 2020] [wsgi:error] [pid 1210:tid 1871705120] finit d'envoyer
[Wed May 06 09:42:54.529323 2020] [wsgi:error] [pid 1210:tid 1871705120] led_porte_escalier  met le dimmeur a  0  de couleur  0x2a0000
[Wed May 06 09:42:54.614068 2020] [wsgi:error] [pid 1210:tid 1823462432] on envoie
[Wed May 06 09:42:54.634943 2020] [wsgi:error] [pid 1210:tid 1823462432] finit d'envoyer
[Wed May 06 09:42:54.635343 2020] [wsgi:error] [pid 1210:tid 1871705120] on envoie
[Wed May 06 09:42:54.640733 2020] [wsgi:error] [pid 1210:tid 1823462432] led_haut_billard  met le dimmeur a  0  de couleur  0x181818
[Wed May 06 09:42:54.651522 2020] [wsgi:error] [pid 1210:tid 1871705120] finit d'envoyer
[Wed May 06 09:42:54.651860 2020] [wsgi:error] [pid 1210:tid 1871705120] led_porte_escalier  met le dimmeur a  0  de couleur  0x300000
[Wed May 06 09:42:54.746379 2020] [wsgi:error] [pid 1210:tid 1823462432] on envoie
[Wed May 06 09:42:54.757196 2020] [wsgi:error] [pid 1210:tid 1871705120] on envoie
[Wed May 06 09:42:54.767746 2020] [wsgi:error] [pid 1210:tid 1823462432] finit d'envoyer
[Wed May 06 09:42:54.773141 2020] [wsgi:error] [pid 1210:tid 1823462432] led_haut_billard  met le dimmeur a  0  de couleur  0x1a1a1a
[Wed May 06 09:42:54.773770 2020] [wsgi:error] [pid 1210:tid 1871705120] finit d'envoyer
[Wed May 06 09:42:54.779191 2020] [wsgi:error] [pid 1210:tid 1871705120] led_porte_escalier  met le dimmeur a  0  de couleur  0x350000
[Wed May 06 09:42:54.878781 2020] [wsgi:error] [pid 1210:tid 1823462432] on envoie
[Wed May 06 09:42:54.884399 2020] [wsgi:error] [pid 1210:tid 1823462432] finit d'envoyer
[Wed May 06 09:42:54.884551 2020] [wsgi:error] [pid 1210:tid 1823462432] led_haut_billard  met le dimmeur a  0  de couleur  0x1d1d1d
[Wed May 06 09:42:54.890023 2020] [wsgi:error] [pid 1210:tid 1871705120] on envoie
[Wed May 06 09:42:54.905866 2020] [wsgi:error] [pid 1210:tid 1871705120] finit d'envoyer
[Wed May 06 09:42:54.911307 2020] [wsgi:error] [pid 1210:tid 1871705120] led_porte_escalier  met le dimmeur a  0  de couleur  0x3a0000
[Wed May 06 09:42:54.990024 2020] [wsgi:error] [pid 1210:tid 1823462432] on envoie
[Wed May 06 09:42:54.995597 2020] [wsgi:error] [pid 1210:tid 1823462432] finit d'envoyer
[Wed May 06 09:42:54.995743 2020] [wsgi:error] [pid 1210:tid 1823462432] led_haut_billard  met le dimmeur a  0  de couleur  0x202020
[Wed May 06 09:42:55.021958 2020] [wsgi:error] [pid 1210:tid 1871705120] on envoie
[Wed May 06 09:42:55.042861 2020] [wsgi:error] [pid 1210:tid 1871705120] finit d'envoyer
[Wed May 06 09:42:55.048304 2020] [wsgi:error] [pid 1210:tid 1871705120] led_porte_escalier  met le dimmeur a  0  de couleur  0x400000
[Wed May 06 09:42:55.101188 2020] [wsgi:error] [pid 1210:tid 1823462432] on envoie
[Wed May 06 09:42:55.106745 2020] [wsgi:error] [pid 1210:tid 1823462432] finit d'envoyer
[Wed May 06 09:42:55.106888 2020] [wsgi:error] [pid 1210:tid 1823462432] led_haut_billard  met le dimmeur a  0  de couleur  0x222222
[Wed May 06 09:42:55.158969 2020] [wsgi:error] [pid 1210:tid 1871705120] on envoie
[Wed May 06 09:42:55.174782 2020] [wsgi:error] [pid 1210:tid 1871705120] finit d'envoyer
[Wed May 06 09:42:55.180201 2020] [wsgi:error] [pid 1210:tid 1871705120] led_porte_escalier  met le dimmeur a  0  de couleur  0x450000
[Wed May 06 09:42:55.212321 2020] [wsgi:error] [pid 1210:tid 1823462432] on envoie
[Wed May 06 09:42:55.217870 2020] [wsgi:error] [pid 1210:tid 1823462432] finit d'envoyer
[Wed May 06 09:42:55.218015 2020] [wsgi:error] [pid 1210:tid 1823462432] led_haut_billard  met le dimmeur a  0  de couleur  0x252525
[Wed May 06 09:42:55.290854 2020] [wsgi:error] [pid 1210:tid 1871705120] on envoie
[Wed May 06 09:42:55.306660 2020] [wsgi:error] [pid 1210:tid 1871705120] finit d'envoyer
[Wed May 06 09:42:55.312080 2020] [wsgi:error] [pid 1210:tid 1871705120] led_porte_escalier  met le dimmeur a  0  de couleur  0x4a0000
[Wed May 06 09:42:55.323471 2020] [wsgi:error] [pid 1210:tid 1823462432] on envoie
[Wed May 06 09:42:55.329012 2020] [wsgi:error] [pid 1210:tid 1823462432] finit d'envoyer
[Wed May 06 09:42:55.329145 2020] [wsgi:error] [pid 1210:tid 1823462432] led_haut_billard  met le dimmeur a  0  de couleur  0x282828
[Wed May 06 09:42:55.422741 2020] [wsgi:error] [pid 1210:tid 1871705120] on envoie
[Wed May 06 09:42:55.433584 2020] [wsgi:error] [pid 1210:tid 1823462432] on envoie
[Wed May 06 09:42:55.439133 2020] [wsgi:error] [pid 1210:tid 1871705120] finit d'envoyer
[Wed May 06 09:42:55.444539 2020] [wsgi:error] [pid 1210:tid 1871705120] led_porte_escalier  met le dimmeur a  0  de couleur  0x500000
[Wed May 06 09:42:55.450015 2020] [wsgi:error] [pid 1210:tid 1823462432] finit d'envoyer
[Wed May 06 09:42:55.450152 2020] [wsgi:error] [pid 1210:tid 1823462432] led_haut_billard  met le dimmeur a  0  de couleur  0x2a2a2a
[Wed May 06 09:42:55.550208 2020] [wsgi:error] [pid 1210:tid 1871705120] on envoie
[Wed May 06 09:42:55.555825 2020] [wsgi:error] [pid 1210:tid 1823462432] on envoie
[Wed May 06 09:42:55.571675 2020] [wsgi:error] [pid 1210:tid 1871705120] finit d'envoyer
[Wed May 06 09:42:55.577204 2020] [wsgi:error] [pid 1210:tid 1871705120] led_porte_escalier  met le dimmeur a  0  de couleur  0x550000
[Wed May 06 09:42:55.582786 2020] [wsgi:error] [pid 1210:tid 1823462432] finit d'envoyer
[Wed May 06 09:42:55.582936 2020] [wsgi:error] [pid 1210:tid 1823462432] led_haut_billard  met le dimmeur a  0  de couleur  0x2d2d2d
[Wed May 06 09:42:55.688061 2020] [wsgi:error] [pid 1210:tid 1871705120] on envoie
[Wed May 06 09:42:55.688198 2020] [wsgi:error] [pid 1210:tid 1823462432] on envoie
[Wed May 06 09:42:55.693918 2020] [wsgi:error] [pid 1210:tid 1823462432] finit d'envoyer
[Wed May 06 09:42:55.694088 2020] [wsgi:error] [pid 1210:tid 1823462432] led_haut_billard  met le dimmeur a  0  de couleur  0x303030
[Wed May 06 09:42:55.715110 2020] [wsgi:error] [pid 1210:tid 1871705120] finit d'envoyer
[Wed May 06 09:42:55.720638 2020] [wsgi:error] [pid 1210:tid 1871705120] led_porte_escalier  met le dimmeur a  0  de couleur  0x5a0000
[Wed May 06 09:42:55.799561 2020] [wsgi:error] [pid 1210:tid 1823462432] on envoie
[Wed May 06 09:42:55.805279 2020] [wsgi:error] [pid 1210:tid 1823462432] finit d'envoyer
[Wed May 06 09:42:55.805452 2020] [wsgi:error] [pid 1210:tid 1823462432] led_haut_billard  met le dimmeur a  0  de couleur  0x323232
[Wed May 06 09:42:55.831383 2020] [wsgi:error] [pid 1210:tid 1871705120] on envoie
[Wed May 06 09:42:55.847265 2020] [wsgi:error] [pid 1210:tid 1871705120] finit d'envoyer
[Wed May 06 09:42:55.852776 2020] [wsgi:error] [pid 1210:tid 1871705120] led_porte_escalier  met le dimmeur a  0  de couleur  0x600000
[Wed May 06 09:42:55.910925 2020] [wsgi:error] [pid 1210:tid 1823462432] on envoie
[Wed May 06 09:42:55.916584 2020] [wsgi:error] [pid 1210:tid 1823462432] finit d'envoyer
[Wed May 06 09:42:55.916746 2020] [wsgi:error] [pid 1210:tid 1823462432] led_haut_billard  met le dimmeur a  0  de couleur  0x353535
[Wed May 06 09:42:55.963576 2020] [wsgi:error] [pid 1210:tid 1871705120] on envoie
[Wed May 06 09:42:55.979534 2020] [wsgi:error] [pid 1210:tid 1871705120] finit d'envoyer
[Wed May 06 09:42:55.985054 2020] [wsgi:error] [pid 1210:tid 1871705120] led_porte_escalier  met le dimmeur a  0  de couleur  0x650000
[Wed May 06 09:42:56.022223 2020] [wsgi:error] [pid 1210:tid 1823462432] on envoie
[Wed May 06 09:42:56.027904 2020] [wsgi:error] [pid 1210:tid 1823462432] finit d'envoyer
[Wed May 06 09:42:56.028064 2020] [wsgi:error] [pid 1210:tid 1823462432] led_haut_billard  met le dimmeur a  0  de couleur  0x383838
[Wed May 06 09:42:56.095880 2020] [wsgi:error] [pid 1210:tid 1871705120] on envoie
[Wed May 06 09:42:56.111814 2020] [wsgi:error] [pid 1210:tid 1871705120] finit d'envoyer
[Wed May 06 09:42:56.117329 2020] [wsgi:error] [pid 1210:tid 1871705120] led_porte_escalier  met le dimmeur a  0  de couleur  0x6a0000
[Wed May 06 09:42:56.133530 2020] [wsgi:error] [pid 1210:tid 1823462432] on envoie
[Wed May 06 09:42:56.139224 2020] [wsgi:error] [pid 1210:tid 1823462432] finit d'envoyer
[Wed May 06 09:42:56.139379 2020] [wsgi:error] [pid 1210:tid 1823462432] led_haut_billard  met le dimmeur a  0  de couleur  0x3a3a3a
[Wed May 06 09:42:56.228110 2020] [wsgi:error] [pid 1210:tid 1871705120] on envoie
[Wed May 06 09:42:56.244102 2020] [wsgi:error] [pid 1210:tid 1871705120] finit d'envoyer
[Wed May 06 09:42:56.249662 2020] [wsgi:error] [pid 1210:tid 1871705120] led_porte_escalier  met le dimmeur a  0  de couleur  0x700000
[Wed May 06 09:42:56.249877 2020] [wsgi:error] [pid 1210:tid 1823462432] on envoie
[Wed May 06 09:42:56.255620 2020] [wsgi:error] [pid 1210:tid 1823462432] finit d'envoyer
[Wed May 06 09:42:56.255769 2020] [wsgi:error] [pid 1210:tid 1823462432] led_haut_billard  met le dimmeur a  0  de couleur  0x3d3d3d
[Wed May 06 09:42:56.355519 2020] [wsgi:error] [pid 1210:tid 1871705120] on envoie
[Wed May 06 09:42:56.366386 2020] [wsgi:error] [pid 1210:tid 1823462432] on envoie
[Wed May 06 09:42:56.371927 2020] [wsgi:error] [pid 1210:tid 1871705120] finit d'envoyer
[Wed May 06 09:42:56.377344 2020] [wsgi:error] [pid 1210:tid 1871705120] led_porte_escalier  met le dimmeur a  0  de couleur  0x750000
[Wed May 06 09:42:56.377734 2020] [wsgi:error] [pid 1210:tid 1823462432] finit d'envoyer
[Wed May 06 09:42:56.377920 2020] [wsgi:error] [pid 1210:tid 1823462432] led_haut_billard  met le dimmeur a  0  de couleur  0x404040
[Wed May 06 09:42:56.483072 2020] [wsgi:error] [pid 1210:tid 1823462432] on envoie
[Wed May 06 09:42:56.483502 2020] [wsgi:error] [pid 1210:tid 1871705120] on envoie
[Wed May 06 09:42:56.484072 2020] [wsgi:error] [pid 1210:tid 1823462432] finit d'envoyer
[Wed May 06 09:42:56.489659 2020] [wsgi:error] [pid 1210:tid 1871705120] finit d'envoyer
[Wed May 06 09:42:56.495082 2020] [wsgi:error] [pid 1210:tid 1871705120] led_porte_escalier  met le dimmeur a  0  de couleur  0x7a0000
[Wed May 06 09:42:56.495169 2020] [wsgi:error] [pid 1210:tid 1823462432] led_haut_billard  met le dimmeur a  0  de couleur  0x424242
[Wed May 06 09:42:56.600648 2020] [wsgi:error] [pid 1210:tid 1823462432] on envoie
[Wed May 06 09:42:56.600994 2020] [wsgi:error] [pid 1210:tid 1871705120] on envoie
[Wed May 06 09:42:56.601510 2020] [wsgi:error] [pid 1210:tid 1823462432] finit d'envoyer
[Wed May 06 09:42:56.607144 2020] [wsgi:error] [pid 1210:tid 1871705120] finit d'envoyer
[Wed May 06 09:42:56.612585 2020] [wsgi:error] [pid 1210:tid 1871705120] led_porte_escalier  met le dimmeur a  0  de couleur  0x800000
[Wed May 06 09:42:56.612671 2020] [wsgi:error] [pid 1210:tid 1823462432] led_haut_billard  met le dimmeur a  0  de couleur  0x454545
[Wed May 06 09:42:56.718135 2020] [wsgi:error] [pid 1210:tid 1823462432] on envoie
[Wed May 06 09:42:56.718472 2020] [wsgi:error] [pid 1210:tid 1871705120] on envoie
[Wed May 06 09:42:56.719032 2020] [wsgi:error] [pid 1210:tid 1823462432] finit d'envoyer
[Wed May 06 09:42:56.724654 2020] [wsgi:error] [pid 1210:tid 1871705120] finit d'envoyer
[Wed May 06 09:42:56.730092 2020] [wsgi:error] [pid 1210:tid 1871705120] led_porte_escalier  met le dimmeur a  0  de couleur  0x850000
[Wed May 06 09:42:56.730178 2020] [wsgi:error] [pid 1210:tid 1823462432] led_haut_billard  met le dimmeur a  0  de couleur  0x484848
[Wed May 06 09:42:56.835678 2020] [wsgi:error] [pid 1210:tid 1823462432] on envoie
[Wed May 06 09:42:56.836046 2020] [wsgi:error] [pid 1210:tid 1871705120] on envoie
[Wed May 06 09:42:56.836491 2020] [wsgi:error] [pid 1210:tid 1823462432] finit d'envoyer
[Wed May 06 09:42:56.842133 2020] [wsgi:error] [pid 1210:tid 1871705120] finit d'envoyer
[Wed May 06 09:42:56.847555 2020] [wsgi:error] [pid 1210:tid 1871705120] led_porte_escalier  met le dimmeur a  0  de couleur  0x8a0000
[Wed May 06 09:42:56.847643 2020] [wsgi:error] [pid 1210:tid 1823462432] led_haut_billard  met le dimmeur a  0  de couleur  0x4a4a4a
[Wed May 06 09:42:56.953135 2020] [wsgi:error] [pid 1210:tid 1823462432] on envoie
[Wed May 06 09:42:56.953621 2020] [wsgi:error] [pid 1210:tid 1871705120] on envoie
[Wed May 06 09:42:56.969377 2020] [wsgi:error] [pid 1210:tid 1823462432] finit d'envoyer
[Wed May 06 09:42:56.969858 2020] [wsgi:error] [pid 1210:tid 1823462432] led_haut_billard  met le dimmeur a  0  de couleur  0x4d4d4d
[Wed May 06 09:42:56.985578 2020] [wsgi:error] [pid 1210:tid 1871705120] finit d'envoyer
[Wed May 06 09:42:56.990969 2020] [wsgi:error] [pid 1210:tid 1871705120] led_porte_escalier  met le dimmeur a  0  de couleur  0x900000
[Wed May 06 09:42:57.075415 2020] [wsgi:error] [pid 1210:tid 1823462432] on envoie
[Wed May 06 09:42:57.091070 2020] [wsgi:error] [pid 1210:tid 1823462432] finit d'envoyer
[Wed May 06 09:42:57.096294 2020] [wsgi:error] [pid 1210:tid 1823462432] led_haut_billard  met le dimmeur a  0  de couleur  0x505050
[Wed May 06 09:42:57.101645 2020] [wsgi:error] [pid 1210:tid 1871705120] on envoie
[Wed May 06 09:42:57.107331 2020] [wsgi:error] [pid 1210:tid 1871705120] finit d'envoyer
[Wed May 06 09:42:57.112740 2020] [wsgi:error] [pid 1210:tid 1871705120] led_porte_escalier  met le dimmeur a  0  de couleur  0x950000
[Wed May 06 09:42:57.223460 2020] [wsgi:error] [pid 1210:tid 1871705120] on envoie
[Wed May 06 09:42:57.235057 2020] [wsgi:error] [pid 1210:tid 1871705120] finit d'envoyer
[Wed May 06 09:42:57.235403 2020] [wsgi:error] [pid 1210:tid 1871705120] led_porte_escalier  met le dimmeur a  0  de couleur  0x9a0000
[Wed May 06 09:42:57.341029 2020] [wsgi:error] [pid 1210:tid 1871705120] on envoie
[Wed May 06 09:42:57.366100 2020] [wsgi:error] [pid 1210:tid 1871705120] finit d'envoyer
[Wed May 06 09:42:57.366439 2020] [wsgi:error] [pid 1210:tid 1871705120] led_porte_escalier  met le dimmeur a  0  de couleur  0xa00000
[Wed May 06 09:43:42.979820 2020] [wsgi:error] [pid 1210:tid 1931383840] [remote 192.168.1.28:36256] /home/pi/maison/web_app/site_maison.py:19: FlaskWTFDeprecationWarning: "flask_wtf.Form" has been renamed to "FlaskForm" and will be removed in 1.0.
[Wed May 06 09:43:42.980472 2020] [wsgi:error] [pid 1210:tid 1931383840] [remote 192.168.1.28:36256]   form = Formulaire()
[Wed May 06 09:43:42.998429 2020] [wsgi:error] [pid 1210:tid 1931383840] [remote 192.168.1.28:36256] portes_0
[Wed May 06 09:43:43.015259 2020] [wsgi:error] [pid 1210:tid 1861219360] on sleep 0 s
[Wed May 06 09:43:43.030741 2020] [wsgi:error] [pid 1210:tid 1931383840] [remote 192.168.1.28:36256] le scenarioallumer etatTrue
[Wed May 06 09:43:43.030942 2020] [wsgi:error] [pid 1210:tid 1871705120] couleur =  0x505050  couleur voulut =  0x000000
[Wed May 06 09:43:43.037118 2020] [wsgi:error] [pid 1210:tid 1871705120] on essaie de se co a led_haut_bureau
[Wed May 06 09:43:43.037266 2020] [wsgi:error] [pid 1210:tid 1861219360] on sleep 1 s
[Wed May 06 09:43:43.037652 2020] [wsgi:error] [pid 1210:tid 1871705120] led_haut_bureau  met le dimmeur a  0  de couleur  0x505050
[Wed May 06 09:43:43.042878 2020] [wsgi:error] [pid 1210:tid 1931383840] [remote 192.168.1.28:36256] le scenarioallumer etatFalse
[Wed May 06 09:43:43.042997 2020] [wsgi:error] [pid 1210:tid 1931383840] [remote 192.168.1.28:36256] le scenarioeteindre etatFalse
[Wed May 06 09:43:43.048189 2020] [wsgi:error] [pid 1210:tid 1931383840] [remote 192.168.1.28:36256] le scenarioeteindre etatTrue
[Wed May 06 09:43:43.105618 2020] [wsgi:error] [pid 1210:tid 1939776544] [remote 192.168.1.28:36256] /home/pi/maison/web_app/site_maison.py:19: FlaskWTFDeprecationWarning: "flask_wtf.Form" has been renamed to "FlaskForm" and will be removed in 1.0.
[Wed May 06 09:43:43.111269 2020] [wsgi:error] [pid 1210:tid 1939776544] [remote 192.168.1.28:36256]   form = Formulaire()
[Wed May 06 09:43:43.127282 2020] [wsgi:error] [pid 1210:tid 1939776544] [remote 192.168.1.28:36256] mode_0
[Wed May 06 09:43:43.132800 2020] [wsgi:error] [pid 1210:tid 1939776544] [remote 192.168.1.28:36256] bar_0
[Wed May 06 09:43:43.138149 2020] [wsgi:error] [pid 1210:tid 1939776544] [remote 192.168.1.28:36256] bar_1
[Wed May 06 09:43:43.143465 2020] [wsgi:error] [pid 1210:tid 1939776544] [remote 192.168.1.28:36256] bar_2
[Wed May 06 09:43:43.148783 2020] [wsgi:error] [pid 1210:tid 1939776544] [remote 192.168.1.28:36256] bar_3
[Wed May 06 09:43:43.154149 2020] [wsgi:error] [pid 1210:tid 1939776544] [remote 192.168.1.28:36256] bar_4
[Wed May 06 09:43:43.159498 2020] [wsgi:error] [pid 1210:tid 1939776544] [remote 192.168.1.28:36256] bar_5
[Wed May 06 09:43:43.159769 2020] [wsgi:error] [pid 1210:tid 1871705120] on envoie
[Wed May 06 09:43:43.160128 2020] [wsgi:error] [pid 1210:tid 1939776544] [remote 192.168.1.28:36256] bar_6
[Wed May 06 09:43:43.160411 2020] [wsgi:error] [pid 1210:tid 1871705120] finit d'envoyer
[Wed May 06 09:43:43.160483 2020] [wsgi:error] [pid 1210:tid 1939776544] [remote 192.168.1.28:36256] bar_7
[Wed May 06 09:43:43.160530 2020] [wsgi:error] [pid 1210:tid 1939776544] [remote 192.168.1.28:36256] bar_8
[Wed May 06 09:43:43.160689 2020] [wsgi:error] [pid 1210:tid 1871705120] led_haut_bureau  met le dimmeur a  0  de couleur  0x4d4d4d
[Wed May 06 09:43:43.160751 2020] [wsgi:error] [pid 1210:tid 1939776544] [remote 192.168.1.28:36256] bar_9
[Wed May 06 09:43:43.160869 2020] [wsgi:error] [pid 1210:tid 1939776544] [remote 192.168.1.28:36256] escalier_0
[Wed May 06 09:43:43.168419 2020] [wsgi:error] [pid 1210:tid 1939776544] [remote 192.168.1.28:36256] escalier_1
[Wed May 06 09:43:43.173601 2020] [wsgi:error] [pid 1210:tid 1939776544] [remote 192.168.1.28:36256] escalier_2
[Wed May 06 09:43:43.178746 2020] [wsgi:error] [pid 1210:tid 1939776544] [remote 192.168.1.28:36256] escalier_3
[Wed May 06 09:43:43.183930 2020] [wsgi:error] [pid 1210:tid 1939776544] [remote 192.168.1.28:36256] escalier_4
[Wed May 06 09:43:43.189066 2020] [wsgi:error] [pid 1210:tid 1939776544] [remote 192.168.1.28:36256] escalier_5
[Wed May 06 09:43:43.194199 2020] [wsgi:error] [pid 1210:tid 1939776544] [remote 192.168.1.28:36256] escalier_6
[Wed May 06 09:43:43.199344 2020] [wsgi:error] [pid 1210:tid 1939776544] [remote 192.168.1.28:36256] escalier_7
[Wed May 06 09:43:43.204478 2020] [wsgi:error] [pid 1210:tid 1939776544] [remote 192.168.1.28:36256] escalier_8
[Wed May 06 09:43:43.209614 2020] [wsgi:error] [pid 1210:tid 1939776544] [remote 192.168.1.28:36256] escalier_9
[Wed May 06 09:43:43.214745 2020] [wsgi:error] [pid 1210:tid 1939776544] [remote 192.168.1.28:36256] portes_0
[Wed May 06 09:43:43.219884 2020] [wsgi:error] [pid 1210:tid 1939776544] [remote 192.168.1.28:36256] portes_1
[Wed May 06 09:43:43.225014 2020] [wsgi:error] [pid 1210:tid 1939776544] [remote 192.168.1.28:36256] portes_2
[Wed May 06 09:43:43.230148 2020] [wsgi:error] [pid 1210:tid 1939776544] [remote 192.168.1.28:36256] portes_3
[Wed May 06 09:43:43.235273 2020] [wsgi:error] [pid 1210:tid 1939776544] [remote 192.168.1.28:36256] portes_4
[Wed May 06 09:43:43.240405 2020] [wsgi:error] [pid 1210:tid 1939776544] [remote 192.168.1.28:36256] portes_5
[Wed May 06 09:43:43.245526 2020] [wsgi:error] [pid 1210:tid 1939776544] [remote 192.168.1.28:36256] portes_6
[Wed May 06 09:43:43.250655 2020] [wsgi:error] [pid 1210:tid 1939776544] [remote 192.168.1.28:36256] portes_7
[Wed May 06 09:43:43.255774 2020] [wsgi:error] [pid 1210:tid 1939776544] [remote 192.168.1.28:36256] portes_8
[Wed May 06 09:43:43.260899 2020] [wsgi:error] [pid 1210:tid 1939776544] [remote 192.168.1.28:36256] portes_9
[Wed May 06 09:43:43.261191 2020] [wsgi:error] [pid 1210:tid 1871705120] on envoie
[Wed May 06 09:43:43.272130 2020] [wsgi:error] [pid 1210:tid 1871705120] finit d'envoyer
[Wed May 06 09:43:43.272171 2020] [wsgi:error] [pid 1210:tid 1939776544] [remote 192.168.1.28:36256] cuisine_0
[Wed May 06 09:43:43.277350 2020] [wsgi:error] [pid 1210:tid 1939776544] [remote 192.168.1.28:36256] cuisine_1
[Wed May 06 09:43:43.277512 2020] [wsgi:error] [pid 1210:tid 1871705120] led_haut_bureau  met le dimmeur a  0  de couleur  0x4a4a4a
[Wed May 06 09:43:43.282730 2020] [wsgi:error] [pid 1210:tid 1939776544] [remote 192.168.1.28:36256] cuisine_2
[Wed May 06 09:43:43.287853 2020] [wsgi:error] [pid 1210:tid 1939776544] [remote 192.168.1.28:36256] cuisine_3
[Wed May 06 09:43:43.292976 2020] [wsgi:error] [pid 1210:tid 1939776544] [remote 192.168.1.28:36256] cuisine_4
[Wed May 06 09:43:43.298094 2020] [wsgi:error] [pid 1210:tid 1939776544] [remote 192.168.1.28:36256] cuisine_5
[Wed May 06 09:43:43.303245 2020] [wsgi:error] [pid 1210:tid 1939776544] [remote 192.168.1.28:36256] cuisine_6
[Wed May 06 09:43:43.308372 2020] [wsgi:error] [pid 1210:tid 1939776544] [remote 192.168.1.28:36256] cuisine_7
[Wed May 06 09:43:43.313496 2020] [wsgi:error] [pid 1210:tid 1939776544] [remote 192.168.1.28:36256] cuisine_8
[Wed May 06 09:43:43.318620 2020] [wsgi:error] [pid 1210:tid 1939776544] [remote 192.168.1.28:36256] cuisine_9
[Wed May 06 09:43:43.323740 2020] [wsgi:error] [pid 1210:tid 1939776544] [remote 192.168.1.28:36256] billard_0
[Wed May 06 09:43:43.328861 2020] [wsgi:error] [pid 1210:tid 1939776544] [remote 192.168.1.28:36256] billard_1
[Wed May 06 09:43:43.333980 2020] [wsgi:error] [pid 1210:tid 1939776544] [remote 192.168.1.28:36256] billard_2
[Wed May 06 09:43:43.339102 2020] [wsgi:error] [pid 1210:tid 1939776544] [remote 192.168.1.28:36256] billard_3
[Wed May 06 09:43:43.344223 2020] [wsgi:error] [pid 1210:tid 1939776544] [remote 192.168.1.28:36256] billard_4
[Wed May 06 09:43:43.349346 2020] [wsgi:error] [pid 1210:tid 1939776544] [remote 192.168.1.28:36256] billard_5
[Wed May 06 09:43:43.354488 2020] [wsgi:error] [pid 1210:tid 1939776544] [remote 192.168.1.28:36256] billard_6
[Wed May 06 09:43:43.359613 2020] [wsgi:error] [pid 1210:tid 1939776544] [remote 192.168.1.28:36256] billard_7
[Wed May 06 09:43:43.364777 2020] [wsgi:error] [pid 1210:tid 1939776544] [remote 192.168.1.28:36256] billard_8
[Wed May 06 09:43:43.387967 2020] [wsgi:error] [pid 1210:tid 1871705120] on envoie
[Wed May 06 09:43:43.388006 2020] [wsgi:error] [pid 1210:tid 1939776544] [remote 192.168.1.28:36256] billard_9
[Wed May 06 09:43:43.393152 2020] [wsgi:error] [pid 1210:tid 1939776544] [remote 192.168.1.28:36256] salon_0
[Wed May 06 09:43:43.398616 2020] [wsgi:error] [pid 1210:tid 1939776544] [remote 192.168.1.28:36256] salon_1
[Wed May 06 09:43:43.403802 2020] [wsgi:error] [pid 1210:tid 1939776544] [remote 192.168.1.28:36256] salon_2
[Wed May 06 09:43:43.404098 2020] [wsgi:error] [pid 1210:tid 1871705120] finit d'envoyer
[Wed May 06 09:43:43.404132 2020] [wsgi:error] [pid 1210:tid 1939776544] [remote 192.168.1.28:36256] salon_3
[Wed May 06 09:43:43.409286 2020] [wsgi:error] [pid 1210:tid 1939776544] [remote 192.168.1.28:36256] salon_4
[Wed May 06 09:43:43.409437 2020] [wsgi:error] [pid 1210:tid 1871705120] led_haut_bureau  met le dimmeur a  0  de couleur  0x474747
[Wed May 06 09:43:43.414657 2020] [wsgi:error] [pid 1210:tid 1939776544] [remote 192.168.1.28:36256] salon_5
[Wed May 06 09:43:43.419785 2020] [wsgi:error] [pid 1210:tid 1939776544] [remote 192.168.1.28:36256] salon_6
[Wed May 06 09:43:43.424907 2020] [wsgi:error] [pid 1210:tid 1939776544] [remote 192.168.1.28:36256] salon_7
[Wed May 06 09:43:43.430031 2020] [wsgi:error] [pid 1210:tid 1939776544] [remote 192.168.1.28:36256] salon_8
[Wed May 06 09:43:43.450200 2020] [wsgi:error] [pid 1210:tid 1939776544] [remote 192.168.1.28:36256] salon_9
[Wed May 06 09:43:43.456949 2020] [wsgi:error] [pid 1210:tid 1939776544] [remote 192.168.1.28:36256] background-color : white;font-size : 15px;color : black;top : 0px;left : 0px;width : 50px;height : 50px;padding : 0% 0%;border-left : None;border-right : None;border-radius : 0 0 0 0 ;box-shadow : None;font-weight : None;
[Wed May 06 09:43:43.462377 2020] [wsgi:error] [pid 1210:tid 1939776544] [remote 192.168.1.28:36256] iiiiiiiiiiiiiiiiiiiiiiiiiiiiiiiiiiiiiiiiiiiiiiiii
[Wed May 06 09:43:43.467604 2020] [wsgi:error] [pid 1210:tid 1939776544] [remote 192.168.1.28:36256] background-color : red;font-size : 15px;color : red;top : 65px;left : 0px;width : 50px;height : 50px;padding : 0% 0%;border-left : None;border-right : None;border-radius : 0 0 0 0 ;box-shadow : None;font-weight : None;
[Wed May 06 09:43:43.472754 2020] [wsgi:error] [pid 1210:tid 1939776544] [remote 192.168.1.28:36256] background-color : red;font-size : 15px;color : red;top : 65px;left : 0px;width : 50px;height : 50px;padding : 0% 0%;border-left : None;border-right : None;border-radius : 0 0 0 0 ;box-shadow : None;font-weight : None;
[Wed May 06 09:43:43.477983 2020] [wsgi:error] [pid 1210:tid 1939776544] [remote 192.168.1.28:36256] background-color : red;font-size : 15px;color : red;top : 65px;left : 0px;width : 50px;height : 50px;padding : 0% 0%;border-left : None;border-right : None;border-radius : 0 0 0 0 ;box-shadow : None;font-weight : None;
[Wed May 06 09:43:43.484115 2020] [wsgi:error] [pid 1210:tid 1939776544] [remote 192.168.1.28:36256] background-color : red;font-size : 15px;color : white;top : 0px;left : 0px;width : 34px;height : 50px;padding : 0% 0%;border-left : solid;border-right : None;border-radius : 40px 0 0 40px ;box-shadow : None;font-weight : light;background-image : linear-gradient(to left, #007f7f, #0000ff);
[Wed May 06 09:43:43.491847 2020] [wsgi:error] [pid 1210:tid 1939776544] [remote 192.168.1.28:36256] iiiiiiiiiiiiiiiiiiiiiiiiiiiiiiiiiiiiiiiiiiiiiiiii
[Wed May 06 09:43:43.497110 2020] [wsgi:error] [pid 1210:tid 1939776544] [remote 192.168.1.28:36256] background-color : red;font-size : 15px;color : red;top : 65px;left : 0px;width : 50px;height : 50px;padding : 0% 0%;border-left : None;border-right : None;border-radius : 0 0 0 0 ;box-shadow : None;font-weight : None;
[Wed May 06 09:43:43.517313 2020] [wsgi:error] [pid 1210:tid 1939776544] [remote 192.168.1.28:36256] background-color : red;font-size : 15px;color : red;top : 65px;left : 0px;width : 50px;height : 50px;padding : 0% 0%;border-left : None;border-right : None;border-radius : 0 0 0 0 ;box-shadow : None;font-weight : None;
[Wed May 06 09:43:43.517654 2020] [wsgi:error] [pid 1210:tid 1871705120] on envoie
[Wed May 06 09:43:43.522982 2020] [wsgi:error] [pid 1210:tid 1939776544] [remote 192.168.1.28:36256] background-color : red;font-size : 15px;color : red;top : 65px;left : 0px;width : 50px;height : 50px;padding : 0% 0%;border-left : None;border-right : None;border-radius : 0 0 0 0 ;box-shadow : None;font-weight : None;
[Wed May 06 09:43:43.529609 2020] [wsgi:error] [pid 1210:tid 1939776544] [remote 192.168.1.28:36256] background-color : red;font-size : 23px;color : white;top : 0px;left : 0px;width : 51px;height : 50px;padding : 0% 0%;border-left : solid;border-right : None;border-radius : 40px 0 0 40px ;box-shadow : None;font-weight : bolder;background-image : linear-gradient(to left, #0055aa, #0000ff);
[Wed May 06 09:43:43.535375 2020] [wsgi:error] [pid 1210:tid 1939776544] [remote 192.168.1.28:36256] background-color : red;font-size : 15px;color : white;top : 0px;left : -5px;width : 34px;height : 50px;padding : 0% 0%;border-left : None;border-right : solid;border-radius : 0 40px 40px 0 ;box-shadow : None;font-weight : light;background-image : linear-gradient(to left, #00aa55, #0055aa);
[Wed May 06 09:43:43.542714 2020] [wsgi:error] [pid 1210:tid 1939776544] [remote 192.168.1.28:36256] iiiiiiiiiiiiiiiiiiiiiiiiiiiiiiiiiiiiiiiiiiiiiiiii
[Wed May 06 09:43:43.547996 2020] [wsgi:error] [pid 1210:tid 1939776544] [remote 192.168.1.28:36256] background-color : red;font-size : 15px;color : red;top : 0px;left : 0px;width : 50px;height : 50px;padding : 0% 0%;border-left : None;border-right : None;border-radius : 0 0 0 0 ;box-shadow : None;font-weight : None;
[Wed May 06 09:43:43.548239 2020] [wsgi:error] [pid 1210:tid 1871705120] finit d'envoyer
[Wed May 06 09:43:43.553505 2020] [wsgi:error] [pid 1210:tid 1871705120] led_haut_bureau  met le dimmeur a  0  de couleur  0x454545
[Wed May 06 09:43:43.553541 2020] [wsgi:error] [pid 1210:tid 1939776544] [remote 192.168.1.28:36256] background-color : red;font-size : 15px;color : red;top : 0px;left : 0px;width : 50px;height : 50px;padding : 0% 0%;border-left : None;border-right : None;border-radius : 0 0 0 0 ;box-shadow : None;font-weight : None;
[Wed May 06 09:43:43.558797 2020] [wsgi:error] [pid 1210:tid 1939776544] [remote 192.168.1.28:36256] background-color : red;font-size : 15px;color : red;top : 0px;left : 0px;width : 50px;height : 50px;padding : 0% 0%;border-left : None;border-right : None;border-radius : 0 0 0 0 ;box-shadow : None;font-weight : None;
[Wed May 06 09:43:43.565371 2020] [wsgi:error] [pid 1210:tid 1939776544] [remote 192.168.1.28:36256] background-color : red;font-size : 23px;color : white;top : 0px;left : 0px;width : 51px;height : 50px;padding : 0% 0%;border-left : solid;border-right : None;border-radius : 40px 0 0 40px ;box-shadow : None;font-weight : bolder;background-image : linear-gradient(to left, #0055aa, #0000ff);
[Wed May 06 09:43:43.571093 2020] [wsgi:error] [pid 1210:tid 1939776544] [remote 192.168.1.28:36256] background-color : red;font-size : 15px;color : white;top : 0px;left : -5px;width : 34px;height : 50px;padding : 0% 0%;border-left : None;border-right : solid;border-radius : 0 40px 40px 0 ;box-shadow : None;font-weight : light;background-image : linear-gradient(to left, #00aa55, #0055aa);
[Wed May 06 09:43:43.593169 2020] [wsgi:error] [pid 1210:tid 1939776544] [remote 192.168.1.28:36256] iiiiiiiiiiiiiiiiiiiiiiiiiiiiiiiiiiiiiiiiiiiiiiiii
