[Tue Apr 21 17:48:47.353015 2020] [wsgi:error] [pid 24416:tid 1850733600] on envoie {} 0x7e04010001ffff00ef
[Tue Apr 21 17:48:47.369698 2020] [wsgi:error] [pid 24416:tid 1850733600] led_escalier_haut  met le dimmeur a  0  de couleur  0x030000
[Tue Apr 21 17:48:47.492114 2020] [wsgi:error] [pid 24416:tid 1850733600] led_escalier_haut  met le dimmeur a  0  de couleur  0x000000
[Tue Apr 21 17:48:47.783057 2020] [wsgi:error] [pid 24416:tid 1815069728] on eteint projo_44
[Tue Apr 21 17:48:47.788575 2020] [wsgi:error] [pid 24416:tid 1815069728] oooookkkk
[Tue Apr 21 17:48:47.788733 2020] [wsgi:error] [pid 24416:tid 1861219360] on sleep 1 s
[Tue Apr 21 17:48:48.232187 2020] [wsgi:error] [pid 24416:tid 1956201504] [remote 192.168.1.28:44008] /home/pi/maison/web_app/site_maison.py:19: FlaskWTFDeprecationWarning: "flask_wtf.Form" has been renamed to "FlaskForm" and will be removed in 1.0.
[Tue Apr 21 17:48:48.232294 2020] [wsgi:error] [pid 24416:tid 1956201504] [remote 192.168.1.28:44008]   form = Formulaire()
[Tue Apr 21 17:48:48.234262 2020] [wsgi:error] [pid 24416:tid 1956201504] [remote 192.168.1.28:44008] mode
[Tue Apr 21 17:48:48.239468 2020] [wsgi:error] [pid 24416:tid 1956201504] [remote 192.168.1.28:44008] bar.soir\xc3\xa9e_1.off
[Tue Apr 21 17:48:48.244692 2020] [wsgi:error] [pid 24416:tid 1956201504] [remote 192.168.1.28:44008] bar.soir\xc3\xa9e_1.On
[Tue Apr 21 17:48:48.249914 2020] [wsgi:error] [pid 24416:tid 1956201504] [remote 192.168.1.28:44008] bar.normal_1.off
[Tue Apr 21 17:48:48.255104 2020] [wsgi:error] [pid 24416:tid 1956201504] [remote 192.168.1.28:44008] bar.normal_1.On
[Tue Apr 21 17:48:48.260292 2020] [wsgi:error] [pid 24416:tid 1956201504] [remote 192.168.1.28:44008] escalier.normal_1.off
[Tue Apr 21 17:48:48.265501 2020] [wsgi:error] [pid 24416:tid 1956201504] [remote 192.168.1.28:44008] escalier.normal_1.On
[Tue Apr 21 17:48:48.270679 2020] [wsgi:error] [pid 24416:tid 1956201504] [remote 192.168.1.28:44008] cuisine.normal_1.off
[Tue Apr 21 17:48:48.275853 2020] [wsgi:error] [pid 24416:tid 1956201504] [remote 192.168.1.28:44008] cuisine.normal_1.On
[Tue Apr 21 17:48:48.281030 2020] [wsgi:error] [pid 24416:tid 1956201504] [remote 192.168.1.28:44008] billard.soir\xc3\xa9e_1.mrd
[Tue Apr 21 17:48:48.286212 2020] [wsgi:error] [pid 24416:tid 1956201504] [remote 192.168.1.28:44008] billard.normal_1.off
[Tue Apr 21 17:48:48.291399 2020] [wsgi:error] [pid 24416:tid 1956201504] [remote 192.168.1.28:44008] billard.normal_1.On
[Tue Apr 21 17:48:48.296596 2020] [wsgi:error] [pid 24416:tid 1956201504] [remote 192.168.1.28:44008] salon.normal_1.off
[Tue Apr 21 17:48:48.301774 2020] [wsgi:error] [pid 24416:tid 1956201504] [remote 192.168.1.28:44008] salon.normal_1.On
[Tue Apr 21 17:48:48.811000 2020] [wsgi:error] [pid 24416:tid 1815069728] on eteint projo_43
[Tue Apr 21 17:48:48.816341 2020] [wsgi:error] [pid 24416:tid 1815069728] oooookkkk
[Tue Apr 21 17:48:49.423430 2020] [wsgi:error] [pid 24416:tid 1947808800] [remote 192.168.1.28:44008] /home/pi/maison/web_app/site_maison.py:19: FlaskWTFDeprecationWarning: "flask_wtf.Form" has been renamed to "FlaskForm" and will be removed in 1.0.
[Tue Apr 21 17:48:49.428620 2020] [wsgi:error] [pid 24416:tid 1947808800] [remote 192.168.1.28:44008]   form = Formulaire()
[Tue Apr 21 17:48:49.457882 2020] [wsgi:error] [pid 24416:tid 1815069728] on sleep 0 s
[Tue Apr 21 17:48:49.473448 2020] [wsgi:error] [pid 24416:tid 1947808800] [remote 192.168.1.28:44008] le scenarioeteindre_vers_le_bas etatFalse
[Tue Apr 21 17:48:49.473595 2020] [wsgi:error] [pid 24416:tid 1947808800] [remote 192.168.1.28:44008] le scenarioeteindre_vers_le_bas etatTrue
[Tue Apr 21 17:48:49.478755 2020] [wsgi:error] [pid 24416:tid 1947808800] [remote 192.168.1.28:44008] le scenarioallumer_vers_le_haut etatFalse
[Tue Apr 21 17:48:49.478839 2020] [wsgi:error] [pid 24416:tid 1947808800] [remote 192.168.1.28:44008] le scenarioallumer_vers_le_haut etatTrue
[Tue Apr 21 17:48:49.493214 2020] [wsgi:error] [pid 24416:tid 1806677024] on allume projo_43
[Tue Apr 21 17:48:49.499323 2020] [wsgi:error] [pid 24416:tid 1806677024] oooookkkk
[Tue Apr 21 17:48:49.499487 2020] [wsgi:error] [pid 24416:tid 1815069728] on sleep 0 s
[Tue Apr 21 17:48:49.516417 2020] [wsgi:error] [pid 24416:tid 1956201504] [remote 192.168.1.28:44008] /home/pi/maison/web_app/site_maison.py:19: FlaskWTFDeprecationWarning: "flask_wtf.Form" has been renamed to "FlaskForm" and will be removed in 1.0.
[Tue Apr 21 17:48:49.521860 2020] [wsgi:error] [pid 24416:tid 1956201504] [remote 192.168.1.28:44008]   form = Formulaire()
[Tue Apr 21 17:48:49.527514 2020] [wsgi:error] [pid 24416:tid 1798284320] couleur =  0x000000  couleur voulut =  0xff0000
[Tue Apr 21 17:48:49.543420 2020] [wsgi:error] [pid 24416:tid 1815069728] on sleep 0 s
[Tue Apr 21 17:48:49.552547 2020] [wsgi:error] [pid 24416:tid 1956201504] [remote 192.168.1.28:44008] mode
[Tue Apr 21 17:48:49.558001 2020] [wsgi:error] [pid 24416:tid 1956201504] [remote 192.168.1.28:44008] bar.soir\xc3\xa9e_1.off
[Tue Apr 21 17:48:49.568503 2020] [wsgi:error] [pid 24416:tid 1956201504] [remote 192.168.1.28:44008] bar.soir\xc3\xa9e_1.On
[Tue Apr 21 17:48:49.568868 2020] [wsgi:error] [pid 24416:tid 1806677024] couleur =  0x000000  couleur voulut =  0xff0000
[Tue Apr 21 17:48:49.584570 2020] [wsgi:error] [pid 24416:tid 1956201504] [remote 192.168.1.28:44008] bar.normal_1.off
[Tue Apr 21 17:48:49.584727 2020] [wsgi:error] [pid 24416:tid 1815069728] on sleep 1 s
[Tue Apr 21 17:48:49.589991 2020] [wsgi:error] [pid 24416:tid 1956201504] [remote 192.168.1.28:44008] bar.normal_1.On
[Tue Apr 21 17:48:49.595311 2020] [wsgi:error] [pid 24416:tid 1956201504] [remote 192.168.1.28:44008] escalier.normal_1.off
[Tue Apr 21 17:48:49.600605 2020] [wsgi:error] [pid 24416:tid 1956201504] [remote 192.168.1.28:44008] escalier.normal_1.On
[Tue Apr 21 17:48:49.605897 2020] [wsgi:error] [pid 24416:tid 1956201504] [remote 192.168.1.28:44008] cuisine.normal_1.off
[Tue Apr 21 17:48:49.611186 2020] [wsgi:error] [pid 24416:tid 1956201504] [remote 192.168.1.28:44008] cuisine.normal_1.On
[Tue Apr 21 17:48:49.616479 2020] [wsgi:error] [pid 24416:tid 1956201504] [remote 192.168.1.28:44008] billard.soir\xc3\xa9e_1.mrd
[Tue Apr 21 17:48:49.621765 2020] [wsgi:error] [pid 24416:tid 1956201504] [remote 192.168.1.28:44008] billard.normal_1.off
[Tue Apr 21 17:48:49.627075 2020] [wsgi:error] [pid 24416:tid 1956201504] [remote 192.168.1.28:44008] billard.normal_1.On
[Tue Apr 21 17:48:49.632365 2020] [wsgi:error] [pid 24416:tid 1956201504] [remote 192.168.1.28:44008] salon.normal_1.off
[Tue Apr 21 17:48:49.637709 2020] [wsgi:error] [pid 24416:tid 1956201504] [remote 192.168.1.28:44008] salon.normal_1.On
[Tue Apr 21 17:48:50.602185 2020] [wsgi:error] [pid 24416:tid 1789891616] on allume projo_44
[Tue Apr 21 17:48:50.609149 2020] [wsgi:error] [pid 24416:tid 1789891616] oooookkkk
[Tue Apr 21 17:48:50.609306 2020] [wsgi:error] [pid 24416:tid 1815069728] on sleep 1 s
[Tue Apr 21 17:48:50.755989 2020] [wsgi:error] [pid 24416:tid 1831855136] on essaie de se co a led_escalier_bas
[Tue Apr 21 17:48:51.052620 2020] [wsgi:error] [pid 24416:tid 1823462432] on essaie de se co a led_escalier_haut
[Tue Apr 21 17:48:51.546531 2020] [wsgi:error] [pid 24416:tid 1831855136] on envoie {} 0x7e04010501ffff00ef
[Tue Apr 21 17:48:51.552514 2020] [wsgi:error] [pid 24416:tid 1831855136] led_escalier_bas  met le dimmeur a  2  de couleur  0x0a0000
[Tue Apr 21 17:48:51.621360 2020] [wsgi:error] [pid 24416:tid 1871705120] on allume projo_45
[Tue Apr 21 17:48:51.628591 2020] [wsgi:error] [pid 24416:tid 1871705120] oooookkkk
[Tue Apr 21 17:48:51.703730 2020] [wsgi:error] [pid 24416:tid 1831855136] on envoie {} 0x7e04010201ffff00ef
[Tue Apr 21 17:48:51.714829 2020] [wsgi:error] [pid 24416:tid 1831855136] led_escalier_bas  met le dimmeur a  1  de couleur  0x090000
[Tue Apr 21 17:48:51.825866 2020] [wsgi:error] [pid 24416:tid 1831855136] led_escalier_bas  met le dimmeur a  1  de couleur  0x090000
[Tue Apr 21 17:48:51.936833 2020] [wsgi:error] [pid 24416:tid 1831855136] led_escalier_bas  met le dimmeur a  1  de couleur  0x090000
[Tue Apr 21 17:48:52.047864 2020] [wsgi:error] [pid 24416:tid 1831855136] led_escalier_bas  met le dimmeur a  1  de couleur  0x090000
[Tue Apr 21 17:48:52.069942 2020] [wsgi:error] [pid 24416:tid 1823462432] on envoie {} 0x7e04010701ffff00ef
[Tue Apr 21 17:48:52.081046 2020] [wsgi:error] [pid 24416:tid 1823462432] led_escalier_haut  met le dimmeur a  3  de couleur  0x120000
[Tue Apr 21 17:48:52.158864 2020] [wsgi:error] [pid 24416:tid 1831855136] led_escalier_bas  met le dimmeur a  1  de couleur  0x090000
[Tue Apr 21 17:48:52.202742 2020] [wsgi:error] [pid 24416:tid 1823462432] on envoie {} 0x7e04010501ffff00ef
[Tue Apr 21 17:48:52.213831 2020] [wsgi:error] [pid 24416:tid 1823462432] led_escalier_haut  met le dimmeur a  2  de couleur  0x110000
[Tue Apr 21 17:48:52.280585 2020] [wsgi:error] [pid 24416:tid 1831855136] led_escalier_bas  met le dimmeur a  1  de couleur  0x080000
[Tue Apr 21 17:48:52.324760 2020] [wsgi:error] [pid 24416:tid 1823462432] led_escalier_haut  met le dimmeur a  2  de couleur  0x110000
[Tue Apr 21 17:48:52.391476 2020] [wsgi:error] [pid 24416:tid 1831855136] led_escalier_bas  met le dimmeur a  1  de couleur  0x080000
[Tue Apr 21 17:48:52.446452 2020] [wsgi:error] [pid 24416:tid 1823462432] led_escalier_haut  met le dimmeur a  2  de couleur  0x100000
[Tue Apr 21 17:48:52.502412 2020] [wsgi:error] [pid 24416:tid 1831855136] led_escalier_bas  met le dimmeur a  1  de couleur  0x080000
[Tue Apr 21 17:48:52.548616 2020] [wsgi:error] [pid 24416:tid 1882190880] data = 00000000
[Tue Apr 21 17:48:52.554474 2020] [wsgi:error] [pid 24416:tid 1823462432] led_escalier_haut  met le dimmeur a  2  de couleur  0x100000
[Tue Apr 21 17:48:52.560669 2020] [wsgi:error] [pid 24416:tid 1882190880] data = 00000000
[Tue Apr 21 17:48:52.577763 2020] [wsgi:error] [pid 24416:tid 1882190880] data = 10000000
[Tue Apr 21 17:48:52.583097 2020] [wsgi:error] [pid 24416:tid 1882190880] 1
[Tue Apr 21 17:48:52.588423 2020] [wsgi:error] [pid 24416:tid 1882190880] [1, 2]
[Tue Apr 21 17:48:52.593754 2020] [wsgi:error] [pid 24416:tid 1882190880] on press le bouton bas_escalier_\xc3\xa9tage
[Tue Apr 21 17:48:52.599291 2020] [wsgi:error] [pid 24416:tid 1882190880] allumer_vers_le_haut==True
[Tue Apr 21 17:48:52.604738 2020] [wsgi:error] [pid 24416:tid 1882190880] True
[Tue Apr 21 17:48:52.610186 2020] [wsgi:error] [pid 24416:tid 1882190880] eteindre_vers_le_bas==False
[Tue Apr 21 17:48:52.610633 2020] [wsgi:error] [pid 24416:tid 1831855136] led_escalier_bas  met le dimmeur a  1  de couleur  0x080000
[Tue Apr 21 17:48:52.616026 2020] [wsgi:error] [pid 24416:tid 1882190880] True
[Tue Apr 21 17:48:52.633483 2020] [wsgi:error] [pid 24416:tid 1871705120] on sleep 0 s
[Tue Apr 21 17:48:52.649195 2020] [wsgi:error] [pid 24416:tid 1882190880] le scenarioallumer_vers_le_haut etatTrue
[Tue Apr 21 17:48:52.649547 2020] [wsgi:error] [pid 24416:tid 1850733600] couleur =  0x100000  couleur voulut =  0x000000
[Tue Apr 21 17:48:52.665371 2020] [wsgi:error] [pid 24416:tid 1823462432] led_escalier_haut  met le dimmeur a  2  de couleur  0x100000
[Tue Apr 21 17:48:52.670778 2020] [wsgi:error] [pid 24416:tid 1882190880] le scenarioallumer_vers_le_haut etatFalse
[Tue Apr 21 17:48:52.670932 2020] [wsgi:error] [pid 24416:tid 1871705120] on sleep 0 s
[Tue Apr 21 17:48:52.686444 2020] [wsgi:error] [pid 24416:tid 1882190880] le scenarioeteindre_vers_le_bas etatTrue
[Tue Apr 21 17:48:52.687065 2020] [wsgi:error] [pid 24416:tid 1882190880] le scenarioeteindre_vers_le_bas etatFalse
[Tue Apr 21 17:48:52.692879 2020] [wsgi:error] [pid 24416:tid 1840247840] couleur =  0x080000  couleur voulut =  0x000000
[Tue Apr 21 17:48:52.700791 2020] [wsgi:error] [pid 24416:tid 1871705120] on sleep 0 s
[Tue Apr 21 17:48:52.712101 2020] [wsgi:error] [pid 24416:tid 1789891616] on eteint projo_45
[Tue Apr 21 17:48:52.719051 2020] [wsgi:error] [pid 24416:tid 1871705120] on sleep 1 s
[Tue Apr 21 17:48:52.719266 2020] [wsgi:error] [pid 24416:tid 1789891616] oooookkkk
[Tue Apr 21 17:48:52.724826 2020] [wsgi:error] [pid 24416:tid 1831855136] led_escalier_bas  met le dimmeur a  1  de couleur  0x080000
[Tue Apr 21 17:48:52.805663 2020] [wsgi:error] [pid 24416:tid 1823462432] led_escalier_haut  met le dimmeur a  2  de couleur  0x0f0000
[Tue Apr 21 17:48:52.846598 2020] [wsgi:error] [pid 24416:tid 1831855136] led_escalier_bas  met le dimmeur a  1  de couleur  0x070000
[Tue Apr 21 17:48:52.940803 2020] [wsgi:error] [pid 24416:tid 1823462432] led_escalier_haut  met le dimmeur a  2  de couleur  0x0f0000
[Tue Apr 21 17:48:52.957493 2020] [wsgi:error] [pid 24416:tid 1831855136] led_escalier_bas  met le dimmeur a  1  de couleur  0x070000
[Tue Apr 21 17:48:53.051662 2020] [wsgi:error] [pid 24416:tid 1823462432] led_escalier_haut  met le dimmeur a  2  de couleur  0x0f0000
[Tue Apr 21 17:48:53.068305 2020] [wsgi:error] [pid 24416:tid 1831855136] led_escalier_bas  met le dimmeur a  1  de couleur  0x070000
[Tue Apr 21 17:48:53.173312 2020] [wsgi:error] [pid 24416:tid 1823462432] led_escalier_haut  met le dimmeur a  2  de couleur  0x0e0000
[Tue Apr 21 17:48:53.179012 2020] [wsgi:error] [pid 24416:tid 1831855136] led_escalier_bas  met le dimmeur a  1  de couleur  0x070000
[Tue Apr 21 17:48:53.284210 2020] [wsgi:error] [pid 24416:tid 1823462432] led_escalier_haut  met le dimmeur a  2  de couleur  0x0e0000
[Tue Apr 21 17:48:53.289850 2020] [wsgi:error] [pid 24416:tid 1831855136] led_escalier_bas  met le dimmeur a  1  de couleur  0x070000
[Tue Apr 21 17:48:53.395109 2020] [wsgi:error] [pid 24416:tid 1823462432] led_escalier_haut  met le dimmeur a  2  de couleur  0x0e0000
[Tue Apr 21 17:48:53.416619 2020] [wsgi:error] [pid 24416:tid 1831855136] led_escalier_bas  met le dimmeur a  1  de couleur  0x060000
[Tue Apr 21 17:48:53.527203 2020] [wsgi:error] [pid 24416:tid 1823462432] led_escalier_haut  met le dimmeur a  2  de couleur  0x0d0000
[Tue Apr 21 17:48:53.532681 2020] [wsgi:error] [pid 24416:tid 1831855136] led_escalier_bas  met le dimmeur a  1  de couleur  0x060000
[Tue Apr 21 17:48:53.638047 2020] [wsgi:error] [pid 24416:tid 1823462432] led_escalier_haut  met le dimmeur a  2  de couleur  0x0d0000
[Tue Apr 21 17:48:53.643730 2020] [wsgi:error] [pid 24416:tid 1831855136] led_escalier_bas  met le dimmeur a  1  de couleur  0x060000
[Tue Apr 21 17:48:53.731556 2020] [wsgi:error] [pid 24416:tid 1789891616] on eteint projo_44
[Tue Apr 21 17:48:53.738514 2020] [wsgi:error] [pid 24416:tid 1871705120] on sleep 1 s
[Tue Apr 21 17:48:53.738640 2020] [wsgi:error] [pid 24416:tid 1789891616] oooookkkk
[Tue Apr 21 17:48:53.749950 2020] [wsgi:error] [pid 24416:tid 1831855136] led_escalier_bas  met le dimmeur a  1  de couleur  0x060000
[Tue Apr 21 17:48:53.761007 2020] [wsgi:error] [pid 24416:tid 1823462432] led_escalier_haut  met le dimmeur a  2  de couleur  0x0c0000
[Tue Apr 21 17:48:53.855828 2020] [wsgi:error] [pid 24416:tid 1831855136] led_escalier_bas  met le dimmeur a  1  de couleur  0x060000
[Tue Apr 21 17:48:53.871902 2020] [wsgi:error] [pid 24416:tid 1823462432] led_escalier_haut  met le dimmeur a  2  de couleur  0x0c0000
[Tue Apr 21 17:48:53.977531 2020] [wsgi:error] [pid 24416:tid 1831855136] led_escalier_bas  met le dimmeur a  1  de couleur  0x050000
[Tue Apr 21 17:48:53.983351 2020] [wsgi:error] [pid 24416:tid 1823462432] led_escalier_haut  met le dimmeur a  2  de couleur  0x0c0000
[Tue Apr 21 17:48:54.088513 2020] [wsgi:error] [pid 24416:tid 1831855136] led_escalier_bas  met le dimmeur a  1  de couleur  0x050000
[Tue Apr 21 17:48:54.115199 2020] [wsgi:error] [pid 24416:tid 1823462432] on envoie {} 0x7e04010201ffff00ef
[Tue Apr 21 17:48:54.126302 2020] [wsgi:error] [pid 24416:tid 1823462432] led_escalier_haut  met le dimmeur a  1  de couleur  0x0b0000
[Tue Apr 21 17:48:54.199584 2020] [wsgi:error] [pid 24416:tid 1831855136] led_escalier_bas  met le dimmeur a  1  de couleur  0x050000
[Tue Apr 21 17:48:54.257399 2020] [wsgi:error] [pid 24416:tid 1823462432] led_escalier_haut  met le dimmeur a  1  de couleur  0x0b0000
[Tue Apr 21 17:48:54.310492 2020] [wsgi:error] [pid 24416:tid 1831855136] led_escalier_bas  met le dimmeur a  1  de couleur  0x050000
[Tue Apr 21 17:48:54.368250 2020] [wsgi:error] [pid 24416:tid 1823462432] led_escalier_haut  met le dimmeur a  1  de couleur  0x0b0000
[Tue Apr 21 17:48:54.421365 2020] [wsgi:error] [pid 24416:tid 1831855136] on envoie {} 0x7e04010001ffff00ef
[Tue Apr 21 17:48:54.437737 2020] [wsgi:error] [pid 24416:tid 1831855136] led_escalier_bas  met le dimmeur a  0  de couleur  0x050000
[Tue Apr 21 17:48:54.489931 2020] [wsgi:error] [pid 24416:tid 1823462432] led_escalier_haut  met le dimmeur a  1  de couleur  0x0a0000
[Tue Apr 21 17:48:54.559484 2020] [wsgi:error] [pid 24416:tid 1831855136] led_escalier_bas  met le dimmeur a  0  de couleur  0x040000
[Tue Apr 21 17:48:54.600872 2020] [wsgi:error] [pid 24416:tid 1823462432] led_escalier_haut  met le dimmeur a  1  de couleur  0x0a0000
[Tue Apr 21 17:48:54.670369 2020] [wsgi:error] [pid 24416:tid 1831855136] led_escalier_bas  met le dimmeur a  0  de couleur  0x040000
[Tue Apr 21 17:48:54.705825 2020] [wsgi:error] [pid 24416:tid 1882190880] data = 00000000
[Tue Apr 21 17:48:54.711840 2020] [wsgi:error] [pid 24416:tid 1823462432] led_escalier_haut  met le dimmeur a  1  de couleur  0x0a0000
[Tue Apr 21 17:48:54.756099 2020] [wsgi:error] [pid 24416:tid 1789891616] on eteint projo_43
[Tue Apr 21 17:48:54.763074 2020] [wsgi:error] [pid 24416:tid 1789891616] oooookkkk
[Tue Apr 21 17:48:54.781283 2020] [wsgi:error] [pid 24416:tid 1831855136] led_escalier_bas  met le dimmeur a  0  de couleur  0x040000
[Tue Apr 21 17:48:54.833593 2020] [wsgi:error] [pid 24416:tid 1823462432] led_escalier_haut  met le dimmeur a  1  de couleur  0x090000
[Tue Apr 21 17:48:54.892208 2020] [wsgi:error] [pid 24416:tid 1831855136] led_escalier_bas  met le dimmeur a  0  de couleur  0x040000
[Tue Apr 21 17:48:54.944590 2020] [wsgi:error] [pid 24416:tid 1823462432] led_escalier_haut  met le dimmeur a  1  de couleur  0x090000
[Tue Apr 21 17:48:55.003065 2020] [wsgi:error] [pid 24416:tid 1831855136] led_escalier_bas  met le dimmeur a  0  de couleur  0x040000
[Tue Apr 21 17:48:55.055458 2020] [wsgi:error] [pid 24416:tid 1823462432] led_escalier_haut  met le dimmeur a  1  de couleur  0x090000
[Tue Apr 21 17:48:55.124714 2020] [wsgi:error] [pid 24416:tid 1831855136] led_escalier_bas  met le dimmeur a  0  de couleur  0x030000
[Tue Apr 21 17:48:55.177096 2020] [wsgi:error] [pid 24416:tid 1823462432] led_escalier_haut  met le dimmeur a  1  de couleur  0x080000
[Tue Apr 21 17:48:55.212845 2020] [wsgi:error] [pid 24416:tid 1947808800] [remote 192.168.1.28:44010] /home/pi/maison/web_app/site_maison.py:19: FlaskWTFDeprecationWarning: "flask_wtf.Form" has been renamed to "FlaskForm" and will be removed in 1.0.
[Tue Apr 21 17:48:55.218105 2020] [wsgi:error] [pid 24416:tid 1947808800] [remote 192.168.1.28:44010]   form = Formulaire()
[Tue Apr 21 17:48:55.227282 2020] [wsgi:error] [pid 24416:tid 1947808800] [remote 192.168.1.28:44010] mode
[Tue Apr 21 17:48:55.232603 2020] [wsgi:error] [pid 24416:tid 1947808800] [remote 192.168.1.28:44010] bar.soir\xc3\xa9e_1.off
[Tue Apr 21 17:48:55.233072 2020] [wsgi:error] [pid 24416:tid 1831855136] led_escalier_bas  met le dimmeur a  0  de couleur  0x030000
[Tue Apr 21 17:48:55.238381 2020] [wsgi:error] [pid 24416:tid 1947808800] [remote 192.168.1.28:44010] bar.soir\xc3\xa9e_1.On
[Tue Apr 21 17:48:55.243589 2020] [wsgi:error] [pid 24416:tid 1947808800] [remote 192.168.1.28:44010] bar.normal_1.off
[Tue Apr 21 17:48:55.248775 2020] [wsgi:error] [pid 24416:tid 1947808800] [remote 192.168.1.28:44010] bar.normal_1.On
[Tue Apr 21 17:48:55.254044 2020] [wsgi:error] [pid 24416:tid 1947808800] [remote 192.168.1.28:44010] escalier.normal_1.off
[Tue Apr 21 17:48:55.259228 2020] [wsgi:error] [pid 24416:tid 1947808800] [remote 192.168.1.28:44010] escalier.normal_1.On
[Tue Apr 21 17:48:55.264430 2020] [wsgi:error] [pid 24416:tid 1947808800] [remote 192.168.1.28:44010] cuisine.normal_1.off
[Tue Apr 21 17:48:55.269571 2020] [wsgi:error] [pid 24416:tid 1947808800] [remote 192.168.1.28:44010] cuisine.normal_1.On
[Tue Apr 21 17:48:55.274692 2020] [wsgi:error] [pid 24416:tid 1947808800] [remote 192.168.1.28:44010] billard.soir\xc3\xa9e_1.mrd
[Tue Apr 21 17:48:55.279809 2020] [wsgi:error] [pid 24416:tid 1947808800] [remote 192.168.1.28:44010] billard.normal_1.off
[Tue Apr 21 17:48:55.284937 2020] [wsgi:error] [pid 24416:tid 1947808800] [remote 192.168.1.28:44010] billard.normal_1.On
[Tue Apr 21 17:48:55.285008 2020] [wsgi:error] [pid 24416:tid 1947808800] [remote 192.168.1.28:44010] salon.normal_1.off
[Tue Apr 21 17:48:55.290348 2020] [wsgi:error] [pid 24416:tid 1823462432] led_escalier_haut  met le dimmeur a  1  de couleur  0x080000
[Tue Apr 21 17:48:55.295546 2020] [wsgi:error] [pid 24416:tid 1947808800] [remote 192.168.1.28:44010] salon.normal_1.On
[Tue Apr 21 17:48:55.343808 2020] [wsgi:error] [pid 24416:tid 1831855136] led_escalier_bas  met le dimmeur a  0  de couleur  0x030000
[Tue Apr 21 17:48:55.411496 2020] [wsgi:error] [pid 24416:tid 1823462432] led_escalier_haut  met le dimmeur a  1  de couleur  0x070000
[Tue Apr 21 17:48:55.454456 2020] [wsgi:error] [pid 24416:tid 1831855136] led_escalier_bas  met le dimmeur a  0  de couleur  0x030000
[Tue Apr 21 17:48:55.539627 2020] [wsgi:error] [pid 24416:tid 1823462432] led_escalier_haut  met le dimmeur a  1  de couleur  0x070000
[Tue Apr 21 17:48:55.564962 2020] [wsgi:error] [pid 24416:tid 1831855136] led_escalier_bas  met le dimmeur a  0  de couleur  0x030000
[Tue Apr 21 17:48:55.670424 2020] [wsgi:error] [pid 24416:tid 1823462432] led_escalier_haut  met le dimmeur a  1  de couleur  0x070000
[Tue Apr 21 17:48:55.686938 2020] [wsgi:error] [pid 24416:tid 1831855136] led_escalier_bas  met le dimmeur a  0  de couleur  0x020000
[Tue Apr 21 17:48:55.792206 2020] [wsgi:error] [pid 24416:tid 1823462432] led_escalier_haut  met le dimmeur a  1  de couleur  0x060000
[Tue Apr 21 17:48:55.798117 2020] [wsgi:error] [pid 24416:tid 1831855136] led_escalier_bas  met le dimmeur a  0  de couleur  0x020000
[Tue Apr 21 17:48:55.903173 2020] [wsgi:error] [pid 24416:tid 1823462432] led_escalier_haut  met le dimmeur a  1  de couleur  0x060000
[Tue Apr 21 17:48:55.908820 2020] [wsgi:error] [pid 24416:tid 1831855136] led_escalier_bas  met le dimmeur a  0  de couleur  0x020000
[Tue Apr 21 17:48:56.014020 2020] [wsgi:error] [pid 24416:tid 1823462432] led_escalier_haut  met le dimmeur a  1  de couleur  0x060000
[Tue Apr 21 17:48:56.019668 2020] [wsgi:error] [pid 24416:tid 1831855136] led_escalier_bas  met le dimmeur a  0  de couleur  0x020000
[Tue Apr 21 17:48:56.091065 2020] [wsgi:error] [pid 24416:tid 1956201504] [remote 192.168.1.28:44010] /home/pi/maison/web_app/site_maison.py:19: FlaskWTFDeprecationWarning: "flask_wtf.Form" has been renamed to "FlaskForm" and will be removed in 1.0.
[Tue Apr 21 17:48:56.096344 2020] [wsgi:error] [pid 24416:tid 1956201504] [remote 192.168.1.28:44010]   form = Formulaire()
[Tue Apr 21 17:48:56.116891 2020] [wsgi:error] [pid 24416:tid 1956201504] [remote 192.168.1.28:44010] soir\xc3\xa9e
[Tue Apr 21 17:48:56.122423 2020] [wsgi:error] [pid 24416:tid 1956201504] [remote 192.168.1.28:44010] le scenarioeteindre etatTrue
[Tue Apr 21 17:48:56.123136 2020] [wsgi:error] [pid 24416:tid 1956201504] [remote 192.168.1.28:44010] le scenarioeteindre etatFalse
[Tue Apr 21 17:48:56.123675 2020] [wsgi:error] [pid 24416:tid 1823462432] on envoie {} 0x7e04010001ffff00ef
[Tue Apr 21 17:48:56.123766 2020] [wsgi:error] [pid 24416:tid 1956201504] [remote 192.168.1.28:44010] le scenarioeteindre etatFalse
[Tue Apr 21 17:48:56.124119 2020] [wsgi:error] [pid 24416:tid 1956201504] [remote 192.168.1.28:44010] le scenarioeteindre etatTrue
[Tue Apr 21 17:48:56.124612 2020] [wsgi:error] [pid 24416:tid 1823462432] led_escalier_haut  met le dimmeur a  0  de couleur  0x050000
[Tue Apr 21 17:48:56.124768 2020] [wsgi:error] [pid 24416:tid 1956201504] [remote 192.168.1.28:44010] Preset normal_1
[Tue Apr 21 17:48:56.130586 2020] [wsgi:error] [pid 24416:tid 1831855136] led_escalier_bas  met le dimmeur a  0  de couleur  0x020000
[Tue Apr 21 17:48:56.130680 2020] [wsgi:error] [pid 24416:tid 1956201504] [remote 192.168.1.28:44010] eteindre
[Tue Apr 21 17:48:56.130946 2020] [wsgi:error] [pid 24416:tid 1956201504] [remote 192.168.1.28:44010] projo =  poutre  | dimmeur =  0  | duree =  3
[Tue Apr 21 17:48:56.136152 2020] [wsgi:error] [pid 24416:tid 1956201504] [remote 192.168.1.28:44010] allumer
[Tue Apr 21 17:48:56.141466 2020] [wsgi:error] [pid 24416:tid 1956201504] [remote 192.168.1.28:44010] projo =  poutre  | dimmeur =  70  | duree =  3
[Tue Apr 21 17:48:56.146682 2020] [wsgi:error] [pid 24416:tid 1956201504] [remote 192.168.1.28:44010] d\xc3\xa9co1
[Tue Apr 21 17:48:56.151917 2020] [wsgi:error] [pid 24416:tid 1956201504] [remote 192.168.1.28:44010] soir\xc3\xa9e
[Tue Apr 21 17:48:56.157283 2020] [wsgi:error] [pid 24416:tid 1956201504] [remote 192.168.1.28:44010] Preset soir_1
[Tue Apr 21 17:48:56.162512 2020] [wsgi:error] [pid 24416:tid 1956201504] [remote 192.168.1.28:44010] eteindre_vers_le_bas
[Tue Apr 21 17:48:56.167910 2020] [wsgi:error] [pid 24416:tid 1956201504] [remote 192.168.1.28:44010] led =  led_escalier_haut  | dimmeur =  0  | duree =  5  | couleur =  0x000000
[Tue Apr 21 17:48:56.173283 2020] [wsgi:error] [pid 24416:tid 1956201504] [remote 192.168.1.28:44010] led =  led_escalier_bas  | dimmeur =  0  | duree =  5  | couleur =  0x000000
[Tue Apr 21 17:48:56.178589 2020] [wsgi:error] [pid 24416:tid 1956201504] [remote 192.168.1.28:44010] projo =  projo_45  | dimmeur =  0  | duree =  0
[Tue Apr 21 17:48:56.183899 2020] [wsgi:error] [pid 24416:tid 1956201504] [remote 192.168.1.28:44010] projo =  projo_44  | dimmeur =  0  | duree =  0
[Tue Apr 21 17:48:56.189192 2020] [wsgi:error] [pid 24416:tid 1956201504] [remote 192.168.1.28:44010] projo =  projo_43  | dimmeur =  0  | duree =  0
[Tue Apr 21 17:48:56.194396 2020] [wsgi:error] [pid 24416:tid 1956201504] [remote 192.168.1.28:44010] eteindre_vers_le_haut
[Tue Apr 21 17:48:56.199765 2020] [wsgi:error] [pid 24416:tid 1956201504] [remote 192.168.1.28:44010] led =  led_escalier_haut  | dimmeur =  0  | duree =  5  | couleur =  0x000000
[Tue Apr 21 17:48:56.205134 2020] [wsgi:error] [pid 24416:tid 1956201504] [remote 192.168.1.28:44010] led =  led_escalier_bas  | dimmeur =  0  | duree =  5  | couleur =  0x000000
[Tue Apr 21 17:48:56.210433 2020] [wsgi:error] [pid 24416:tid 1956201504] [remote 192.168.1.28:44010] projo =  projo_43  | dimmeur =  0  | duree =  0
[Tue Apr 21 17:48:56.215741 2020] [wsgi:error] [pid 24416:tid 1956201504] [remote 192.168.1.28:44010] projo =  projo_44  | dimmeur =  0  | duree =  0
[Tue Apr 21 17:48:56.221040 2020] [wsgi:error] [pid 24416:tid 1956201504] [remote 192.168.1.28:44010] projo =  projo_45  | dimmeur =  0  | duree =  0
[Tue Apr 21 17:48:56.226319 2020] [wsgi:error] [pid 24416:tid 1956201504] [remote 192.168.1.28:44010] allumer_vers_le_bas
[Tue Apr 21 17:48:56.226764 2020] [wsgi:error] [pid 24416:tid 1823462432] led_escalier_haut  met le dimmeur a  0  de couleur  0x050000
[Tue Apr 21 17:48:56.227056 2020] [wsgi:error] [pid 24416:tid 1956201504] [remote 192.168.1.28:44010] projo =  projo_45  | dimmeur =  100  | duree =  0
[Tue Apr 21 17:48:56.232413 2020] [wsgi:error] [pid 24416:tid 1956201504] [remote 192.168.1.28:44010] projo =  projo_44  | dimmeur =  100  | duree =  0
[Tue Apr 21 17:48:56.233198 2020] [wsgi:error] [pid 24416:tid 1956201504] [remote 192.168.1.28:44010] projo =  projo_43  | dimmeur =  100  | duree =  0
[Tue Apr 21 17:48:56.233511 2020] [wsgi:error] [pid 24416:tid 1956201504] [remote 192.168.1.28:44010] led =  led_escalier_haut  | dimmeur =  10  | duree =  5  | couleur =  0x0f0f00
[Tue Apr 21 17:48:56.238996 2020] [wsgi:error] [pid 24416:tid 1956201504] [remote 192.168.1.28:44010] led =  led_escalier_bas  | dimmeur =  20  | duree =  5  | couleur =  0x0f0f00
[Tue Apr 21 17:48:56.239565 2020] [wsgi:error] [pid 24416:tid 1831855136] led_escalier_bas  met le dimmeur a  0  de couleur  0x010000
[Tue Apr 21 17:48:56.239658 2020] [wsgi:error] [pid 24416:tid 1956201504] [remote 192.168.1.28:44010] allumer_vers_le_haut
[Tue Apr 21 17:48:56.250089 2020] [wsgi:error] [pid 24416:tid 1956201504] [remote 192.168.1.28:44010] projo =  projo_43  | dimmeur =  100  | duree =  0
[Tue Apr 21 17:48:56.255669 2020] [wsgi:error] [pid 24416:tid 1956201504] [remote 192.168.1.28:44010] projo =  projo_44  | dimmeur =  100  | duree =  0
[Tue Apr 21 17:48:56.261218 2020] [wsgi:error] [pid 24416:tid 1956201504] [remote 192.168.1.28:44010] projo =  projo_45  | dimmeur =  100  | duree =  0
[Tue Apr 21 17:48:56.266835 2020] [wsgi:error] [pid 24416:tid 1956201504] [remote 192.168.1.28:44010] led =  led_escalier_haut  | dimmeur =  10  | duree =  5  | couleur =  0xf0000f
[Tue Apr 21 17:48:56.272432 2020] [wsgi:error] [pid 24416:tid 1956201504] [remote 192.168.1.28:44010] led =  led_escalier_bas  | dimmeur =  20  | duree =  5  | couleur =  0xf0000f
[Tue Apr 21 17:48:56.277885 2020] [wsgi:error] [pid 24416:tid 1956201504] [remote 192.168.1.28:44010] d\xc3\xa9co1
[Tue Apr 21 17:48:56.283372 2020] [wsgi:error] [pid 24416:tid 1956201504] [remote 192.168.1.28:44010] soir\xc3\xa9e
[Tue Apr 21 17:48:56.288904 2020] [wsgi:error] [pid 24416:tid 1956201504] [remote 192.168.1.28:44010] le scenarioeteindre etatTrue
[Tue Apr 21 17:48:56.294368 2020] [wsgi:error] [pid 24416:tid 1956201504] [remote 192.168.1.28:44010] le scenarioeteindre etatFalse
[Tue Apr 21 17:48:56.299807 2020] [wsgi:error] [pid 24416:tid 1956201504] [remote 192.168.1.28:44010] le scenarioeteindre etatFalse
[Tue Apr 21 17:48:56.305240 2020] [wsgi:error] [pid 24416:tid 1956201504] [remote 192.168.1.28:44010] le scenarioeteindre etatTrue
[Tue Apr 21 17:48:56.310709 2020] [wsgi:error] [pid 24416:tid 1956201504] [remote 192.168.1.28:44010] Preset normal_1
[Tue Apr 21 17:48:56.316397 2020] [wsgi:error] [pid 24416:tid 1956201504] [remote 192.168.1.28:44010] eteindre
[Tue Apr 21 17:48:56.322032 2020] [wsgi:error] [pid 24416:tid 1956201504] [remote 192.168.1.28:44010] projo =  poutre_table  | dimmeur =  0  | duree =  5
[Tue Apr 21 17:48:56.327854 2020] [wsgi:error] [pid 24416:tid 1956201504] [remote 192.168.1.28:44010] led =  led_fond_exte  | dimmeur =  0  | duree =  10  | couleur =  0x000000
[Tue Apr 21 17:48:56.328322 2020] [wsgi:error] [pid 24416:tid 1823462432] led_escalier_haut  met le dimmeur a  0  de couleur  0x050000
[Tue Apr 21 17:48:56.328811 2020] [wsgi:error] [pid 24416:tid 1956201504] [remote 192.168.1.28:44010] led =  led_fond_inte  | dimmeur =  0  | duree =  3  | couleur =  0x000000
[Tue Apr 21 17:48:56.334196 2020] [wsgi:error] [pid 24416:tid 1956201504] [remote 192.168.1.28:44010] allumer
[Tue Apr 21 17:48:56.339579 2020] [wsgi:error] [pid 24416:tid 1956201504] [remote 192.168.1.28:44010] projo =  poutre_table  | dimmeur =  70  | duree =  5
[Tue Apr 21 17:48:56.345040 2020] [wsgi:error] [pid 24416:tid 1956201504] [remote 192.168.1.28:44010] led =  led_fond_exte  | dimmeur =  5  | duree =  10  | couleur =  0x0000ff
[Tue Apr 21 17:48:56.350474 2020] [wsgi:error] [pid 24416:tid 1956201504] [remote 192.168.1.28:44010] led =  led_fond_inte  | dimmeur =  100  | duree =  3  | couleur =  0xffffff
[Tue Apr 21 17:48:56.350928 2020] [wsgi:error] [pid 24416:tid 1831855136] led_escalier_bas  met le dimmeur a  0  de couleur  0x010000
[Tue Apr 21 17:48:56.356265 2020] [wsgi:error] [pid 24416:tid 1956201504] [remote 192.168.1.28:44010] d\xc3\xa9co1
[Tue Apr 21 17:48:56.361555 2020] [wsgi:error] [pid 24416:tid 1956201504] [remote 192.168.1.28:44010] soir\xc3\xa9e
[Tue Apr 21 17:48:56.366916 2020] [wsgi:error] [pid 24416:tid 1956201504] [remote 192.168.1.28:44010] le scenarioeteindre etatTrue
[Tue Apr 21 17:48:56.372172 2020] [wsgi:error] [pid 24416:tid 1956201504] [remote 192.168.1.28:44010] le scenarioeteindre etatFalse
[Tue Apr 21 17:48:56.377510 2020] [wsgi:error] [pid 24416:tid 1956201504] [remote 192.168.1.28:44010] le scenarioeteindre etatFalse
[Tue Apr 21 17:48:56.382770 2020] [wsgi:error] [pid 24416:tid 1956201504] [remote 192.168.1.28:44010] le scenarioeteindre etatTrue
[Tue Apr 21 17:48:56.388063 2020] [wsgi:error] [pid 24416:tid 1956201504] [remote 192.168.1.28:44010] Preset soir\xc3\xa9e_1
[Tue Apr 21 17:48:56.393314 2020] [wsgi:error] [pid 24416:tid 1956201504] [remote 192.168.1.28:44010] eteindre
[Tue Apr 21 17:48:56.398570 2020] [wsgi:error] [pid 24416:tid 1956201504] [remote 192.168.1.28:44010] allumer
[Tue Apr 21 17:48:56.403817 2020] [wsgi:error] [pid 24416:tid 1956201504] [remote 192.168.1.28:44010] d\xc3\xa9co1
[Tue Apr 21 17:48:56.409090 2020] [wsgi:error] [pid 24416:tid 1956201504] [remote 192.168.1.28:44010] soir\xc3\xa9e
[Tue Apr 21 17:48:56.414444 2020] [wsgi:error] [pid 24416:tid 1956201504] [remote 192.168.1.28:44010] le scenarioeteindre etatTrue
[Tue Apr 21 17:48:56.419695 2020] [wsgi:error] [pid 24416:tid 1956201504] [remote 192.168.1.28:44010] le scenarioeteindre etatFalse
[Tue Apr 21 17:48:56.424955 2020] [wsgi:error] [pid 24416:tid 1956201504] [remote 192.168.1.28:44010] le scenarioeteindre etatFalse
[Tue Apr 21 17:48:56.430198 2020] [wsgi:error] [pid 24416:tid 1956201504] [remote 192.168.1.28:44010] le scenarioeteindre etatTrue
[Tue Apr 21 17:48:56.435517 2020] [wsgi:error] [pid 24416:tid 1956201504] [remote 192.168.1.28:44010] Preset normal_1
[Tue Apr 21 17:48:56.441428 2020] [wsgi:error] [pid 24416:tid 1956201504] [remote 192.168.1.28:44010] eteindre
[Tue Apr 21 17:48:56.442188 2020] [wsgi:error] [pid 24416:tid 1823462432] led_escalier_haut  met le dimmeur a  0  de couleur  0x040000
[Tue Apr 21 17:48:56.442716 2020] [wsgi:error] [pid 24416:tid 1956201504] [remote 192.168.1.28:44010] led =  led_mur_pierre_haut  | dimmeur =  0  | duree =  10  | couleur =  0x000000
[Tue Apr 21 17:48:56.448163 2020] [wsgi:error] [pid 24416:tid 1956201504] [remote 192.168.1.28:44010] led =  led_mur_pierre_droite  | dimmeur =  0  | duree =  5  | couleur =  0x000000
[Tue Apr 21 17:48:56.453572 2020] [wsgi:error] [pid 24416:tid 1956201504] [remote 192.168.1.28:44010] led =  led_mur_pierre_gauche  | dimmeur =  0  | duree =  5  | couleur =  0x000000
[Tue Apr 21 17:48:56.458947 2020] [wsgi:error] [pid 24416:tid 1956201504] [remote 192.168.1.28:44010] projo =  projo_32  | dimmeur =  0  | duree =  5
[Tue Apr 21 17:48:56.459400 2020] [wsgi:error] [pid 24416:tid 1831855136] led_escalier_bas  met le dimmeur a  0  de couleur  0x010000
[Tue Apr 21 17:48:56.464829 2020] [wsgi:error] [pid 24416:tid 1956201504] [remote 192.168.1.28:44010] projo =  projo_33  | dimmeur =  0  | duree =  5
[Tue Apr 21 17:48:56.470167 2020] [wsgi:error] [pid 24416:tid 1956201504] [remote 192.168.1.28:44010] projo =  projo_34  | dimmeur =  0  | duree =  5
[Tue Apr 21 17:48:56.475505 2020] [wsgi:error] [pid 24416:tid 1956201504] [remote 192.168.1.28:44010] projo =  projo_36  | dimmeur =  0  | duree =  5
[Tue Apr 21 17:48:56.480871 2020] [wsgi:error] [pid 24416:tid 1956201504] [remote 192.168.1.28:44010] projo =  projo_26  | dimmeur =  0  | duree =  5
[Tue Apr 21 17:48:56.486209 2020] [wsgi:error] [pid 24416:tid 1956201504] [remote 192.168.1.28:44010] projo =  projo_28  | dimmeur =  0  | duree =  5
[Tue Apr 21 17:48:56.491549 2020] [wsgi:error] [pid 24416:tid 1956201504] [remote 192.168.1.28:44010] projo =  projo_30  | dimmeur =  0  | duree =  5
[Tue Apr 21 17:48:56.496899 2020] [wsgi:error] [pid 24416:tid 1956201504] [remote 192.168.1.28:44010] projo =  poutre_table_basse  | dimmeur =  0  | duree =  20
[Tue Apr 21 17:48:56.502130 2020] [wsgi:error] [pid 24416:tid 1956201504] [remote 192.168.1.28:44010] allumer
[Tue Apr 21 17:48:56.507563 2020] [wsgi:error] [pid 24416:tid 1956201504] [remote 192.168.1.28:44010] led =  led_mur_pierre_haut  | dimmeur =  0  | duree =  10  | couleur =  0x0f0000
[Tue Apr 21 17:48:56.513121 2020] [wsgi:error] [pid 24416:tid 1956201504] [remote 192.168.1.28:44010] led =  led_mur_pierre_droite  | dimmeur =  0  | duree =  5  | couleur =  0x0f0300
[Tue Apr 21 17:48:56.518632 2020] [wsgi:error] [pid 24416:tid 1956201504] [remote 192.168.1.28:44010] led =  led_mur_pierre_gauche  | dimmeur =  0  | duree =  5  | couleur =  0x0f0300
[Tue Apr 21 17:48:56.523995 2020] [wsgi:error] [pid 24416:tid 1956201504] [remote 192.168.1.28:44010] projo =  projo_32  | dimmeur =  20  | duree =  5
[Tue Apr 21 17:48:56.529332 2020] [wsgi:error] [pid 24416:tid 1956201504] [remote 192.168.1.28:44010] projo =  projo_33  | dimmeur =  20  | duree =  5
[Tue Apr 21 17:48:56.534693 2020] [wsgi:error] [pid 24416:tid 1956201504] [remote 192.168.1.28:44010] projo =  projo_34  | dimmeur =  20  | duree =  5
[Tue Apr 21 17:48:56.540035 2020] [wsgi:error] [pid 24416:tid 1956201504] [remote 192.168.1.28:44010] projo =  projo_36  | dimmeur =  20  | duree =  5
[Tue Apr 21 17:48:56.545386 2020] [wsgi:error] [pid 24416:tid 1956201504] [remote 192.168.1.28:44010] projo =  projo_26  | dimmeur =  20  | duree =  5
[Tue Apr 21 17:48:56.550750 2020] [wsgi:error] [pid 24416:tid 1956201504] [remote 192.168.1.28:44010] projo =  projo_28  | dimmeur =  20  | duree =  5
[Tue Apr 21 17:48:56.551324 2020] [wsgi:error] [pid 24416:tid 1823462432] led_escalier_haut  met le dimmeur a  0  de couleur  0x040000
[Tue Apr 21 17:48:56.556896 2020] [wsgi:error] [pid 24416:tid 1956201504] [remote 192.168.1.28:44010] projo =  projo_30  | dimmeur =  20  | duree =  5
[Tue Apr 21 17:48:56.562234 2020] [wsgi:error] [pid 24416:tid 1956201504] [remote 192.168.1.28:44010] projo =  poutre_table_basse  | dimmeur =  50  | duree =  20
[Tue Apr 21 17:48:56.567499 2020] [wsgi:error] [pid 24416:tid 1956201504] [remote 192.168.1.28:44010] d\xc3\xa9co1
[Tue Apr 21 17:48:56.567986 2020] [wsgi:error] [pid 24416:tid 1831855136] led_escalier_bas  met le dimmeur a  0  de couleur  0x010000
[Tue Apr 21 17:48:56.673309 2020] [wsgi:error] [pid 24416:tid 1823462432] led_escalier_haut  met le dimmeur a  0  de couleur  0x030000
[Tue Apr 21 17:48:56.678928 2020] [wsgi:error] [pid 24416:tid 1831855136] led_escalier_bas  met le dimmeur a  0  de couleur  0x010000
[Tue Apr 21 17:48:56.795561 2020] [wsgi:error] [pid 24416:tid 1823462432] led_escalier_haut  met le dimmeur a  0  de couleur  0x030000
[Tue Apr 21 17:48:56.801364 2020] [wsgi:error] [pid 24416:tid 1831855136] led_escalier_bas  met le dimmeur a  0  de couleur  0x000000
[Tue Apr 21 17:48:56.912268 2020] [wsgi:error] [pid 24416:tid 1831855136] led_escalier_bas  met le dimmeur a  0  de couleur  0x000000
[Tue Apr 21 17:48:56.926430 2020] [wsgi:error] [pid 24416:tid 1823462432] led_escalier_haut  met le dimmeur a  0  de couleur  0x030000
[Tue Apr 21 17:48:56.964429 2020] [wsgi:error] [pid 24416:tid 1947808800] [remote 192.168.1.28:44010] /home/pi/maison/web_app/site_maison.py:19: FlaskWTFDeprecationWarning: "flask_wtf.Form" has been renamed to "FlaskForm" and will be removed in 1.0.
[Tue Apr 21 17:48:56.969691 2020] [wsgi:error] [pid 24416:tid 1947808800] [remote 192.168.1.28:44010]   form = Formulaire()
[Tue Apr 21 17:48:56.978607 2020] [wsgi:error] [pid 24416:tid 1947808800] [remote 192.168.1.28:44010] mode
[Tue Apr 21 17:48:56.983886 2020] [wsgi:error] [pid 24416:tid 1947808800] [remote 192.168.1.28:44010] bar.soir\xc3\xa9e_1.off
[Tue Apr 21 17:48:56.989094 2020] [wsgi:error] [pid 24416:tid 1947808800] [remote 192.168.1.28:44010] bar.soir\xc3\xa9e_1.On
[Tue Apr 21 17:48:56.994282 2020] [wsgi:error] [pid 24416:tid 1947808800] [remote 192.168.1.28:44010] bar.normal_1.off
[Tue Apr 21 17:48:56.999463 2020] [wsgi:error] [pid 24416:tid 1947808800] [remote 192.168.1.28:44010] bar.normal_1.On
[Tue Apr 21 17:48:57.004650 2020] [wsgi:error] [pid 24416:tid 1947808800] [remote 192.168.1.28:44010] escalier.normal_1.off
[Tue Apr 21 17:48:57.009849 2020] [wsgi:error] [pid 24416:tid 1947808800] [remote 192.168.1.28:44010] escalier.normal_1.On
[Tue Apr 21 17:48:57.015034 2020] [wsgi:error] [pid 24416:tid 1947808800] [remote 192.168.1.28:44010] cuisine.normal_1.off
[Tue Apr 21 17:48:57.020250 2020] [wsgi:error] [pid 24416:tid 1947808800] [remote 192.168.1.28:44010] cuisine.normal_1.On
[Tue Apr 21 17:48:57.020813 2020] [wsgi:error] [pid 24416:tid 1831855136] led_escalier_bas  met le dimmeur a  0  de couleur  0x000000
[Tue Apr 21 17:48:57.026278 2020] [wsgi:error] [pid 24416:tid 1947808800] [remote 192.168.1.28:44010] billard.soir\xc3\xa9e_1.mrd
[Tue Apr 21 17:48:57.031480 2020] [wsgi:error] [pid 24416:tid 1947808800] [remote 192.168.1.28:44010] billard.normal_1.off
[Tue Apr 21 17:48:57.036717 2020] [wsgi:error] [pid 24416:tid 1947808800] [remote 192.168.1.28:44010] billard.normal_1.On
[Tue Apr 21 17:48:57.036860 2020] [wsgi:error] [pid 24416:tid 1947808800] [remote 192.168.1.28:44010] salon.normal_1.off
[Tue Apr 21 17:48:57.048303 2020] [wsgi:error] [pid 24416:tid 1823462432] led_escalier_haut  met le dimmeur a  0  de couleur  0x020000
[Tue Apr 21 17:48:57.053640 2020] [wsgi:error] [pid 24416:tid 1947808800] [remote 192.168.1.28:44010] salon.normal_1.On
[Tue Apr 21 17:48:57.131953 2020] [wsgi:error] [pid 24416:tid 1831855136] led_escalier_bas  met le dimmeur a  0  de couleur  0x000000
[Tue Apr 21 17:48:57.159183 2020] [wsgi:error] [pid 24416:tid 1823462432] led_escalier_haut  met le dimmeur a  0  de couleur  0x020000
[Tue Apr 21 17:48:57.242750 2020] [wsgi:error] [pid 24416:tid 1831855136] led_escalier_bas  met le dimmeur a  0  de couleur  0x000000
[Tue Apr 21 17:48:57.269818 2020] [wsgi:error] [pid 24416:tid 1823462432] led_escalier_haut  met le dimmeur a  0  de couleur  0x020000
[Tue Apr 21 17:48:57.396073 2020] [wsgi:error] [pid 24416:tid 1823462432] led_escalier_haut  met le dimmeur a  0  de couleur  0x010000
[Tue Apr 21 17:48:57.506699 2020] [wsgi:error] [pid 24416:tid 1823462432] led_escalier_haut  met le dimmeur a  0  de couleur  0x010000
[Tue Apr 21 17:48:57.617300 2020] [wsgi:error] [pid 24416:tid 1823462432] led_escalier_haut  met le dimmeur a  0  de couleur  0x010000
[Tue Apr 21 17:48:57.743512 2020] [wsgi:error] [pid 24416:tid 1823462432] led_escalier_haut  met le dimmeur a  0  de couleur  0x000000
[Tue Apr 21 17:48:57.854139 2020] [wsgi:error] [pid 24416:tid 1823462432] led_escalier_haut  met le dimmeur a  0  de couleur  0x000000
[Tue Apr 21 17:48:57.968398 2020] [wsgi:error] [pid 24416:tid 1823462432] led_escalier_haut  met le dimmeur a  0  de couleur  0x000000
[Tue Apr 21 17:48:59.214383 2020] [wsgi:error] [pid 24416:tid 1956201504] [remote 192.168.1.28:44010] /home/pi/maison/web_app/site_maison.py:19: FlaskWTFDeprecationWarning: "flask_wtf.Form" has been renamed to "FlaskForm" and will be removed in 1.0.
[Tue Apr 21 17:48:59.219584 2020] [wsgi:error] [pid 24416:tid 1956201504] [remote 192.168.1.28:44010]   form = Formulaire()
[Tue Apr 21 17:48:59.226732 2020] [wsgi:error] [pid 24416:tid 1956201504] [remote 192.168.1.28:44010] mode
[Tue Apr 21 17:48:59.231952 2020] [wsgi:error] [pid 24416:tid 1956201504] [remote 192.168.1.28:44010] bar.soir\xc3\xa9e_1.off
[Tue Apr 21 17:48:59.237127 2020] [wsgi:error] [pid 24416:tid 1956201504] [remote 192.168.1.28:44010] bar.soir\xc3\xa9e_1.On
[Tue Apr 21 17:48:59.242278 2020] [wsgi:error] [pid 24416:tid 1956201504] [remote 192.168.1.28:44010] bar.normal_1.off
[Tue Apr 21 17:48:59.247430 2020] [wsgi:error] [pid 24416:tid 1956201504] [remote 192.168.1.28:44010] bar.normal_1.On
[Tue Apr 21 17:48:59.252581 2020] [wsgi:error] [pid 24416:tid 1956201504] [remote 192.168.1.28:44010] escalier.normal_1.off
[Tue Apr 21 17:48:59.257738 2020] [wsgi:error] [pid 24416:tid 1956201504] [remote 192.168.1.28:44010] escalier.normal_1.On
[Tue Apr 21 17:48:59.262884 2020] [wsgi:error] [pid 24416:tid 1956201504] [remote 192.168.1.28:44010] cuisine.normal_1.off
[Tue Apr 21 17:48:59.268030 2020] [wsgi:error] [pid 24416:tid 1956201504] [remote 192.168.1.28:44010] cuisine.normal_1.On
[Tue Apr 21 17:48:59.273179 2020] [wsgi:error] [pid 24416:tid 1956201504] [remote 192.168.1.28:44010] billard.soir\xc3\xa9e_1.mrd
[Tue Apr 21 17:48:59.278310 2020] [wsgi:error] [pid 24416:tid 1956201504] [remote 192.168.1.28:44010] billard.normal_1.off
[Tue Apr 21 17:48:59.283441 2020] [wsgi:error] [pid 24416:tid 1956201504] [remote 192.168.1.28:44010] billard.normal_1.On
[Tue Apr 21 17:48:59.288567 2020] [wsgi:error] [pid 24416:tid 1956201504] [remote 192.168.1.28:44010] salon.normal_1.off
[Tue Apr 21 17:48:59.293742 2020] [wsgi:error] [pid 24416:tid 1956201504] [remote 192.168.1.28:44010] salon.normal_1.On
[Tue Apr 21 17:49:00.800766 2020] [wsgi:error] [pid 24416:tid 1806677024] on essaie de se co a led_escalier_bas
[Tue Apr 21 17:49:01.450405 2020] [wsgi:error] [pid 24416:tid 1882190880] data = 00000000
[Tue Apr 21 17:49:01.451162 2020] [wsgi:error] [pid 24416:tid 1882190880] data = 00000000
[Tue Apr 21 17:49:01.464276 2020] [wsgi:error] [pid 24416:tid 1882190880] data = 10000000
[Tue Apr 21 17:49:01.469564 2020] [wsgi:error] [pid 24416:tid 1882190880] 1
[Tue Apr 21 17:49:01.474840 2020] [wsgi:error] [pid 24416:tid 1882190880] [1, 2]
[Tue Apr 21 17:49:01.480113 2020] [wsgi:error] [pid 24416:tid 1882190880] on press le bouton bas_escalier_\xc3\xa9tage
[Tue Apr 21 17:49:01.485384 2020] [wsgi:error] [pid 24416:tid 1882190880] allumer_vers_le_haut==True
[Tue Apr 21 17:49:01.490694 2020] [wsgi:error] [pid 24416:tid 1882190880] False
[Tue Apr 21 17:49:01.507227 2020] [wsgi:error] [pid 24416:tid 1831855136] on sleep 0 s
[Tue Apr 21 17:49:01.513172 2020] [wsgi:error] [pid 24416:tid 1882190880] le scenarioeteindre_vers_le_bas etatFalse
[Tue Apr 21 17:49:01.513782 2020] [wsgi:error] [pid 24416:tid 1798284320] on essaie de se co a led_escalier_haut
[Tue Apr 21 17:49:01.519717 2020] [wsgi:error] [pid 24416:tid 1882190880] le scenarioeteindre_vers_le_bas etatTrue
[Tue Apr 21 17:49:01.519919 2020] [wsgi:error] [pid 24416:tid 1861219360] on allume projo_43
[Tue Apr 21 17:49:01.525032 2020] [wsgi:error] [pid 24416:tid 1882190880] le scenarioallumer_vers_le_haut etatFalse
[Tue Apr 21 17:49:01.525214 2020] [wsgi:error] [pid 24416:tid 1831855136] on sleep 0 s
[Tue Apr 21 17:49:01.530939 2020] [wsgi:error] [pid 24416:tid 1882190880] le scenarioallumer_vers_le_haut etatTrue
[Tue Apr 21 17:49:01.536461 2020] [wsgi:error] [pid 24416:tid 1823462432] couleur =  0x000000  couleur voulut =  0xff0000
[Tue Apr 21 17:49:01.537511 2020] [wsgi:error] [pid 24416:tid 1861219360] oooookkkk
[Tue Apr 21 17:49:01.544206 2020] [wsgi:error] [pid 24416:tid 1831855136] on sleep 0 s
[Tue Apr 21 17:49:01.560144 2020] [wsgi:error] [pid 24416:tid 1861219360] couleur =  0x000000  couleur voulut =  0xff0000
[Tue Apr 21 17:49:01.566693 2020] [wsgi:error] [pid 24416:tid 1831855136] on sleep 1 s
[Tue Apr 21 17:49:01.647446 2020] [wsgi:error] [pid 24416:tid 1806677024] led_escalier_bas  met le dimmeur a  0  de couleur  0x000000
[Tue Apr 21 17:49:01.768627 2020] [wsgi:error] [pid 24416:tid 1806677024] on envoie {} 0x7e04010201ffff00ef
[Tue Apr 21 17:49:01.784382 2020] [wsgi:error] [pid 24416:tid 1806677024] led_escalier_bas  met le dimmeur a  1  de couleur  0x050000
[Tue Apr 21 17:49:01.910606 2020] [wsgi:error] [pid 24416:tid 1806677024] on envoie {} 0x7e04010501ffff00ef
[Tue Apr 21 17:49:01.926346 2020] [wsgi:error] [pid 24416:tid 1806677024] led_escalier_bas  met le dimmeur a  2  de couleur  0x0a0000
[Tue Apr 21 17:49:02.145332 2020] [wsgi:error] [pid 24416:tid 1806677024] on envoie {} 0x7e04010701ffff00ef
[Tue Apr 21 17:49:02.156426 2020] [wsgi:error] [pid 24416:tid 1806677024] led_escalier_bas  met le dimmeur a  3  de couleur  0x0f0000
[Tue Apr 21 17:49:02.298649 2020] [wsgi:error] [pid 24416:tid 1806677024] on envoie {} 0x7e04010a01ffff00ef
[Tue Apr 21 17:49:02.309784 2020] [wsgi:error] [pid 24416:tid 1806677024] led_escalier_bas  met le dimmeur a  4  de couleur  0x140000
[Tue Apr 21 17:49:02.427448 2020] [wsgi:error] [pid 24416:tid 1798284320] led_escalier_haut  met le dimmeur a  0  de couleur  0x000000
[Tue Apr 21 17:49:02.438570 2020] [wsgi:error] [pid 24416:tid 1806677024] on envoie {} 0x7e04010c01ffff00ef
[Tue Apr 21 17:49:02.454722 2020] [wsgi:error] [pid 24416:tid 1806677024] led_escalier_bas  met le dimmeur a  5  de couleur  0x190000
[Tue Apr 21 17:49:02.549630 2020] [wsgi:error] [pid 24416:tid 1798284320] on envoie {} 0x7e04010201ffff00ef
[Tue Apr 21 17:49:02.571129 2020] [wsgi:error] [pid 24416:tid 1798284320] led_escalier_haut  met le dimmeur a  1  de couleur  0x050000
[Tue Apr 21 17:49:02.583461 2020] [wsgi:error] [pid 24416:tid 1789891616] on allume projo_44
[Tue Apr 21 17:49:02.590500 2020] [wsgi:error] [pid 24416:tid 1789891616] oooookkkk
[Tue Apr 21 17:49:02.590666 2020] [wsgi:error] [pid 24416:tid 1831855136] on sleep 1 s
[Tue Apr 21 17:49:02.601539 2020] [wsgi:error] [pid 24416:tid 1806677024] on envoie {} 0x7e04010f01ffff00ef
[Tue Apr 21 17:49:02.617749 2020] [wsgi:error] [pid 24416:tid 1806677024] led_escalier_bas  met le dimmeur a  6  de couleur  0x1e0000
[Tue Apr 21 17:49:02.688164 2020] [wsgi:error] [pid 24416:tid 1798284320] on envoie {} 0x7e04010501ffff00ef
[Tue Apr 21 17:49:02.699382 2020] [wsgi:error] [pid 24416:tid 1798284320] led_escalier_haut  met le dimmeur a  2  de couleur  0x0a0000
[Tue Apr 21 17:49:02.734260 2020] [wsgi:error] [pid 24416:tid 1806677024] on envoie {} 0x7e04011101ffff00ef
[Tue Apr 21 17:49:02.745237 2020] [wsgi:error] [pid 24416:tid 1806677024] led_escalier_bas  met le dimmeur a  7  de couleur  0x230000
[Tue Apr 21 17:49:02.821358 2020] [wsgi:error] [pid 24416:tid 1798284320] on envoie {} 0x7e04010701ffff00ef
[Tue Apr 21 17:49:02.832576 2020] [wsgi:error] [pid 24416:tid 1798284320] led_escalier_haut  met le dimmeur a  3  de couleur  0x0f0000
[Tue Apr 21 17:49:02.866895 2020] [wsgi:error] [pid 24416:tid 1806677024] on envoie {} 0x7e04011401ffff00ef
[Tue Apr 21 17:49:02.877960 2020] [wsgi:error] [pid 24416:tid 1806677024] led_escalier_bas  met le dimmeur a  8  de couleur  0x280000
[Tue Apr 21 17:49:02.954396 2020] [wsgi:error] [pid 24416:tid 1798284320] on envoie {} 0x7e04010a01ffff00ef
