[Mon Apr 06 19:51:18.420006 2020] [wsgi:error] [pid 17762:tid 1964696608] projo =  projo_32  | dimmeur =  20  | duree =  5
[Mon Apr 06 19:51:18.420092 2020] [wsgi:error] [pid 17762:tid 1964696608] projo =  projo_33  | dimmeur =  20  | duree =  5
[Mon Apr 06 19:51:18.420176 2020] [wsgi:error] [pid 17762:tid 1964696608] projo =  projo_34  | dimmeur =  20  | duree =  5
[Mon Apr 06 19:51:18.420261 2020] [wsgi:error] [pid 17762:tid 1964696608] projo =  projo_36  | dimmeur =  20  | duree =  5
[Mon Apr 06 19:51:18.420347 2020] [wsgi:error] [pid 17762:tid 1964696608] projo =  projo_26  | dimmeur =  20  | duree =  5
[Mon Apr 06 19:51:18.420431 2020] [wsgi:error] [pid 17762:tid 1964696608] projo =  projo_28  | dimmeur =  20  | duree =  5
[Mon Apr 06 19:51:18.420516 2020] [wsgi:error] [pid 17762:tid 1964696608] projo =  projo_30  | dimmeur =  20  | duree =  5
[Mon Apr 06 19:51:18.420604 2020] [wsgi:error] [pid 17762:tid 1964696608] projo =  poutre_table_basse  | dimmeur =  50  | duree =  20
[Mon Apr 06 19:51:18.420640 2020] [wsgi:error] [pid 17762:tid 1964696608] d\xc3\xa9co1
[Mon Apr 06 19:51:18.420683 2020] [wsgi:error] [pid 17762:tid 1964696608] Preset soiree_01
[Mon Apr 06 19:51:18.420723 2020] [wsgi:error] [pid 17762:tid 1964696608] eteindre
[Mon Apr 06 19:51:18.420762 2020] [wsgi:error] [pid 17762:tid 1964696608] allumer
[Mon Apr 06 19:51:18.420801 2020] [wsgi:error] [pid 17762:tid 1964696608] d\xc3\xa9co1
[Mon Apr 06 19:51:18.420841 2020] [wsgi:error] [pid 17762:tid 1964696608] ----- Input -------
[Mon Apr 06 19:51:18.420876 2020] [wsgi:error] [pid 17762:tid 1964696608] --- Interrupteurs ---
[Mon Apr 06 19:51:18.420921 2020] [wsgi:error] [pid 17762:tid 1964696608] bas_escalier_\xc3\xa9tage : 1 : 
[Mon Apr 06 19:51:18.420967 2020] [wsgi:error] [pid 17762:tid 1964696608] allumer
[Mon Apr 06 19:51:18.421056 2020] [wsgi:error] [pid 17762:tid 1964696608] projo =  projo_43  | dimmeur =  100  | duree =  0
[Mon Apr 06 19:51:18.421143 2020] [wsgi:error] [pid 17762:tid 1964696608] projo =  projo_44  | dimmeur =  100  | duree =  0
[Mon Apr 06 19:51:18.421230 2020] [wsgi:error] [pid 17762:tid 1964696608] projo =  projo_45  | dimmeur =  100  | duree =  0
[Mon Apr 06 19:51:18.421342 2020] [wsgi:error] [pid 17762:tid 1964696608] led =  led_escalier_haut  | dimmeur =  100  | duree =  2  | couleur =  0xff0000
[Mon Apr 06 19:51:18.421453 2020] [wsgi:error] [pid 17762:tid 1964696608] led =  led_escalier_bas  | dimmeur =  100  | duree =  2  | couleur =  0xff0000
[Mon Apr 06 19:51:18.421499 2020] [wsgi:error] [pid 17762:tid 1964696608] eteindre
[Mon Apr 06 19:51:18.421613 2020] [wsgi:error] [pid 17762:tid 1964696608] led =  led_escalier_haut  | dimmeur =  0  | duree =  5  | couleur =  0x000000
[Mon Apr 06 19:51:18.421726 2020] [wsgi:error] [pid 17762:tid 1964696608] led =  led_escalier_bas  | dimmeur =  0  | duree =  5  | couleur =  0x000000
[Mon Apr 06 19:51:18.421812 2020] [wsgi:error] [pid 17762:tid 1964696608] projo =  projo_45  | dimmeur =  0  | duree =  0
[Mon Apr 06 19:51:18.421895 2020] [wsgi:error] [pid 17762:tid 1964696608] projo =  projo_44  | dimmeur =  0  | duree =  0
[Mon Apr 06 19:51:18.421980 2020] [wsgi:error] [pid 17762:tid 1964696608] projo =  projo_43  | dimmeur =  0  | duree =  0
[Mon Apr 06 19:51:18.422019 2020] [wsgi:error] [pid 17762:tid 1964696608] ---- Presets s\xc3\xa9lectionn\xc3\xa9 ----
[Mon Apr 06 19:51:18.422075 2020] [wsgi:error] [pid 17762:tid 1964696608] Preset normal_01
[Mon Apr 06 19:51:18.422113 2020] [wsgi:error] [pid 17762:tid 1964696608] eteindre
[Mon Apr 06 19:51:18.422202 2020] [wsgi:error] [pid 17762:tid 1964696608] projo =  projo_32  | dimmeur =  0  | duree =  5
[Mon Apr 06 19:51:18.422286 2020] [wsgi:error] [pid 17762:tid 1964696608] projo =  projo_33  | dimmeur =  0  | duree =  5
[Mon Apr 06 19:51:18.422371 2020] [wsgi:error] [pid 17762:tid 1964696608] projo =  projo_34  | dimmeur =  0  | duree =  5
[Mon Apr 06 19:51:18.422456 2020] [wsgi:error] [pid 17762:tid 1964696608] projo =  projo_36  | dimmeur =  0  | duree =  5
[Mon Apr 06 19:51:18.422539 2020] [wsgi:error] [pid 17762:tid 1964696608] projo =  projo_26  | dimmeur =  0  | duree =  5
[Mon Apr 06 19:51:18.422623 2020] [wsgi:error] [pid 17762:tid 1964696608] projo =  projo_28  | dimmeur =  0  | duree =  5
[Mon Apr 06 19:51:18.422709 2020] [wsgi:error] [pid 17762:tid 1964696608] projo =  projo_30  | dimmeur =  0  | duree =  5
[Mon Apr 06 19:51:18.422794 2020] [wsgi:error] [pid 17762:tid 1964696608] projo =  poutre_table_basse  | dimmeur =  0  | duree =  20
[Mon Apr 06 19:51:18.422831 2020] [wsgi:error] [pid 17762:tid 1964696608] allumer
[Mon Apr 06 19:51:18.422918 2020] [wsgi:error] [pid 17762:tid 1964696608] projo =  projo_32  | dimmeur =  20  | duree =  5
[Mon Apr 06 19:51:18.423003 2020] [wsgi:error] [pid 17762:tid 1964696608] projo =  projo_33  | dimmeur =  20  | duree =  5
[Mon Apr 06 19:51:18.423089 2020] [wsgi:error] [pid 17762:tid 1964696608] projo =  projo_34  | dimmeur =  20  | duree =  5
[Mon Apr 06 19:51:18.423173 2020] [wsgi:error] [pid 17762:tid 1964696608] projo =  projo_36  | dimmeur =  20  | duree =  5
[Mon Apr 06 19:51:18.423257 2020] [wsgi:error] [pid 17762:tid 1964696608] projo =  projo_26  | dimmeur =  20  | duree =  5
[Mon Apr 06 19:51:18.423342 2020] [wsgi:error] [pid 17762:tid 1964696608] projo =  projo_28  | dimmeur =  20  | duree =  5
[Mon Apr 06 19:51:18.423425 2020] [wsgi:error] [pid 17762:tid 1964696608] projo =  projo_30  | dimmeur =  20  | duree =  5
[Mon Apr 06 19:51:18.423511 2020] [wsgi:error] [pid 17762:tid 1964696608] projo =  poutre_table_basse  | dimmeur =  50  | duree =  20
[Mon Apr 06 19:51:18.423547 2020] [wsgi:error] [pid 17762:tid 1964696608] d\xc3\xa9co1
[Mon Apr 06 19:51:18.423591 2020] [wsgi:error] [pid 17762:tid 1964696608] Preset soiree_01
[Mon Apr 06 19:51:18.423628 2020] [wsgi:error] [pid 17762:tid 1964696608] eteindre
[Mon Apr 06 19:51:18.423666 2020] [wsgi:error] [pid 17762:tid 1964696608] allumer
[Mon Apr 06 19:51:18.423706 2020] [wsgi:error] [pid 17762:tid 1964696608] d\xc3\xa9co1
[Mon Apr 06 19:51:18.423745 2020] [wsgi:error] [pid 17762:tid 1964696608] ---- boutons -----
[Mon Apr 06 19:51:18.423820 2020] [wsgi:error] [pid 17762:tid 1964696608] eteindre
[Mon Apr 06 19:51:18.423914 2020] [wsgi:error] [pid 17762:tid 1964696608] projo =  projo_32  | dimmeur =  0  | duree =  5
[Mon Apr 06 19:51:18.424000 2020] [wsgi:error] [pid 17762:tid 1964696608] projo =  projo_33  | dimmeur =  0  | duree =  5
[Mon Apr 06 19:51:18.424084 2020] [wsgi:error] [pid 17762:tid 1964696608] projo =  projo_34  | dimmeur =  0  | duree =  5
[Mon Apr 06 19:51:18.424167 2020] [wsgi:error] [pid 17762:tid 1964696608] projo =  projo_36  | dimmeur =  0  | duree =  5
[Mon Apr 06 19:51:18.424251 2020] [wsgi:error] [pid 17762:tid 1964696608] projo =  projo_26  | dimmeur =  0  | duree =  5
[Mon Apr 06 19:51:18.424337 2020] [wsgi:error] [pid 17762:tid 1964696608] projo =  projo_28  | dimmeur =  0  | duree =  5
[Mon Apr 06 19:51:18.424420 2020] [wsgi:error] [pid 17762:tid 1964696608] projo =  projo_30  | dimmeur =  0  | duree =  5
[Mon Apr 06 19:51:18.424506 2020] [wsgi:error] [pid 17762:tid 1964696608] projo =  poutre_table_basse  | dimmeur =  0  | duree =  20
[Mon Apr 06 19:51:18.424551 2020] [wsgi:error] [pid 17762:tid 1964696608] allumer
[Mon Apr 06 19:51:18.424640 2020] [wsgi:error] [pid 17762:tid 1964696608] projo =  projo_32  | dimmeur =  20  | duree =  5
[Mon Apr 06 19:51:18.424744 2020] [wsgi:error] [pid 17762:tid 1964696608] projo =  projo_33  | dimmeur =  20  | duree =  5
[Mon Apr 06 19:51:18.424830 2020] [wsgi:error] [pid 17762:tid 1964696608] projo =  projo_34  | dimmeur =  20  | duree =  5
[Mon Apr 06 19:51:18.424913 2020] [wsgi:error] [pid 17762:tid 1964696608] projo =  projo_36  | dimmeur =  20  | duree =  5
[Mon Apr 06 19:51:18.424998 2020] [wsgi:error] [pid 17762:tid 1964696608] projo =  projo_26  | dimmeur =  20  | duree =  5
[Mon Apr 06 19:51:18.425083 2020] [wsgi:error] [pid 17762:tid 1964696608] projo =  projo_28  | dimmeur =  20  | duree =  5
[Mon Apr 06 19:51:18.425167 2020] [wsgi:error] [pid 17762:tid 1964696608] projo =  projo_30  | dimmeur =  20  | duree =  5
[Mon Apr 06 19:51:18.425254 2020] [wsgi:error] [pid 17762:tid 1964696608] projo =  poutre_table_basse  | dimmeur =  50  | duree =  20
[Mon Apr 06 19:51:18.425298 2020] [wsgi:error] [pid 17762:tid 1964696608] d\xc3\xa9co1
[Mon Apr 06 19:51:18.426094 2020] [wsgi:error] [pid 17762:tid 1964696608] ---- Liste boutons html ----
[Mon Apr 06 19:51:18.426156 2020] [wsgi:error] [pid 17762:tid 1964696608] bar.eteindre = True
[Mon Apr 06 19:51:18.426216 2020] [wsgi:error] [pid 17762:tid 1964696608] bar.allumer = False
[Mon Apr 06 19:51:18.426261 2020] [wsgi:error] [pid 17762:tid 1964696608] bar.d\xc3\xa9co1 = False
[Mon Apr 06 19:51:18.426305 2020] [wsgi:error] [pid 17762:tid 1964696608] cuisine.eteindre = True
[Mon Apr 06 19:51:18.426349 2020] [wsgi:error] [pid 17762:tid 1964696608] cuisine.allumer = False
[Mon Apr 06 19:51:18.426393 2020] [wsgi:error] [pid 17762:tid 1964696608] cuisine.d\xc3\xa9co1 = False
[Mon Apr 06 19:51:18.426437 2020] [wsgi:error] [pid 17762:tid 1964696608] billard.eteindre = True
[Mon Apr 06 19:51:18.426480 2020] [wsgi:error] [pid 17762:tid 1964696608] billard.allumer = False
[Mon Apr 06 19:51:18.426524 2020] [wsgi:error] [pid 17762:tid 1964696608] billard.d\xc3\xa9co1 = False
[Mon Apr 06 19:51:18.426569 2020] [wsgi:error] [pid 17762:tid 1964696608] salon.eteindre = True
[Mon Apr 06 19:51:18.426612 2020] [wsgi:error] [pid 17762:tid 1964696608] salon.allumer = False
[Mon Apr 06 19:51:18.426655 2020] [wsgi:error] [pid 17762:tid 1964696608] salon.d\xc3\xa9co1 = False
[Mon Apr 06 19:51:18.441698 2020] [wsgi:error] [pid 17762:tid 1964696608] [remote 192.168.1.13:48096] /home/pi/maison/web_app/site_maison.py:18: FlaskWTFDeprecationWarning: "flask_wtf.Form" has been renamed to "FlaskForm" and will be removed in 1.0.
[Mon Apr 06 19:51:18.441781 2020] [wsgi:error] [pid 17762:tid 1964696608] [remote 192.168.1.13:48096]   form = Formulaire()
[Mon Apr 06 19:51:18.443457 2020] [wsgi:error] [pid 17762:tid 1964696608] [remote 192.168.1.13:48096] bar.eteindre
[Mon Apr 06 19:51:18.443508 2020] [wsgi:error] [pid 17762:tid 1964696608] [remote 192.168.1.13:48096] bar.allumer
[Mon Apr 06 19:51:18.443545 2020] [wsgi:error] [pid 17762:tid 1964696608] [remote 192.168.1.13:48096] bar.d\xc3\xa9co1
[Mon Apr 06 19:51:18.443581 2020] [wsgi:error] [pid 17762:tid 1964696608] [remote 192.168.1.13:48096] cuisine.eteindre
[Mon Apr 06 19:51:18.443615 2020] [wsgi:error] [pid 17762:tid 1964696608] [remote 192.168.1.13:48096] cuisine.allumer
[Mon Apr 06 19:51:18.443648 2020] [wsgi:error] [pid 17762:tid 1964696608] [remote 192.168.1.13:48096] cuisine.d\xc3\xa9co1
[Mon Apr 06 19:51:18.443681 2020] [wsgi:error] [pid 17762:tid 1964696608] [remote 192.168.1.13:48096] billard.eteindre
[Mon Apr 06 19:51:18.443716 2020] [wsgi:error] [pid 17762:tid 1964696608] [remote 192.168.1.13:48096] billard.allumer
[Mon Apr 06 19:51:18.443749 2020] [wsgi:error] [pid 17762:tid 1964696608] [remote 192.168.1.13:48096] billard.d\xc3\xa9co1
[Mon Apr 06 19:51:18.443852 2020] [wsgi:error] [pid 17762:tid 1964696608] [remote 192.168.1.13:48096] salon.eteindre
[Mon Apr 06 19:51:18.443890 2020] [wsgi:error] [pid 17762:tid 1964696608] [remote 192.168.1.13:48096] salon.allumer
[Mon Apr 06 19:51:18.443924 2020] [wsgi:error] [pid 17762:tid 1964696608] [remote 192.168.1.13:48096] salon.d\xc3\xa9co1
[Mon Apr 06 21:39:26.726456 2020] [wsgi:error] [pid 17762:tid 1882190880] oooooooouuuuuuuuuuiiiiiiiiii
[Mon Apr 06 21:39:26.726708 2020] [wsgi:error] [pid 17762:tid 1882190880] <generator object Bus_ports_extender.read at 0x70cc4730>
[Mon Apr 06 21:39:26.726808 2020] [wsgi:error] [pid 17762:tid 1882190880] oooooooouuuuuuuuuuiiiiiiiiii
[Mon Apr 06 21:39:26.727379 2020] [wsgi:error] [pid 17762:tid 1882190880] data =10000000
[Mon Apr 06 21:39:26.727462 2020] [wsgi:error] [pid 17762:tid 1882190880] 1
[Mon Apr 06 21:39:26.727559 2020] [wsgi:error] [pid 17762:tid 1882190880] [1]
[Mon Apr 06 21:39:26.727627 2020] [wsgi:error] [pid 17762:tid 1882190880] bas_escalier_\xc3\xa9tage
[Mon Apr 06 21:39:26.727710 2020] [wsgi:error] [pid 17762:tid 1882190880] allumer
[Mon Apr 06 21:39:26.727773 2020] [wsgi:error] [pid 17762:tid 1882190880] False
[Mon Apr 06 21:39:26.727828 2020] [wsgi:error] [pid 17762:tid 1882190880] ok
[Mon Apr 06 21:39:26.727866 2020] [wsgi:error] [pid 17762:tid 1882190880] allumer
[Mon Apr 06 21:39:26.727921 2020] [wsgi:error] [pid 17762:tid 1882190880] ok
[Mon Apr 06 21:39:26.728946 2020] [wsgi:error] [pid 17762:tid 1882190880] eteindre
[Mon Apr 06 21:39:26.729049 2020] [wsgi:error] [pid 17762:tid 1892279328] liste barrier =  [1, 1, 1, 2]
[Mon Apr 06 21:39:26.730835 2020] [wsgi:error] [pid 17762:tid 1871705120] on ecrit donc 10111111 dans resgistre 0x12 port 0x21
[Mon Apr 06 21:39:26.731862 2020] [wsgi:error] [pid 17762:tid 1871705120] oooookkkk
[Mon Apr 06 21:39:26.732097 2020] [wsgi:error] [pid 17762:tid 1861219360] couleur =  0x000000  couleur voulut =  0xff0000
[Mon Apr 06 21:39:26.732523 2020] [wsgi:error] [pid 17762:tid 1861219360] 0xff0000
[Mon Apr 06 21:39:26.732789 2020] [wsgi:error] [pid 17762:tid 1861219360] 0x000000
[Mon Apr 06 21:39:26.735410 2020] [wsgi:error] [pid 17762:tid 1861219360] on ecrit donc 11101111 dans resgistre 0x13 port 0x21
[Mon Apr 06 21:39:26.735627 2020] [wsgi:error] [pid 17762:tid 1850733600] couleur =  0x000000  couleur voulut =  0xff0000
[Mon Apr 06 21:39:26.736338 2020] [wsgi:error] [pid 17762:tid 1850733600] 0xff0000
[Mon Apr 06 21:39:26.736671 2020] [wsgi:error] [pid 17762:tid 1850733600] 0x000000
[Mon Apr 06 21:39:27.739715 2020] [wsgi:error] [pid 17762:tid 1871705120] on ecrit donc 00111111 dans resgistre 0x12 port 0x21
[Mon Apr 06 21:39:27.741103 2020] [wsgi:error] [pid 17762:tid 1871705120] oooookkkk
[Mon Apr 06 21:39:28.731431 2020] [wsgi:error] [pid 17762:tid 1882190880] oooooooouuuuuuuuuuiiiiiiiiii
[Mon Apr 06 21:39:28.731700 2020] [wsgi:error] [pid 17762:tid 1882190880] <generator object Bus_ports_extender.read at 0x70cc4730>
[Mon Apr 06 21:39:28.731822 2020] [wsgi:error] [pid 17762:tid 1882190880] oooooooouuuuuuuuuuiiiiiiiiii
[Mon Apr 06 21:39:28.732764 2020] [wsgi:error] [pid 17762:tid 1882190880] data =00000000
[Mon Apr 06 21:39:28.742864 2020] [wsgi:error] [pid 17762:tid 1871705120] on ecrit donc 11101011 dans resgistre 0x13 port 0x21
[Mon Apr 06 21:39:28.743741 2020] [wsgi:error] [pid 17762:tid 1871705120] oooookkkk
[Mon Apr 06 21:39:52.774692 2020] [wsgi:error] [pid 17762:tid 1882190880] oooooooouuuuuuuuuuiiiiiiiiii
[Mon Apr 06 21:39:52.774886 2020] [wsgi:error] [pid 17762:tid 1882190880] <generator object Bus_ports_extender.read at 0x70cc4730>
[Mon Apr 06 21:39:52.774962 2020] [wsgi:error] [pid 17762:tid 1882190880] oooooooouuuuuuuuuuiiiiiiiiii
[Mon Apr 06 21:39:52.775536 2020] [wsgi:error] [pid 17762:tid 1882190880] data =00000000
[Mon Apr 06 21:39:52.775687 2020] [wsgi:error] [pid 17762:tid 1882190880] oooooooouuuuuuuuuuiiiiiiiiii
[Mon Apr 06 21:39:52.775785 2020] [wsgi:error] [pid 17762:tid 1882190880] <generator object Bus_ports_extender.read at 0x70cc4730>
[Mon Apr 06 21:39:52.775840 2020] [wsgi:error] [pid 17762:tid 1882190880] oooooooouuuuuuuuuuiiiiiiiiii
[Mon Apr 06 21:39:52.776376 2020] [wsgi:error] [pid 17762:tid 1882190880] data =00000000
[Mon Apr 06 21:39:52.777683 2020] [wsgi:error] [pid 17762:tid 1882190880] oooooooouuuuuuuuuuiiiiiiiiii
[Mon Apr 06 21:39:52.777760 2020] [wsgi:error] [pid 17762:tid 1882190880] <generator object Bus_ports_extender.read at 0x70cc4730>
[Mon Apr 06 21:39:52.777868 2020] [wsgi:error] [pid 17762:tid 1882190880] oooooooouuuuuuuuuuiiiiiiiiii
[Mon Apr 06 21:39:52.778531 2020] [wsgi:error] [pid 17762:tid 1882190880] data =10000000
[Mon Apr 06 21:39:52.778626 2020] [wsgi:error] [pid 17762:tid 1882190880] 1
[Mon Apr 06 21:39:52.778704 2020] [wsgi:error] [pid 17762:tid 1882190880] [1]
[Mon Apr 06 21:39:52.778810 2020] [wsgi:error] [pid 17762:tid 1882190880] bas_escalier_\xc3\xa9tage
[Mon Apr 06 21:39:52.778883 2020] [wsgi:error] [pid 17762:tid 1882190880] eteindre
[Mon Apr 06 21:39:52.778923 2020] [wsgi:error] [pid 17762:tid 1882190880] False
[Mon Apr 06 21:39:52.778957 2020] [wsgi:error] [pid 17762:tid 1882190880] ok
[Mon Apr 06 21:39:52.779012 2020] [wsgi:error] [pid 17762:tid 1882190880] eteindre
[Mon Apr 06 21:39:52.779049 2020] [wsgi:error] [pid 17762:tid 1882190880] ok
[Mon Apr 06 21:39:52.779717 2020] [wsgi:error] [pid 17762:tid 1871705120] liste barrier =  [1, 1, 1, 1, 1, 0]
[Mon Apr 06 21:39:52.780933 2020] [wsgi:error] [pid 17762:tid 1882190880] allumer
[Mon Apr 06 21:39:52.781168 2020] [wsgi:error] [pid 17762:tid 1840247840] couleur =  0x000000  couleur voulut =  0x000000
[Mon Apr 06 21:39:52.781829 2020] [wsgi:error] [pid 17762:tid 1840247840] on fait rien
[Mon Apr 06 21:39:52.782038 2020] [wsgi:error] [pid 17762:tid 1831855136] couleur =  0x000000  couleur voulut =  0x000000
[Mon Apr 06 21:39:52.783376 2020] [wsgi:error] [pid 17762:tid 1840247840] on ecrit donc 11101111 dans resgistre 0x13 port 0x21
[Mon Apr 06 21:39:52.783510 2020] [wsgi:error] [pid 17762:tid 1831855136] on fait rien
[Mon Apr 06 21:39:52.784401 2020] [wsgi:error] [pid 17762:tid 1840247840] oooookkkk
[Mon Apr 06 21:39:53.786446 2020] [wsgi:error] [pid 17762:tid 1840247840] on ecrit donc 10111111 dans resgistre 0x12 port 0x21
[Mon Apr 06 21:39:53.787324 2020] [wsgi:error] [pid 17762:tid 1840247840] oooookkkk
[Mon Apr 06 21:39:54.783544 2020] [wsgi:error] [pid 17762:tid 1882190880] oooooooouuuuuuuuuuiiiiiiiiii
[Mon Apr 06 21:39:54.783856 2020] [wsgi:error] [pid 17762:tid 1882190880] <generator object Bus_ports_extender.read at 0x70cc4730>
[Mon Apr 06 21:39:54.783991 2020] [wsgi:error] [pid 17762:tid 1882190880] oooooooouuuuuuuuuuiiiiiiiiii
[Mon Apr 06 21:39:54.784924 2020] [wsgi:error] [pid 17762:tid 1882190880] data =00000000
[Mon Apr 06 21:39:54.789426 2020] [wsgi:error] [pid 17762:tid 1840247840] on ecrit donc 11111111 dans resgistre 0x12 port 0x21
[Mon Apr 06 21:39:54.790324 2020] [wsgi:error] [pid 17762:tid 1840247840] oooookkkk
[Mon Apr 06 21:40:05.429110 2020] [wsgi:error] [pid 17762:tid 1882190880] oooooooouuuuuuuuuuiiiiiiiiii
[Mon Apr 06 21:40:05.429418 2020] [wsgi:error] [pid 17762:tid 1882190880] <generator object Bus_ports_extender.read at 0x70cc4730>
[Mon Apr 06 21:40:05.429555 2020] [wsgi:error] [pid 17762:tid 1882190880] oooooooouuuuuuuuuuiiiiiiiiii
[Mon Apr 06 21:40:05.430479 2020] [wsgi:error] [pid 17762:tid 1882190880] data =10000000
[Mon Apr 06 21:40:05.430623 2020] [wsgi:error] [pid 17762:tid 1882190880] 1
[Mon Apr 06 21:40:05.430754 2020] [wsgi:error] [pid 17762:tid 1882190880] [1]
[Mon Apr 06 21:40:05.430908 2020] [wsgi:error] [pid 17762:tid 1882190880] bas_escalier_\xc3\xa9tage
[Mon Apr 06 21:40:05.431138 2020] [wsgi:error] [pid 17762:tid 1882190880] allumer
[Mon Apr 06 21:40:05.431345 2020] [wsgi:error] [pid 17762:tid 1882190880] False
[Mon Apr 06 21:40:05.431745 2020] [wsgi:error] [pid 17762:tid 1882190880] ok
[Mon Apr 06 21:40:05.431929 2020] [wsgi:error] [pid 17762:tid 1882190880] allumer
[Mon Apr 06 21:40:05.432127 2020] [wsgi:error] [pid 17762:tid 1882190880] ok
[Mon Apr 06 21:40:05.433232 2020] [wsgi:error] [pid 17762:tid 1871705120] liste barrier =  [1, 1, 1, 2]
[Mon Apr 06 21:40:05.433674 2020] [wsgi:error] [pid 17762:tid 1882190880] eteindre
[Mon Apr 06 21:40:05.436398 2020] [wsgi:error] [pid 17762:tid 1840247840] on ecrit donc 10111111 dans resgistre 0x12 port 0x21
[Mon Apr 06 21:40:05.437763 2020] [wsgi:error] [pid 17762:tid 1840247840] oooookkkk
[Mon Apr 06 21:40:05.438122 2020] [wsgi:error] [pid 17762:tid 1831855136] couleur =  0x000000  couleur voulut =  0xff0000
[Mon Apr 06 21:40:05.439272 2020] [wsgi:error] [pid 17762:tid 1831855136] 0xff0000
[Mon Apr 06 21:40:05.439719 2020] [wsgi:error] [pid 17762:tid 1840247840] couleur =  0x000000  couleur voulut =  0xff0000
[Mon Apr 06 21:40:05.439962 2020] [wsgi:error] [pid 17762:tid 1831855136] 0x000000
[Mon Apr 06 21:40:05.443705 2020] [wsgi:error] [pid 17762:tid 1840247840] 0xff0000
[Mon Apr 06 21:40:05.444400 2020] [wsgi:error] [pid 17762:tid 1840247840] 0x000000
[Mon Apr 06 21:40:05.477971 2020] [wsgi:error] [pid 17762:tid 1831855136] led_escalier_haut n'arrive pas a se connecter 
[Mon Apr 06 21:40:05.533973 2020] [wsgi:error] [pid 17762:tid 1840247840] led_escalier_bas n'arrive pas a se connecter 
[Mon Apr 06 21:40:06.446026 2020] [wsgi:error] [pid 17762:tid 1823462432] on ecrit donc 00111111 dans resgistre 0x12 port 0x21
[Mon Apr 06 21:40:06.446570 2020] [wsgi:error] [pid 17762:tid 1823462432] oooookkkk
[Mon Apr 06 21:40:06.496742 2020] [wsgi:error] [pid 17762:tid 1831855136] led_escalier_haut n'arrive pas a se connecter 
[Mon Apr 06 21:40:06.552758 2020] [wsgi:error] [pid 17762:tid 1840247840] led_escalier_bas n'arrive pas a se connecter 
[Mon Apr 06 21:40:07.137514 2020] [wsgi:error] [pid 17762:tid 1850733600] led_escalier_bas n'arrive pas a se connecter 
[Mon Apr 06 21:40:07.137757 2020] [wsgi:error] [pid 17762:tid 1861219360] led_escalier_haut n'arrive pas a se connecter 
[Mon Apr 06 21:40:07.437530 2020] [wsgi:error] [pid 17762:tid 1882190880] oooooooouuuuuuuuuuiiiiiiiiii
[Mon Apr 06 21:40:07.437690 2020] [wsgi:error] [pid 17762:tid 1882190880] <generator object Bus_ports_extender.read at 0x70cc4730>
[Mon Apr 06 21:40:07.437754 2020] [wsgi:error] [pid 17762:tid 1882190880] oooooooouuuuuuuuuuiiiiiiiiii
[Mon Apr 06 21:40:07.438342 2020] [wsgi:error] [pid 17762:tid 1882190880] data =00000000
[Mon Apr 06 21:40:07.448433 2020] [wsgi:error] [pid 17762:tid 1823462432] on ecrit donc 11101011 dans resgistre 0x13 port 0x21
[Mon Apr 06 21:40:07.448940 2020] [wsgi:error] [pid 17762:tid 1823462432] oooookkkk
[Mon Apr 06 21:40:08.174090 2020] [wsgi:error] [pid 17762:tid 1850733600] led_escalier_bas n'arrive pas a se connecter 
[Mon Apr 06 21:40:08.180687 2020] [wsgi:error] [pid 17762:tid 1861219360] led_escalier_haut n'arrive pas a se connecter 
[Mon Apr 06 21:40:09.195058 2020] [wsgi:error] [pid 17762:tid 1850733600] led_escalier_bas n'arrive pas a se connecter 
[Mon Apr 06 21:40:09.201976 2020] [wsgi:error] [pid 17762:tid 1861219360] led_escalier_haut n'arrive pas a se connecter 
[Mon Apr 06 21:40:10.216110 2020] [wsgi:error] [pid 17762:tid 1850733600] led_escalier_bas n'arrive pas a se connecter 
[Mon Apr 06 21:40:10.223166 2020] [wsgi:error] [pid 17762:tid 1861219360] led_escalier_haut n'arrive pas a se connecter 
[Mon Apr 06 21:40:10.726746 2020] [wsgi:error] [pid 17762:tid 1882190880] oooooooouuuuuuuuuuiiiiiiiiii
[Mon Apr 06 21:40:10.726966 2020] [wsgi:error] [pid 17762:tid 1882190880] <generator object Bus_ports_extender.read at 0x70cc4770>
[Mon Apr 06 21:40:10.728251 2020] [wsgi:error] [pid 17762:tid 1882190880] oooooooouuuuuuuuuuiiiiiiiiii
[Mon Apr 06 21:40:10.728905 2020] [wsgi:error] [pid 17762:tid 1882190880] data =10000000
[Mon Apr 06 21:40:10.728997 2020] [wsgi:error] [pid 17762:tid 1882190880] 1
[Mon Apr 06 21:40:10.729084 2020] [wsgi:error] [pid 17762:tid 1882190880] [1]
[Mon Apr 06 21:40:10.729192 2020] [wsgi:error] [pid 17762:tid 1882190880] bas_escalier_\xc3\xa9tage
[Mon Apr 06 21:40:10.729281 2020] [wsgi:error] [pid 17762:tid 1882190880] eteindre
[Mon Apr 06 21:40:10.729380 2020] [wsgi:error] [pid 17762:tid 1882190880] False
[Mon Apr 06 21:40:10.729422 2020] [wsgi:error] [pid 17762:tid 1882190880] ok
[Mon Apr 06 21:40:10.729497 2020] [wsgi:error] [pid 17762:tid 1882190880] eteindre
[Mon Apr 06 21:40:10.729536 2020] [wsgi:error] [pid 17762:tid 1882190880] ok
[Mon Apr 06 21:40:10.730487 2020] [wsgi:error] [pid 17762:tid 1823462432] liste barrier =  [1, 1, 1, 1, 1, 0]
[Mon Apr 06 21:40:10.730610 2020] [wsgi:error] [pid 17762:tid 1882190880] allumer
[Mon Apr 06 21:40:10.732033 2020] [wsgi:error] [pid 17762:tid 1815069728] couleur =  0x000000  couleur voulut =  0x000000
[Mon Apr 06 21:40:10.732745 2020] [wsgi:error] [pid 17762:tid 1806677024] couleur =  0x000000  couleur voulut =  0x000000
[Mon Apr 06 21:40:10.732838 2020] [wsgi:error] [pid 17762:tid 1815069728] on fait rien
[Mon Apr 06 21:40:10.733516 2020] [wsgi:error] [pid 17762:tid 1806677024] on fait rien
[Mon Apr 06 21:40:10.734549 2020] [wsgi:error] [pid 17762:tid 1798284320] on ecrit donc 11101111 dans resgistre 0x13 port 0x21
[Mon Apr 06 21:40:10.735199 2020] [wsgi:error] [pid 17762:tid 1798284320] oooookkkk
[Mon Apr 06 21:40:11.253916 2020] [wsgi:error] [pid 17762:tid 1850733600] led_escalier_bas n'arrive pas a se connecter 
[Mon Apr 06 21:40:11.270681 2020] [wsgi:error] [pid 17762:tid 1861219360] led_escalier_haut n'arrive pas a se connecter 
[Mon Apr 06 21:40:11.737264 2020] [wsgi:error] [pid 17762:tid 1798284320] on ecrit donc 10111111 dans resgistre 0x12 port 0x21
[Mon Apr 06 21:40:11.737819 2020] [wsgi:error] [pid 17762:tid 1798284320] oooookkkk
[Mon Apr 06 21:40:12.291144 2020] [wsgi:error] [pid 17762:tid 1850733600] led_escalier_bas n'arrive pas a se connecter 
[Mon Apr 06 21:40:12.305644 2020] [wsgi:error] [pid 17762:tid 1861219360] led_escalier_haut n'arrive pas a se connecter 
[Mon Apr 06 21:40:12.732932 2020] [wsgi:error] [pid 17762:tid 1882190880] oooooooouuuuuuuuuuiiiiiiiiii
[Mon Apr 06 21:40:12.733095 2020] [wsgi:error] [pid 17762:tid 1882190880] <generator object Bus_ports_extender.read at 0x70cc4770>
[Mon Apr 06 21:40:12.733571 2020] [wsgi:error] [pid 17762:tid 1882190880] oooooooouuuuuuuuuuiiiiiiiiii
[Mon Apr 06 21:40:12.734391 2020] [wsgi:error] [pid 17762:tid 1882190880] data =00000000
[Mon Apr 06 21:40:12.739747 2020] [wsgi:error] [pid 17762:tid 1798284320] on ecrit donc 11111111 dans resgistre 0x12 port 0x21
[Mon Apr 06 21:40:12.740408 2020] [wsgi:error] [pid 17762:tid 1798284320] oooookkkk
[Mon Apr 06 21:40:13.315759 2020] [wsgi:error] [pid 17762:tid 1850733600] led_escalier_bas n'arrive pas a se connecter 
[Mon Apr 06 21:40:13.325269 2020] [wsgi:error] [pid 17762:tid 1861219360] led_escalier_haut n'arrive pas a se connecter 
[Mon Apr 06 21:40:14.337691 2020] [wsgi:error] [pid 17762:tid 1850733600] led_escalier_bas n'arrive pas a se connecter 
[Mon Apr 06 21:40:14.345657 2020] [wsgi:error] [pid 17762:tid 1861219360] led_escalier_haut n'arrive pas a se connecter 
[Mon Apr 06 21:40:15.372241 2020] [wsgi:error] [pid 17762:tid 1850733600] led_escalier_bas n'arrive pas a se connecter 
[Mon Apr 06 21:40:15.382971 2020] [wsgi:error] [pid 17762:tid 1861219360] led_escalier_haut n'arrive pas a se connecter 
[Mon Apr 06 21:40:16.408229 2020] [wsgi:error] [pid 17762:tid 1850733600] led_escalier_bas n'arrive pas a se connecter 
[Mon Apr 06 21:40:16.419371 2020] [wsgi:error] [pid 17762:tid 1861219360] led_escalier_haut n'arrive pas a se connecter 
[Mon Apr 06 21:40:17.411322 2020] [wsgi:error] [pid 17762:tid 1850733600] l'instruction sur led_escalier_bas a plant\xc3\xa9
[Mon Apr 06 21:40:17.411655 2020] [wsgi:error] [pid 17762:tid 1850733600] on attend
[Mon Apr 06 21:40:17.411796 2020] [wsgi:error] [pid 17762:tid 1850733600] on part !!!
[Mon Apr 06 21:40:17.420804 2020] [wsgi:error] [pid 17762:tid 1861219360] l'instruction sur led_escalier_haut a plant\xc3\xa9
[Mon Apr 06 21:40:17.421051 2020] [wsgi:error] [pid 17762:tid 1861219360] on attend
[Mon Apr 06 21:40:17.421241 2020] [wsgi:error] [pid 17762:tid 1861219360] on part !!!
[Mon Apr 06 21:40:20.012271 2020] [wsgi:error] [pid 17762:tid 1882190880] oooooooouuuuuuuuuuiiiiiiiiii
[Mon Apr 06 21:40:20.012462 2020] [wsgi:error] [pid 17762:tid 1882190880] <generator object Bus_ports_extender.read at 0x70cc4770>
[Mon Apr 06 21:40:20.012548 2020] [wsgi:error] [pid 17762:tid 1882190880] oooooooouuuuuuuuuuiiiiiiiiii
[Mon Apr 06 21:40:20.013141 2020] [wsgi:error] [pid 17762:tid 1882190880] data =00000000
[Mon Apr 06 21:40:20.013299 2020] [wsgi:error] [pid 17762:tid 1882190880] oooooooouuuuuuuuuuiiiiiiiiii
[Mon Apr 06 21:40:20.013363 2020] [wsgi:error] [pid 17762:tid 1882190880] <generator object Bus_ports_extender.read at 0x70cc4770>
[Mon Apr 06 21:40:20.013468 2020] [wsgi:error] [pid 17762:tid 1882190880] oooooooouuuuuuuuuuiiiiiiiiii
[Mon Apr 06 21:40:20.014011 2020] [wsgi:error] [pid 17762:tid 1882190880] data =00000000
[Mon Apr 06 21:40:20.015441 2020] [wsgi:error] [pid 17762:tid 1882190880] oooooooouuuuuuuuuuiiiiiiiiii
[Mon Apr 06 21:40:20.015532 2020] [wsgi:error] [pid 17762:tid 1882190880] <generator object Bus_ports_extender.read at 0x70cc4770>
[Mon Apr 06 21:40:20.015590 2020] [wsgi:error] [pid 17762:tid 1882190880] oooooooouuuuuuuuuuiiiiiiiiii
[Mon Apr 06 21:40:20.016122 2020] [wsgi:error] [pid 17762:tid 1882190880] data =10000000
[Mon Apr 06 21:40:20.016211 2020] [wsgi:error] [pid 17762:tid 1882190880] 1
[Mon Apr 06 21:40:20.016290 2020] [wsgi:error] [pid 17762:tid 1882190880] [1]
[Mon Apr 06 21:40:20.016388 2020] [wsgi:error] [pid 17762:tid 1882190880] bas_escalier_\xc3\xa9tage
[Mon Apr 06 21:40:20.016443 2020] [wsgi:error] [pid 17762:tid 1882190880] allumer
[Mon Apr 06 21:40:20.016503 2020] [wsgi:error] [pid 17762:tid 1882190880] False
[Mon Apr 06 21:40:20.016540 2020] [wsgi:error] [pid 17762:tid 1882190880] ok
[Mon Apr 06 21:40:20.016577 2020] [wsgi:error] [pid 17762:tid 1882190880] allumer
[Mon Apr 06 21:40:20.016628 2020] [wsgi:error] [pid 17762:tid 1882190880] ok
[Mon Apr 06 21:40:20.017321 2020] [wsgi:error] [pid 17762:tid 1892279328] liste barrier =  [1, 1, 1, 2]
[Mon Apr 06 21:40:20.017417 2020] [wsgi:error] [pid 17762:tid 1882190880] eteindre
[Mon Apr 06 21:40:20.019003 2020] [wsgi:error] [pid 17762:tid 1850733600] on ecrit donc 10111111 dans resgistre 0x12 port 0x21
[Mon Apr 06 21:40:20.019864 2020] [wsgi:error] [pid 17762:tid 1850733600] oooookkkk
[Mon Apr 06 21:40:20.020063 2020] [wsgi:error] [pid 17762:tid 1861219360] couleur =  0x000000  couleur voulut =  0xff0000
[Mon Apr 06 21:40:20.020760 2020] [wsgi:error] [pid 17762:tid 1861219360] 0xff0000
[Mon Apr 06 21:40:20.020962 2020] [wsgi:error] [pid 17762:tid 1850733600] couleur =  0x000000  couleur voulut =  0xff0000
[Mon Apr 06 21:40:20.021148 2020] [wsgi:error] [pid 17762:tid 1861219360] 0x000000
[Mon Apr 06 21:40:20.022860 2020] [wsgi:error] [pid 17762:tid 1850733600] 0xff0000
[Mon Apr 06 21:40:20.023197 2020] [wsgi:error] [pid 17762:tid 1850733600] 0x000000
[Mon Apr 06 21:40:20.045338 2020] [wsgi:error] [pid 17762:tid 1861219360] led_escalier_haut n'arrive pas a se connecter 
[Mon Apr 06 21:40:20.051832 2020] [wsgi:error] [pid 17762:tid 1850733600] led_escalier_bas n'arrive pas a se connecter 
[Mon Apr 06 21:40:21.026808 2020] [wsgi:error] [pid 17762:tid 1823462432] on ecrit donc 00111111 dans resgistre 0x12 port 0x21
[Mon Apr 06 21:40:21.027688 2020] [wsgi:error] [pid 17762:tid 1823462432] oooookkkk
[Mon Apr 06 21:40:21.081076 2020] [wsgi:error] [pid 17762:tid 1861219360] led_escalier_haut n'arrive pas a se connecter 
[Mon Apr 06 21:40:21.090576 2020] [wsgi:error] [pid 17762:tid 1850733600] led_escalier_bas n'arrive pas a se connecter 
[Mon Apr 06 21:40:22.020748 2020] [wsgi:error] [pid 17762:tid 1882190880] oooooooouuuuuuuuuuiiiiiiiiii
[Mon Apr 06 21:40:22.021198 2020] [wsgi:error] [pid 17762:tid 1882190880] <generator object Bus_ports_extender.read at 0x70cc4770>
[Mon Apr 06 21:40:22.021486 2020] [wsgi:error] [pid 17762:tid 1882190880] oooooooouuuuuuuuuuiiiiiiiiii
[Mon Apr 06 21:40:22.022574 2020] [wsgi:error] [pid 17762:tid 1882190880] data =00000000
[Mon Apr 06 21:40:22.030439 2020] [wsgi:error] [pid 17762:tid 1823462432] on ecrit donc 11101011 dans resgistre 0x13 port 0x21
[Mon Apr 06 21:40:22.031281 2020] [wsgi:error] [pid 17762:tid 1823462432] oooookkkk
[Mon Apr 06 21:40:22.116754 2020] [wsgi:error] [pid 17762:tid 1861219360] led_escalier_haut n'arrive pas a se connecter 
[Mon Apr 06 21:40:22.129381 2020] [wsgi:error] [pid 17762:tid 1850733600] led_escalier_bas n'arrive pas a se connecter 
[Mon Apr 06 21:40:23.152048 2020] [wsgi:error] [pid 17762:tid 1861219360] led_escalier_haut n'arrive pas a se connecter 
[Mon Apr 06 21:40:23.164400 2020] [wsgi:error] [pid 17762:tid 1850733600] led_escalier_bas n'arrive pas a se connecter 
[Mon Apr 06 21:40:24.175188 2020] [wsgi:error] [pid 17762:tid 1861219360] led_escalier_haut n'arrive pas a se connecter 
[Mon Apr 06 21:40:24.184288 2020] [wsgi:error] [pid 17762:tid 1850733600] led_escalier_bas n'arrive pas a se connecter 
[Mon Apr 06 21:40:25.196774 2020] [wsgi:error] [pid 17762:tid 1861219360] led_escalier_haut n'arrive pas a se connecter 
[Mon Apr 06 21:40:25.205534 2020] [wsgi:error] [pid 17762:tid 1850733600] led_escalier_bas n'arrive pas a se connecter 
[Mon Apr 06 21:40:26.218549 2020] [wsgi:error] [pid 17762:tid 1861219360] led_escalier_haut n'arrive pas a se connecter 
[Mon Apr 06 21:40:26.227524 2020] [wsgi:error] [pid 17762:tid 1850733600] led_escalier_bas n'arrive pas a se connecter 
[Mon Apr 06 21:40:27.254783 2020] [wsgi:error] [pid 17762:tid 1861219360] led_escalier_haut n'arrive pas a se connecter 
[Mon Apr 06 21:40:27.264086 2020] [wsgi:error] [pid 17762:tid 1850733600] led_escalier_bas n'arrive pas a se connecter 
[Mon Apr 06 21:40:28.292948 2020] [wsgi:error] [pid 17762:tid 1861219360] led_escalier_haut n'arrive pas a se connecter 
[Mon Apr 06 21:40:28.302255 2020] [wsgi:error] [pid 17762:tid 1850733600] led_escalier_bas n'arrive pas a se connecter 
[Mon Apr 06 21:40:29.329419 2020] [wsgi:error] [pid 17762:tid 1861219360] led_escalier_haut n'arrive pas a se connecter 
[Mon Apr 06 21:40:29.338488 2020] [wsgi:error] [pid 17762:tid 1850733600] led_escalier_bas n'arrive pas a se connecter 
[Mon Apr 06 21:40:30.331458 2020] [wsgi:error] [pid 17762:tid 1861219360] l'instruction sur led_escalier_haut a plant\xc3\xa9
[Mon Apr 06 21:40:30.332107 2020] [wsgi:error] [pid 17762:tid 1861219360] on attend
[Mon Apr 06 21:40:30.332459 2020] [wsgi:error] [pid 17762:tid 1861219360] on part !!!
[Mon Apr 06 21:40:30.339742 2020] [wsgi:error] [pid 17762:tid 1850733600] l'instruction sur led_escalier_bas a plant\xc3\xa9
[Mon Apr 06 21:40:30.339914 2020] [wsgi:error] [pid 17762:tid 1850733600] on attend
[Mon Apr 06 21:40:30.340098 2020] [wsgi:error] [pid 17762:tid 1850733600] on part !!!
[Mon Apr 06 21:40:48.095912 2020] [wsgi:error] [pid 17762:tid 1831855136] led_escalier_haut n'arrive pas a se connecter 
[Mon Apr 06 21:40:48.096671 2020] [wsgi:error] [pid 17762:tid 1840247840] led_escalier_bas n'arrive pas a se connecter 
[Mon Apr 06 21:41:29.697240 2020] [wsgi:error] [pid 17762:tid 1831855136] led_escalier_haut n'arrive pas a se connecter 
[Mon Apr 06 21:41:29.699532 2020] [wsgi:error] [pid 17762:tid 1840247840] led_escalier_bas n'arrive pas a se connecter 
[Mon Apr 06 21:42:11.297581 2020] [wsgi:error] [pid 17762:tid 1831855136] led_escalier_haut n'arrive pas a se connecter 
[Mon Apr 06 21:42:11.297855 2020] [wsgi:error] [pid 17762:tid 1840247840] led_escalier_bas n'arrive pas a se connecter 
[Mon Apr 06 21:42:34.091759 2020] [wsgi:error] [pid 17762:tid 1882190880] oooooooouuuuuuuuuuiiiiiiiiii
[Mon Apr 06 21:42:34.092105 2020] [wsgi:error] [pid 17762:tid 1882190880] <generator object Bus_ports_extender.read at 0x70cc4670>
[Mon Apr 06 21:42:34.092258 2020] [wsgi:error] [pid 17762:tid 1882190880] oooooooouuuuuuuuuuiiiiiiiiii
[Mon Apr 06 21:42:34.093251 2020] [wsgi:error] [pid 17762:tid 1882190880] data =10000000
[Mon Apr 06 21:42:34.093475 2020] [wsgi:error] [pid 17762:tid 1882190880] 1
[Mon Apr 06 21:42:34.093687 2020] [wsgi:error] [pid 17762:tid 1882190880] [1]
[Mon Apr 06 21:42:34.093921 2020] [wsgi:error] [pid 17762:tid 1882190880] bas_escalier_\xc3\xa9tage
[Mon Apr 06 21:42:34.094092 2020] [wsgi:error] [pid 17762:tid 1882190880] eteindre
[Mon Apr 06 21:42:34.094206 2020] [wsgi:error] [pid 17762:tid 1882190880] False
[Mon Apr 06 21:42:34.094278 2020] [wsgi:error] [pid 17762:tid 1882190880] ok
[Mon Apr 06 21:42:34.094387 2020] [wsgi:error] [pid 17762:tid 1882190880] eteindre
[Mon Apr 06 21:42:34.094460 2020] [wsgi:error] [pid 17762:tid 1882190880] ok
[Mon Apr 06 21:42:34.096404 2020] [wsgi:error] [pid 17762:tid 1892279328] liste barrier =  [1, 1, 1, 1, 1, 0]
[Mon Apr 06 21:42:34.096695 2020] [wsgi:error] [pid 17762:tid 1882190880] allumer
[Mon Apr 06 21:42:34.098976 2020] [wsgi:error] [pid 17762:tid 1850733600] couleur =  0x000000  couleur voulut =  0x000000
[Mon Apr 06 21:42:34.099914 2020] [wsgi:error] [pid 17762:tid 1850733600] on fait rien
[Mon Apr 06 21:42:34.100900 2020] [wsgi:error] [pid 17762:tid 1861219360] couleur =  0x000000  couleur voulut =  0x000000
[Mon Apr 06 21:42:34.101970 2020] [wsgi:error] [pid 17762:tid 1861219360] on fait rien
[Mon Apr 06 21:42:34.103255 2020] [wsgi:error] [pid 17762:tid 1850733600] on ecrit donc 11101111 dans resgistre 0x13 port 0x21
[Mon Apr 06 21:42:34.104964 2020] [wsgi:error] [pid 17762:tid 1850733600] oooookkkk
[Mon Apr 06 21:42:35.107257 2020] [wsgi:error] [pid 17762:tid 1850733600] on ecrit donc 10111111 dans resgistre 0x12 port 0x21
[Mon Apr 06 21:42:35.108090 2020] [wsgi:error] [pid 17762:tid 1850733600] oooookkkk
[Mon Apr 06 21:42:36.100911 2020] [wsgi:error] [pid 17762:tid 1882190880] oooooooouuuuuuuuuuiiiiiiiiii
[Mon Apr 06 21:42:36.101692 2020] [wsgi:error] [pid 17762:tid 1882190880] <generator object Bus_ports_extender.read at 0x70cc4670>
[Mon Apr 06 21:42:36.102172 2020] [wsgi:error] [pid 17762:tid 1882190880] oooooooouuuuuuuuuuiiiiiiiiii
[Mon Apr 06 21:42:36.103399 2020] [wsgi:error] [pid 17762:tid 1882190880] data =00000000
[Mon Apr 06 21:42:36.110239 2020] [wsgi:error] [pid 17762:tid 1850733600] on ecrit donc 11111111 dans resgistre 0x12 port 0x21
[Mon Apr 06 21:42:36.111151 2020] [wsgi:error] [pid 17762:tid 1850733600] oooookkkk
[Mon Apr 06 21:42:52.897554 2020] [wsgi:error] [pid 17762:tid 1831855136] led_escalier_haut n'arrive pas a se connecter 
[Mon Apr 06 21:42:52.897814 2020] [wsgi:error] [pid 17762:tid 1840247840] led_escalier_bas n'arrive pas a se connecter 
[Mon Apr 06 21:43:34.497686 2020] [wsgi:error] [pid 17762:tid 1831855136] led_escalier_haut n'arrive pas a se connecter 
[Mon Apr 06 21:43:34.497967 2020] [wsgi:error] [pid 17762:tid 1840247840] led_escalier_bas n'arrive pas a se connecter 
[Mon Apr 06 21:44:16.096028 2020] [wsgi:error] [pid 17762:tid 1831855136] led_escalier_haut n'arrive pas a se connecter 
[Mon Apr 06 21:44:16.096173 2020] [wsgi:error] [pid 17762:tid 1840247840] led_escalier_bas n'arrive pas a se connecter 
[Mon Apr 06 21:44:57.698107 2020] [wsgi:error] [pid 17762:tid 1831855136] led_escalier_haut n'arrive pas a se connecter 
[Mon Apr 06 21:44:57.698382 2020] [wsgi:error] [pid 17762:tid 1840247840] led_escalier_bas n'arrive pas a se connecter 
