[Thu Apr 30 17:46:22.497286 2020] [wsgi:error] [pid 11683:tid 1871705120] led_mur_pierre_haut  met le dimmeur a  0  de couleur  0x060000
[Thu Apr 30 17:46:22.612889 2020] [wsgi:error] [pid 11683:tid 1871705120] led_mur_pierre_haut  met le dimmeur a  0  de couleur  0x060000
[Thu Apr 30 17:46:22.613000 2020] [wsgi:error] [pid 11683:tid 1850733600]  le projecteur projo_32 a mis 6.207416534423828 s a s'allumer au lieu de 5
[Thu Apr 30 17:46:22.727021 2020] [wsgi:error] [pid 11683:tid 1871705120] led_mur_pierre_haut  met le dimmeur a  0  de couleur  0x060000
[Thu Apr 30 17:46:22.835107 2020] [wsgi:error] [pid 11683:tid 1871705120] led_mur_pierre_haut  met le dimmeur a  0  de couleur  0x060000
[Thu Apr 30 17:46:22.947831 2020] [wsgi:error] [pid 11683:tid 1871705120] led_mur_pierre_haut  met le dimmeur a  0  de couleur  0x060000
[Thu Apr 30 17:46:23.058391 2020] [wsgi:error] [pid 11683:tid 1871705120] led_mur_pierre_haut  met le dimmeur a  0  de couleur  0x060000
[Thu Apr 30 17:46:23.198981 2020] [wsgi:error] [pid 11683:tid 1871705120] led_mur_pierre_haut  met le dimmeur a  0  de couleur  0x070000
[Thu Apr 30 17:46:23.306539 2020] [wsgi:error] [pid 11683:tid 1871705120] led_mur_pierre_haut  met le dimmeur a  0  de couleur  0x070000
[Thu Apr 30 17:46:23.419923 2020] [wsgi:error] [pid 11683:tid 1871705120] led_mur_pierre_haut  met le dimmeur a  0  de couleur  0x070000
[Thu Apr 30 17:46:23.530499 2020] [wsgi:error] [pid 11683:tid 1871705120] led_mur_pierre_haut  met le dimmeur a  0  de couleur  0x070000
[Thu Apr 30 17:46:23.643154 2020] [wsgi:error] [pid 11683:tid 1871705120] led_mur_pierre_haut  met le dimmeur a  0  de couleur  0x070000
[Thu Apr 30 17:46:23.753699 2020] [wsgi:error] [pid 11683:tid 1871705120] led_mur_pierre_haut  met le dimmeur a  0  de couleur  0x070000
[Thu Apr 30 17:46:23.879455 2020] [wsgi:error] [pid 11683:tid 1871705120] led_mur_pierre_haut  met le dimmeur a  0  de couleur  0x070000
[Thu Apr 30 17:46:24.020791 2020] [wsgi:error] [pid 11683:tid 1871705120] led_mur_pierre_haut  met le dimmeur a  0  de couleur  0x080000
[Thu Apr 30 17:46:24.129327 2020] [wsgi:error] [pid 11683:tid 1871705120] led_mur_pierre_haut  met le dimmeur a  0  de couleur  0x080000
[Thu Apr 30 17:46:24.237242 2020] [wsgi:error] [pid 11683:tid 1871705120] led_mur_pierre_haut  met le dimmeur a  0  de couleur  0x080000
[Thu Apr 30 17:46:24.347807 2020] [wsgi:error] [pid 11683:tid 1871705120] led_mur_pierre_haut  met le dimmeur a  0  de couleur  0x080000
[Thu Apr 30 17:46:24.463389 2020] [wsgi:error] [pid 11683:tid 1871705120] led_mur_pierre_haut  met le dimmeur a  0  de couleur  0x080000
[Thu Apr 30 17:46:24.573968 2020] [wsgi:error] [pid 11683:tid 1871705120] led_mur_pierre_haut  met le dimmeur a  0  de couleur  0x080000
[Thu Apr 30 17:46:24.712885 2020] [wsgi:error] [pid 11683:tid 1871705120] led_mur_pierre_haut  met le dimmeur a  0  de couleur  0x090000
[Thu Apr 30 17:46:24.830581 2020] [wsgi:error] [pid 11683:tid 1871705120] led_mur_pierre_haut  met le dimmeur a  0  de couleur  0x090000
[Thu Apr 30 17:46:24.937922 2020] [wsgi:error] [pid 11683:tid 1871705120] led_mur_pierre_haut  met le dimmeur a  0  de couleur  0x090000
[Thu Apr 30 17:46:25.048452 2020] [wsgi:error] [pid 11683:tid 1871705120] led_mur_pierre_haut  met le dimmeur a  0  de couleur  0x090000
[Thu Apr 30 17:46:25.164034 2020] [wsgi:error] [pid 11683:tid 1871705120] led_mur_pierre_haut  met le dimmeur a  0  de couleur  0x090000
[Thu Apr 30 17:46:25.279594 2020] [wsgi:error] [pid 11683:tid 1871705120] led_mur_pierre_haut  met le dimmeur a  0  de couleur  0x090000
[Thu Apr 30 17:46:25.393707 2020] [wsgi:error] [pid 11683:tid 1871705120] led_mur_pierre_haut  met le dimmeur a  0  de couleur  0x090000
[Thu Apr 30 17:46:25.497514 2020] [wsgi:error] [pid 11683:tid 1850733600] dimmeur_initial  =  0  / dimmeur_final =  20
[Thu Apr 30 17:46:25.505547 2020] [wsgi:error] [pid 11683:tid 1861219360] on sleep 3 s
[Thu Apr 30 17:46:25.559962 2020] [wsgi:error] [pid 11683:tid 1871705120] led_mur_pierre_haut  met le dimmeur a  0  de couleur  0x0a0000
[Thu Apr 30 17:46:25.683180 2020] [wsgi:error] [pid 11683:tid 1871705120] led_mur_pierre_haut  met le dimmeur a  0  de couleur  0x0a0000
[Thu Apr 30 17:46:25.723902 2020] [wsgi:error] [pid 11683:tid 1840247840]  le projecteur projo_33 a mis 6.287109851837158 s a s'allumer au lieu de 5
[Thu Apr 30 17:46:25.798455 2020] [wsgi:error] [pid 11683:tid 1871705120] led_mur_pierre_haut  met le dimmeur a  0  de couleur  0x0a0000
[Thu Apr 30 17:46:25.909093 2020] [wsgi:error] [pid 11683:tid 1871705120] led_mur_pierre_haut  met le dimmeur a  0  de couleur  0x0a0000
[Thu Apr 30 17:46:26.022504 2020] [wsgi:error] [pid 11683:tid 1871705120] led_mur_pierre_haut  met le dimmeur a  0  de couleur  0x0a0000
[Thu Apr 30 17:46:26.145815 2020] [wsgi:error] [pid 11683:tid 1871705120] led_mur_pierre_haut  met le dimmeur a  0  de couleur  0x0a0000
[Thu Apr 30 17:46:26.253619 2020] [wsgi:error] [pid 11683:tid 1871705120] led_mur_pierre_haut  met le dimmeur a  0  de couleur  0x0a0000
[Thu Apr 30 17:46:26.385143 2020] [wsgi:error] [pid 11683:tid 1871705120] led_mur_pierre_haut  met le dimmeur a  0  de couleur  0x0b0000
[Thu Apr 30 17:46:26.499097 2020] [wsgi:error] [pid 11683:tid 1871705120] led_mur_pierre_haut  met le dimmeur a  0  de couleur  0x0b0000
[Thu Apr 30 17:46:26.607691 2020] [wsgi:error] [pid 11683:tid 1871705120] led_mur_pierre_haut  met le dimmeur a  0  de couleur  0x0b0000
[Thu Apr 30 17:46:26.718213 2020] [wsgi:error] [pid 11683:tid 1871705120] led_mur_pierre_haut  met le dimmeur a  0  de couleur  0x0b0000
[Thu Apr 30 17:46:26.840730 2020] [wsgi:error] [pid 11683:tid 1871705120] led_mur_pierre_haut  met le dimmeur a  0  de couleur  0x0b0000
[Thu Apr 30 17:46:26.966514 2020] [wsgi:error] [pid 11683:tid 1871705120] led_mur_pierre_haut  met le dimmeur a  0  de couleur  0x0b0000
[Thu Apr 30 17:46:27.091760 2020] [wsgi:error] [pid 11683:tid 1871705120] led_mur_pierre_haut  met le dimmeur a  0  de couleur  0x0c0000
[Thu Apr 30 17:46:27.202344 2020] [wsgi:error] [pid 11683:tid 1871705120] led_mur_pierre_haut  met le dimmeur a  0  de couleur  0x0c0000
[Thu Apr 30 17:46:27.312692 2020] [wsgi:error] [pid 11683:tid 1871705120] led_mur_pierre_haut  met le dimmeur a  0  de couleur  0x0c0000
[Thu Apr 30 17:46:27.423310 2020] [wsgi:error] [pid 11683:tid 1871705120] led_mur_pierre_haut  met le dimmeur a  0  de couleur  0x0c0000
[Thu Apr 30 17:46:27.535608 2020] [wsgi:error] [pid 11683:tid 1871705120] led_mur_pierre_haut  met le dimmeur a  0  de couleur  0x0c0000
[Thu Apr 30 17:46:27.646109 2020] [wsgi:error] [pid 11683:tid 1871705120] led_mur_pierre_haut  met le dimmeur a  0  de couleur  0x0c0000
[Thu Apr 30 17:46:27.761336 2020] [wsgi:error] [pid 11683:tid 1871705120] led_mur_pierre_haut  met le dimmeur a  0  de couleur  0x0c0000
[Thu Apr 30 17:46:27.881303 2020] [wsgi:error] [pid 11683:tid 1871705120] led_mur_pierre_haut  met le dimmeur a  0  de couleur  0x0d0000
[Thu Apr 30 17:46:28.001986 2020] [wsgi:error] [pid 11683:tid 1871705120] led_mur_pierre_haut  met le dimmeur a  0  de couleur  0x0d0000
[Thu Apr 30 17:46:28.115582 2020] [wsgi:error] [pid 11683:tid 1871705120] led_mur_pierre_haut  met le dimmeur a  0  de couleur  0x0d0000
[Thu Apr 30 17:46:28.246166 2020] [wsgi:error] [pid 11683:tid 1871705120] led_mur_pierre_haut  met le dimmeur a  0  de couleur  0x0d0000
[Thu Apr 30 17:46:28.356938 2020] [wsgi:error] [pid 11683:tid 1871705120] led_mur_pierre_haut  met le dimmeur a  0  de couleur  0x0d0000
[Thu Apr 30 17:46:28.478011 2020] [wsgi:error] [pid 11683:tid 1871705120] led_mur_pierre_haut  met le dimmeur a  0  de couleur  0x0d0000
[Thu Apr 30 17:46:28.530053 2020] [wsgi:error] [pid 11683:tid 1840247840] dimmeur_initial  =  0  / dimmeur_final =  20
[Thu Apr 30 17:46:28.540190 2020] [wsgi:error] [pid 11683:tid 1861219360] on sleep 3 s
[Thu Apr 30 17:46:28.599055 2020] [wsgi:error] [pid 11683:tid 1871705120] led_mur_pierre_haut  met le dimmeur a  0  de couleur  0x0d0000
[Thu Apr 30 17:46:28.722452 2020] [wsgi:error] [pid 11683:tid 1831855136]  le projecteur projo_34 a mis 6.2531962394714355 s a s'allumer au lieu de 5
[Thu Apr 30 17:46:28.728187 2020] [wsgi:error] [pid 11683:tid 1871705120] led_mur_pierre_haut  met le dimmeur a  0  de couleur  0x0e0000
[Thu Apr 30 17:46:28.838575 2020] [wsgi:error] [pid 11683:tid 1871705120] led_mur_pierre_haut  met le dimmeur a  0  de couleur  0x0e0000
[Thu Apr 30 17:46:28.954658 2020] [wsgi:error] [pid 11683:tid 1871705120] led_mur_pierre_haut  met le dimmeur a  0  de couleur  0x0e0000
[Thu Apr 30 17:46:29.075565 2020] [wsgi:error] [pid 11683:tid 1871705120] led_mur_pierre_haut  met le dimmeur a  0  de couleur  0x0e0000
[Thu Apr 30 17:46:29.186419 2020] [wsgi:error] [pid 11683:tid 1871705120] led_mur_pierre_haut  met le dimmeur a  0  de couleur  0x0e0000
[Thu Apr 30 17:46:29.293628 2020] [wsgi:error] [pid 11683:tid 1871705120] led_mur_pierre_haut  met le dimmeur a  0  de couleur  0x0e0000
[Thu Apr 30 17:46:29.430933 2020] [wsgi:error] [pid 11683:tid 1871705120] led_mur_pierre_haut  met le dimmeur a  0  de couleur  0x0f0000
[Thu Apr 30 17:46:31.565945 2020] [wsgi:error] [pid 11683:tid 1831855136] couleur =  0x000000  couleur voulut =  0x0f0300
[Thu Apr 30 17:46:31.576032 2020] [wsgi:error] [pid 11683:tid 1861219360] on sleep 0 s
[Thu Apr 30 17:46:31.597217 2020] [wsgi:error] [pid 11683:tid 1831855136] on essaie de se co a led_mur_pierre_droite
[Thu Apr 30 17:46:31.597418 2020] [wsgi:error] [pid 11683:tid 1815069728] couleur =  0x000000  couleur voulut =  0x0f0300
[Thu Apr 30 17:46:31.603717 2020] [wsgi:error] [pid 11683:tid 1815069728] on essaie de se co a led_mur_pierre_gauche
[Thu Apr 30 17:46:31.611867 2020] [wsgi:error] [pid 11683:tid 1831855136] Etat.ON Etat.ON
[Thu Apr 30 17:46:31.611946 2020] [wsgi:error] [pid 11683:tid 1861219360] on sleep 0 s
[Thu Apr 30 17:46:31.612018 2020] [wsgi:error] [pid 11683:tid 1815069728] Etat.ON Etat.ON
[Thu Apr 30 17:46:31.638159 2020] [wsgi:error] [pid 11683:tid 1806677024] dimmeur_initial  =  0  / dimmeur_final =  20
[Thu Apr 30 17:46:31.648214 2020] [wsgi:error] [pid 11683:tid 1861219360] on sleep 3 s
[Thu Apr 30 17:46:31.729632 2020] [wsgi:error] [pid 11683:tid 1850733600]  le projecteur projo_36 a mis 6.224146127700806 s a s'allumer au lieu de 5
[Thu Apr 30 17:46:32.829807 2020] [wsgi:error] [pid 11683:tid 1831855136] led_mur_pierre_droite  met le dimmeur a  0  de couleur  0x000000
[Thu Apr 30 17:46:32.932644 2020] [wsgi:error] [pid 11683:tid 1831855136] led_mur_pierre_droite  met le dimmeur a  0  de couleur  0x000000
[Thu Apr 30 17:46:33.037251 2020] [wsgi:error] [pid 11683:tid 1831855136] led_mur_pierre_droite  met le dimmeur a  0  de couleur  0x000000
[Thu Apr 30 17:46:33.127942 2020] [wsgi:error] [pid 11683:tid 1815069728] led_mur_pierre_gauche  met le dimmeur a  0  de couleur  0x000000
[Thu Apr 30 17:46:33.139806 2020] [wsgi:error] [pid 11683:tid 1831855136] led_mur_pierre_droite  met le dimmeur a  0  de couleur  0x000000
[Thu Apr 30 17:46:33.245539 2020] [wsgi:error] [pid 11683:tid 1815069728] led_mur_pierre_gauche  met le dimmeur a  0  de couleur  0x000000
[Thu Apr 30 17:46:33.253104 2020] [wsgi:error] [pid 11683:tid 1831855136] led_mur_pierre_droite  met le dimmeur a  0  de couleur  0x010000
[Thu Apr 30 17:46:33.357441 2020] [wsgi:error] [pid 11683:tid 1831855136] led_mur_pierre_droite  met le dimmeur a  0  de couleur  0x010000
[Thu Apr 30 17:46:33.359027 2020] [wsgi:error] [pid 11683:tid 1815069728] led_mur_pierre_gauche  met le dimmeur a  0  de couleur  0x000000
[Thu Apr 30 17:46:33.464358 2020] [wsgi:error] [pid 11683:tid 1831855136] led_mur_pierre_droite  met le dimmeur a  0  de couleur  0x010000
[Thu Apr 30 17:46:33.464865 2020] [wsgi:error] [pid 11683:tid 1815069728] led_mur_pierre_gauche  met le dimmeur a  0  de couleur  0x000000
[Thu Apr 30 17:46:33.611647 2020] [wsgi:error] [pid 11683:tid 1831855136] led_mur_pierre_droite  met le dimmeur a  0  de couleur  0x020000
[Thu Apr 30 17:46:33.625737 2020] [wsgi:error] [pid 11683:tid 1815069728] led_mur_pierre_gauche  met le dimmeur a  0  de couleur  0x010000
[Thu Apr 30 17:46:33.722609 2020] [wsgi:error] [pid 11683:tid 1831855136] led_mur_pierre_droite  met le dimmeur a  0  de couleur  0x020000
[Thu Apr 30 17:46:33.733459 2020] [wsgi:error] [pid 11683:tid 1815069728] led_mur_pierre_gauche  met le dimmeur a  0  de couleur  0x010000
[Thu Apr 30 17:46:33.833312 2020] [wsgi:error] [pid 11683:tid 1831855136] led_mur_pierre_droite  met le dimmeur a  0  de couleur  0x020000
[Thu Apr 30 17:46:33.843998 2020] [wsgi:error] [pid 11683:tid 1815069728] led_mur_pierre_gauche  met le dimmeur a  0  de couleur  0x010000
[Thu Apr 30 17:46:33.949660 2020] [wsgi:error] [pid 11683:tid 1831855136] led_mur_pierre_droite  met le dimmeur a  0  de couleur  0x030000
[Thu Apr 30 17:46:33.965434 2020] [wsgi:error] [pid 11683:tid 1815069728] led_mur_pierre_gauche  met le dimmeur a  0  de couleur  0x020000
[Thu Apr 30 17:46:34.055182 2020] [wsgi:error] [pid 11683:tid 1831855136] led_mur_pierre_droite  met le dimmeur a  0  de couleur  0x030000
[Thu Apr 30 17:46:34.075957 2020] [wsgi:error] [pid 11683:tid 1815069728] led_mur_pierre_gauche  met le dimmeur a  0  de couleur  0x020000
[Thu Apr 30 17:46:34.165733 2020] [wsgi:error] [pid 11683:tid 1831855136] led_mur_pierre_droite  met le dimmeur a  0  de couleur  0x030000
[Thu Apr 30 17:46:34.191532 2020] [wsgi:error] [pid 11683:tid 1815069728] led_mur_pierre_gauche  met le dimmeur a  0  de couleur  0x020000
[Thu Apr 30 17:46:34.271164 2020] [wsgi:error] [pid 11683:tid 1831855136] led_mur_pierre_droite  met le dimmeur a  0  de couleur  0x030000
[Thu Apr 30 17:46:34.312550 2020] [wsgi:error] [pid 11683:tid 1815069728] led_mur_pierre_gauche  met le dimmeur a  0  de couleur  0x030000
[Thu Apr 30 17:46:34.407338 2020] [wsgi:error] [pid 11683:tid 1831855136] led_mur_pierre_droite  met le dimmeur a  0  de couleur  0x040000
[Thu Apr 30 17:46:34.433233 2020] [wsgi:error] [pid 11683:tid 1815069728] led_mur_pierre_gauche  met le dimmeur a  0  de couleur  0x030000
[Thu Apr 30 17:46:34.517868 2020] [wsgi:error] [pid 11683:tid 1831855136] led_mur_pierre_droite  met le dimmeur a  0  de couleur  0x040000
[Thu Apr 30 17:46:34.553876 2020] [wsgi:error] [pid 11683:tid 1815069728] led_mur_pierre_gauche  met le dimmeur a  0  de couleur  0x030000
[Thu Apr 30 17:46:34.628390 2020] [wsgi:error] [pid 11683:tid 1831855136] led_mur_pierre_droite  met le dimmeur a  0  de couleur  0x040000
[Thu Apr 30 17:46:34.659361 2020] [wsgi:error] [pid 11683:tid 1815069728] led_mur_pierre_gauche  met le dimmeur a  0  de couleur  0x030000
[Thu Apr 30 17:46:34.659542 2020] [wsgi:error] [pid 11683:tid 1871705120] dimmeur_initial  =  0  / dimmeur_final =  20
[Thu Apr 30 17:46:34.744767 2020] [wsgi:error] [pid 11683:tid 1840247840]  le projecteur projo_26 a mis 6.2031919956207275 s a s'allumer au lieu de 5
[Thu Apr 30 17:46:34.766630 2020] [wsgi:error] [pid 11683:tid 1831855136] led_mur_pierre_droite  met le dimmeur a  0  de couleur  0x050100
[Thu Apr 30 17:46:34.767344 2020] [wsgi:error] [pid 11683:tid 1815069728] led_mur_pierre_gauche  met le dimmeur a  0  de couleur  0x040000
[Thu Apr 30 17:46:34.873089 2020] [wsgi:error] [pid 11683:tid 1831855136] led_mur_pierre_droite  met le dimmeur a  0  de couleur  0x050100
[Thu Apr 30 17:46:34.873427 2020] [wsgi:error] [pid 11683:tid 1815069728] led_mur_pierre_gauche  met le dimmeur a  0  de couleur  0x040000
[Thu Apr 30 17:46:34.986389 2020] [wsgi:error] [pid 11683:tid 1815069728] led_mur_pierre_gauche  met le dimmeur a  0  de couleur  0x040000
[Thu Apr 30 17:46:34.986730 2020] [wsgi:error] [pid 11683:tid 1831855136] led_mur_pierre_droite  met le dimmeur a  0  de couleur  0x050100
[Thu Apr 30 17:46:35.098769 2020] [wsgi:error] [pid 11683:tid 1815069728] led_mur_pierre_gauche  met le dimmeur a  0  de couleur  0x050100
[Thu Apr 30 17:46:35.104723 2020] [wsgi:error] [pid 11683:tid 1831855136] led_mur_pierre_droite  met le dimmeur a  0  de couleur  0x060100
[Thu Apr 30 17:46:35.204657 2020] [wsgi:error] [pid 11683:tid 1815069728] led_mur_pierre_gauche  met le dimmeur a  0  de couleur  0x050100
[Thu Apr 30 17:46:35.215222 2020] [wsgi:error] [pid 11683:tid 1831855136] led_mur_pierre_droite  met le dimmeur a  0  de couleur  0x060100
[Thu Apr 30 17:46:35.311426 2020] [wsgi:error] [pid 11683:tid 1815069728] led_mur_pierre_gauche  met le dimmeur a  0  de couleur  0x050100
[Thu Apr 30 17:46:35.325979 2020] [wsgi:error] [pid 11683:tid 1831855136] led_mur_pierre_droite  met le dimmeur a  0  de couleur  0x060100
[Thu Apr 30 17:46:35.423986 2020] [wsgi:error] [pid 11683:tid 1815069728] led_mur_pierre_gauche  met le dimmeur a  0  de couleur  0x060100
[Thu Apr 30 17:46:35.436388 2020] [wsgi:error] [pid 11683:tid 1831855136] led_mur_pierre_droite  met le dimmeur a  0  de couleur  0x060100
[Thu Apr 30 17:46:35.525827 2020] [wsgi:error] [pid 11683:tid 1815069728] led_mur_pierre_gauche  met le dimmeur a  0  de couleur  0x060100
[Thu Apr 30 17:46:35.562365 2020] [wsgi:error] [pid 11683:tid 1831855136] led_mur_pierre_droite  met le dimmeur a  0  de couleur  0x070100
[Thu Apr 30 17:46:35.632626 2020] [wsgi:error] [pid 11683:tid 1815069728] led_mur_pierre_gauche  met le dimmeur a  0  de couleur  0x060100
[Thu Apr 30 17:46:35.671789 2020] [wsgi:error] [pid 11683:tid 1831855136] led_mur_pierre_droite  met le dimmeur a  0  de couleur  0x070100
[Thu Apr 30 17:46:35.734679 2020] [wsgi:error] [pid 11683:tid 1815069728] led_mur_pierre_gauche  met le dimmeur a  0  de couleur  0x060100
[Thu Apr 30 17:46:35.797791 2020] [wsgi:error] [pid 11683:tid 1831855136] led_mur_pierre_droite  met le dimmeur a  0  de couleur  0x070100
[Thu Apr 30 17:46:35.843164 2020] [wsgi:error] [pid 11683:tid 1815069728] led_mur_pierre_gauche  met le dimmeur a  0  de couleur  0x070100
[Thu Apr 30 17:46:35.923379 2020] [wsgi:error] [pid 11683:tid 1831855136] led_mur_pierre_droite  met le dimmeur a  0  de couleur  0x080100
[Thu Apr 30 17:46:35.948899 2020] [wsgi:error] [pid 11683:tid 1815069728] led_mur_pierre_gauche  met le dimmeur a  0  de couleur  0x070100
[Thu Apr 30 17:46:36.034121 2020] [wsgi:error] [pid 11683:tid 1831855136] led_mur_pierre_droite  met le dimmeur a  0  de couleur  0x080100
[Thu Apr 30 17:46:36.054016 2020] [wsgi:error] [pid 11683:tid 1815069728] led_mur_pierre_gauche  met le dimmeur a  0  de couleur  0x070100
[Thu Apr 30 17:46:36.144478 2020] [wsgi:error] [pid 11683:tid 1831855136] led_mur_pierre_droite  met le dimmeur a  0  de couleur  0x080100
[Thu Apr 30 17:46:36.161384 2020] [wsgi:error] [pid 11683:tid 1815069728] led_mur_pierre_gauche  met le dimmeur a  0  de couleur  0x080100
[Thu Apr 30 17:46:36.260039 2020] [wsgi:error] [pid 11683:tid 1831855136] led_mur_pierre_droite  met le dimmeur a  0  de couleur  0x090100
[Thu Apr 30 17:46:36.272194 2020] [wsgi:error] [pid 11683:tid 1815069728] led_mur_pierre_gauche  met le dimmeur a  0  de couleur  0x080100
[Thu Apr 30 17:46:36.371044 2020] [wsgi:error] [pid 11683:tid 1831855136] led_mur_pierre_droite  met le dimmeur a  0  de couleur  0x090100
[Thu Apr 30 17:46:36.382678 2020] [wsgi:error] [pid 11683:tid 1815069728] led_mur_pierre_gauche  met le dimmeur a  0  de couleur  0x080100
[Thu Apr 30 17:46:36.493603 2020] [wsgi:error] [pid 11683:tid 1831855136] led_mur_pierre_droite  met le dimmeur a  0  de couleur  0x090100
[Thu Apr 30 17:46:36.512678 2020] [wsgi:error] [pid 11683:tid 1815069728] led_mur_pierre_gauche  met le dimmeur a  0  de couleur  0x090100
[Thu Apr 30 17:46:36.604222 2020] [wsgi:error] [pid 11683:tid 1831855136] led_mur_pierre_droite  met le dimmeur a  0  de couleur  0x090100
[Thu Apr 30 17:46:36.624773 2020] [wsgi:error] [pid 11683:tid 1815069728] led_mur_pierre_gauche  met le dimmeur a  0  de couleur  0x090100
[Thu Apr 30 17:46:36.740619 2020] [wsgi:error] [pid 11683:tid 1815069728] led_mur_pierre_gauche  met le dimmeur a  0  de couleur  0x090100
[Thu Apr 30 17:46:36.751082 2020] [wsgi:error] [pid 11683:tid 1831855136] led_mur_pierre_droite  met le dimmeur a  0  de couleur  0x0a0200
[Thu Apr 30 17:46:36.851454 2020] [wsgi:error] [pid 11683:tid 1815069728] led_mur_pierre_gauche  met le dimmeur a  0  de couleur  0x090100
[Thu Apr 30 17:46:36.861896 2020] [wsgi:error] [pid 11683:tid 1831855136] led_mur_pierre_droite  met le dimmeur a  0  de couleur  0x0a0200
[Thu Apr 30 17:46:36.982982 2020] [wsgi:error] [pid 11683:tid 1831855136] led_mur_pierre_droite  met le dimmeur a  0  de couleur  0x0a0200
[Thu Apr 30 17:46:36.983516 2020] [wsgi:error] [pid 11683:tid 1815069728] led_mur_pierre_gauche  met le dimmeur a  0  de couleur  0x0a0200
[Thu Apr 30 17:46:37.098129 2020] [wsgi:error] [pid 11683:tid 1815069728] led_mur_pierre_gauche  met le dimmeur a  0  de couleur  0x0a0200
[Thu Apr 30 17:46:37.110039 2020] [wsgi:error] [pid 11683:tid 1831855136] led_mur_pierre_droite  met le dimmeur a  0  de couleur  0x0b0200
[Thu Apr 30 17:46:37.203953 2020] [wsgi:error] [pid 11683:tid 1815069728] led_mur_pierre_gauche  met le dimmeur a  0  de couleur  0x0a0200
[Thu Apr 30 17:46:37.220887 2020] [wsgi:error] [pid 11683:tid 1831855136] led_mur_pierre_droite  met le dimmeur a  0  de couleur  0x0b0200
[Thu Apr 30 17:46:37.329567 2020] [wsgi:error] [pid 11683:tid 1831855136] led_mur_pierre_droite  met le dimmeur a  0  de couleur  0x0b0200
[Thu Apr 30 17:46:37.335335 2020] [wsgi:error] [pid 11683:tid 1815069728] led_mur_pierre_gauche  met le dimmeur a  0  de couleur  0x0b0200
[Thu Apr 30 17:46:37.446594 2020] [wsgi:error] [pid 11683:tid 1815069728] led_mur_pierre_gauche  met le dimmeur a  0  de couleur  0x0b0200
[Thu Apr 30 17:46:37.447139 2020] [wsgi:error] [pid 11683:tid 1831855136] led_mur_pierre_droite  met le dimmeur a  0  de couleur  0x0c0200
[Thu Apr 30 17:46:37.557426 2020] [wsgi:error] [pid 11683:tid 1815069728] led_mur_pierre_gauche  met le dimmeur a  0  de couleur  0x0b0200
[Thu Apr 30 17:46:37.611471 2020] [wsgi:error] [pid 11683:tid 1831855136] led_mur_pierre_droite  met le dimmeur a  0  de couleur  0x0c0200
[Thu Apr 30 17:46:37.665934 2020] [wsgi:error] [pid 11683:tid 1815069728] led_mur_pierre_gauche  met le dimmeur a  0  de couleur  0x0c0200
[Thu Apr 30 17:46:37.722366 2020] [wsgi:error] [pid 11683:tid 1831855136] led_mur_pierre_droite  met le dimmeur a  0  de couleur  0x0c0200
[Thu Apr 30 17:46:37.773387 2020] [wsgi:error] [pid 11683:tid 1815069728] led_mur_pierre_gauche  met le dimmeur a  0  de couleur  0x0c0200
[Thu Apr 30 17:46:37.838395 2020] [wsgi:error] [pid 11683:tid 1831855136] led_mur_pierre_droite  met le dimmeur a  0  de couleur  0x0c0200
[Thu Apr 30 17:46:37.876383 2020] [wsgi:error] [pid 11683:tid 1815069728] led_mur_pierre_gauche  met le dimmeur a  0  de couleur  0x0c0200
[Thu Apr 30 17:46:37.915599 2020] [wsgi:error] [pid 11683:tid 1806677024]  le projecteur projo_28 a mis 6.266413688659668 s a s'allumer au lieu de 5
[Thu Apr 30 17:46:37.956931 2020] [wsgi:error] [pid 11683:tid 1831855136] led_mur_pierre_droite  met le dimmeur a  0  de couleur  0x0d0200
[Thu Apr 30 17:46:37.982091 2020] [wsgi:error] [pid 11683:tid 1815069728] led_mur_pierre_gauche  met le dimmeur a  0  de couleur  0x0c0200
[Thu Apr 30 17:46:38.072835 2020] [wsgi:error] [pid 11683:tid 1831855136] led_mur_pierre_droite  met le dimmeur a  0  de couleur  0x0d0200
[Thu Apr 30 17:46:38.094812 2020] [wsgi:error] [pid 11683:tid 1815069728] led_mur_pierre_gauche  met le dimmeur a  0  de couleur  0x0d0200
[Thu Apr 30 17:46:38.183714 2020] [wsgi:error] [pid 11683:tid 1831855136] led_mur_pierre_droite  met le dimmeur a  0  de couleur  0x0d0200
[Thu Apr 30 17:46:38.200498 2020] [wsgi:error] [pid 11683:tid 1815069728] led_mur_pierre_gauche  met le dimmeur a  0  de couleur  0x0d0200
[Thu Apr 30 17:46:38.305797 2020] [wsgi:error] [pid 11683:tid 1831855136] led_mur_pierre_droite  met le dimmeur a  0  de couleur  0x0e0200
[Thu Apr 30 17:46:38.314952 2020] [wsgi:error] [pid 11683:tid 1815069728] led_mur_pierre_gauche  met le dimmeur a  0  de couleur  0x0d0200
[Thu Apr 30 17:46:38.419919 2020] [wsgi:error] [pid 11683:tid 1831855136] led_mur_pierre_droite  met le dimmeur a  0  de couleur  0x0e0200
[Thu Apr 30 17:46:38.426274 2020] [wsgi:error] [pid 11683:tid 1815069728] led_mur_pierre_gauche  met le dimmeur a  0  de couleur  0x0e0200
[Thu Apr 30 17:46:38.525611 2020] [wsgi:error] [pid 11683:tid 1831855136] led_mur_pierre_droite  met le dimmeur a  0  de couleur  0x0e0200
[Thu Apr 30 17:46:38.530995 2020] [wsgi:error] [pid 11683:tid 1815069728] led_mur_pierre_gauche  met le dimmeur a  0  de couleur  0x0e0200
[Thu Apr 30 17:46:38.635814 2020] [wsgi:error] [pid 11683:tid 1815069728] led_mur_pierre_gauche  met le dimmeur a  0  de couleur  0x0e0200
[Thu Apr 30 17:46:38.651382 2020] [wsgi:error] [pid 11683:tid 1831855136] led_mur_pierre_droite  met le dimmeur a  0  de couleur  0x0f0300
[Thu Apr 30 17:46:38.748021 2020] [wsgi:error] [pid 11683:tid 1815069728] led_mur_pierre_gauche  met le dimmeur a  0  de couleur  0x0f0300
[Thu Apr 30 17:46:39.888138 2020] [wsgi:error] [pid 11683:tid 1882190880] data = 00000000
[Thu Apr 30 17:46:39.894318 2020] [wsgi:error] [pid 11683:tid 1882190880] data = 01000000
[Thu Apr 30 17:46:39.904658 2020] [wsgi:error] [pid 11683:tid 1882190880] sur le 2eme
[Thu Apr 30 17:46:39.909921 2020] [wsgi:error] [pid 11683:tid 1882190880] on press le bouton inter_10
[Thu Apr 30 17:46:39.915161 2020] [wsgi:error] [pid 11683:tid 1882190880] bar
[Thu Apr 30 17:46:39.928266 2020] [wsgi:error] [pid 11683:tid 1806677024] on sleep 0 s
[Thu Apr 30 17:46:39.937680 2020] [wsgi:error] [pid 11683:tid 1882190880] le scenarioeteindre etatTrue
[Thu Apr 30 17:46:39.948025 2020] [wsgi:error] [pid 11683:tid 1882190880] le scenarioeteindre etatFalse
[Thu Apr 30 17:46:39.948334 2020] [wsgi:error] [pid 11683:tid 1840247840] dimmeur_initial  =  0  / dimmeur_final =  70
[Thu Apr 30 17:46:39.955016 2020] [wsgi:error] [pid 11683:tid 1882190880] le scenarioallumer etatFalse
[Thu Apr 30 17:46:39.960212 2020] [wsgi:error] [pid 11683:tid 1882190880] le scenarioallumer etatTrue
[Thu Apr 30 17:46:39.970517 2020] [wsgi:error] [pid 11683:tid 1882190880] escalier
[Thu Apr 30 17:46:39.970675 2020] [wsgi:error] [pid 11683:tid 1882190880] cuisine
[Thu Apr 30 17:46:39.980982 2020] [wsgi:error] [pid 11683:tid 1882190880] billard
[Thu Apr 30 17:46:39.992358 2020] [wsgi:error] [pid 11683:tid 1882190880] salon
[Thu Apr 30 17:46:40.848685 2020] [wsgi:error] [pid 11683:tid 1871705120]  le projecteur projo_30 a mis 6.1831841468811035 s a s'allumer au lieu de 5
[Thu Apr 30 17:46:42.437211 2020] [wsgi:error] [pid 11683:tid 1823462432]  le projecteur poutre_table_basse a mis 22.99497628211975 s a s'allumer au lieu de 20
[Thu Apr 30 17:46:47.138843 2020] [wsgi:error] [pid 11683:tid 1840247840]  le projecteur poutre a mis 7.18393874168396 s a s'allumer au lieu de 3
[Thu Apr 30 17:47:05.432354 2020] [wsgi:error] [pid 11683:tid 1882190880] data = 00000000
[Thu Apr 30 17:47:05.438109 2020] [wsgi:error] [pid 11683:tid 1882190880] data = 00000000
[Thu Apr 30 17:47:29.276965 2020] [wsgi:error] [pid 11683:tid 1964553248] [remote 192.168.1.28:41190] /home/pi/maison/web_app/site_maison.py:19: FlaskWTFDeprecationWarning: "flask_wtf.Form" has been renamed to "FlaskForm" and will be removed in 1.0.
[Thu Apr 30 17:47:29.282158 2020] [wsgi:error] [pid 11683:tid 1964553248] [remote 192.168.1.28:41190]   form = Formulaire()
[Thu Apr 30 17:47:29.297779 2020] [wsgi:error] [pid 11683:tid 1964553248] [remote 192.168.1.28:41190] mode_0
[Thu Apr 30 17:47:29.302959 2020] [wsgi:error] [pid 11683:tid 1964553248] [remote 192.168.1.28:41190] bar_0
[Thu Apr 30 17:47:29.308075 2020] [wsgi:error] [pid 11683:tid 1964553248] [remote 192.168.1.28:41190] bar_1
[Thu Apr 30 17:47:29.313187 2020] [wsgi:error] [pid 11683:tid 1964553248] [remote 192.168.1.28:41190] bar_2
[Thu Apr 30 17:47:29.318302 2020] [wsgi:error] [pid 11683:tid 1964553248] [remote 192.168.1.28:41190] bar_3
[Thu Apr 30 17:47:29.323420 2020] [wsgi:error] [pid 11683:tid 1964553248] [remote 192.168.1.28:41190] bar_4
[Thu Apr 30 17:47:29.328530 2020] [wsgi:error] [pid 11683:tid 1964553248] [remote 192.168.1.28:41190] bar_5
[Thu Apr 30 17:47:29.333644 2020] [wsgi:error] [pid 11683:tid 1964553248] [remote 192.168.1.28:41190] bar_6
[Thu Apr 30 17:47:29.338758 2020] [wsgi:error] [pid 11683:tid 1964553248] [remote 192.168.1.28:41190] bar_7
[Thu Apr 30 17:47:29.343870 2020] [wsgi:error] [pid 11683:tid 1964553248] [remote 192.168.1.28:41190] bar_8
[Thu Apr 30 17:47:29.348979 2020] [wsgi:error] [pid 11683:tid 1964553248] [remote 192.168.1.28:41190] bar_9
[Thu Apr 30 17:47:29.354091 2020] [wsgi:error] [pid 11683:tid 1964553248] [remote 192.168.1.28:41190] escalier_0
[Thu Apr 30 17:47:29.359199 2020] [wsgi:error] [pid 11683:tid 1964553248] [remote 192.168.1.28:41190] escalier_1
[Thu Apr 30 17:47:29.364312 2020] [wsgi:error] [pid 11683:tid 1964553248] [remote 192.168.1.28:41190] escalier_2
[Thu Apr 30 17:47:29.369420 2020] [wsgi:error] [pid 11683:tid 1964553248] [remote 192.168.1.28:41190] escalier_3
[Thu Apr 30 17:47:29.374555 2020] [wsgi:error] [pid 11683:tid 1964553248] [remote 192.168.1.28:41190] escalier_4
[Thu Apr 30 17:47:29.379667 2020] [wsgi:error] [pid 11683:tid 1964553248] [remote 192.168.1.28:41190] escalier_5
[Thu Apr 30 17:47:29.384778 2020] [wsgi:error] [pid 11683:tid 1964553248] [remote 192.168.1.28:41190] escalier_6
[Thu Apr 30 17:47:29.389890 2020] [wsgi:error] [pid 11683:tid 1964553248] [remote 192.168.1.28:41190] escalier_7
[Thu Apr 30 17:47:29.394998 2020] [wsgi:error] [pid 11683:tid 1964553248] [remote 192.168.1.28:41190] escalier_8
[Thu Apr 30 17:47:29.400110 2020] [wsgi:error] [pid 11683:tid 1964553248] [remote 192.168.1.28:41190] escalier_9
[Thu Apr 30 17:47:29.405218 2020] [wsgi:error] [pid 11683:tid 1964553248] [remote 192.168.1.28:41190] cuisine_0
[Thu Apr 30 17:47:29.410330 2020] [wsgi:error] [pid 11683:tid 1964553248] [remote 192.168.1.28:41190] cuisine_1
[Thu Apr 30 17:47:29.415439 2020] [wsgi:error] [pid 11683:tid 1964553248] [remote 192.168.1.28:41190] cuisine_2
[Thu Apr 30 17:47:29.420551 2020] [wsgi:error] [pid 11683:tid 1964553248] [remote 192.168.1.28:41190] cuisine_3
[Thu Apr 30 17:47:29.425660 2020] [wsgi:error] [pid 11683:tid 1964553248] [remote 192.168.1.28:41190] cuisine_4
[Thu Apr 30 17:47:29.430771 2020] [wsgi:error] [pid 11683:tid 1964553248] [remote 192.168.1.28:41190] cuisine_5
[Thu Apr 30 17:47:29.435884 2020] [wsgi:error] [pid 11683:tid 1964553248] [remote 192.168.1.28:41190] cuisine_6
[Thu Apr 30 17:47:29.440996 2020] [wsgi:error] [pid 11683:tid 1964553248] [remote 192.168.1.28:41190] cuisine_7
[Thu Apr 30 17:47:29.446109 2020] [wsgi:error] [pid 11683:tid 1964553248] [remote 192.168.1.28:41190] cuisine_8
[Thu Apr 30 17:47:29.451221 2020] [wsgi:error] [pid 11683:tid 1964553248] [remote 192.168.1.28:41190] cuisine_9
[Thu Apr 30 17:47:29.456334 2020] [wsgi:error] [pid 11683:tid 1964553248] [remote 192.168.1.28:41190] billard_0
[Thu Apr 30 17:47:29.461445 2020] [wsgi:error] [pid 11683:tid 1964553248] [remote 192.168.1.28:41190] billard_1
[Thu Apr 30 17:47:29.466560 2020] [wsgi:error] [pid 11683:tid 1964553248] [remote 192.168.1.28:41190] billard_2
[Thu Apr 30 17:47:29.471675 2020] [wsgi:error] [pid 11683:tid 1964553248] [remote 192.168.1.28:41190] billard_3
[Thu Apr 30 17:47:29.476788 2020] [wsgi:error] [pid 11683:tid 1964553248] [remote 192.168.1.28:41190] billard_4
[Thu Apr 30 17:47:29.481944 2020] [wsgi:error] [pid 11683:tid 1964553248] [remote 192.168.1.28:41190] billard_5
[Thu Apr 30 17:47:29.487055 2020] [wsgi:error] [pid 11683:tid 1964553248] [remote 192.168.1.28:41190] billard_6
[Thu Apr 30 17:47:29.492172 2020] [wsgi:error] [pid 11683:tid 1964553248] [remote 192.168.1.28:41190] billard_7
[Thu Apr 30 17:47:29.497285 2020] [wsgi:error] [pid 11683:tid 1964553248] [remote 192.168.1.28:41190] billard_8
[Thu Apr 30 17:47:29.502398 2020] [wsgi:error] [pid 11683:tid 1964553248] [remote 192.168.1.28:41190] billard_9
[Thu Apr 30 17:47:29.507506 2020] [wsgi:error] [pid 11683:tid 1964553248] [remote 192.168.1.28:41190] salon_0
[Thu Apr 30 17:47:29.512618 2020] [wsgi:error] [pid 11683:tid 1964553248] [remote 192.168.1.28:41190] salon_1
[Thu Apr 30 17:47:29.517725 2020] [wsgi:error] [pid 11683:tid 1964553248] [remote 192.168.1.28:41190] salon_2
[Thu Apr 30 17:47:29.522841 2020] [wsgi:error] [pid 11683:tid 1964553248] [remote 192.168.1.28:41190] salon_3
[Thu Apr 30 17:47:29.527949 2020] [wsgi:error] [pid 11683:tid 1964553248] [remote 192.168.1.28:41190] salon_4
[Thu Apr 30 17:47:29.533061 2020] [wsgi:error] [pid 11683:tid 1964553248] [remote 192.168.1.28:41190] salon_5
[Thu Apr 30 17:47:29.538176 2020] [wsgi:error] [pid 11683:tid 1964553248] [remote 192.168.1.28:41190] salon_6
[Thu Apr 30 17:47:29.543282 2020] [wsgi:error] [pid 11683:tid 1964553248] [remote 192.168.1.28:41190] salon_7
[Thu Apr 30 17:47:29.548396 2020] [wsgi:error] [pid 11683:tid 1964553248] [remote 192.168.1.28:41190] salon_8
[Thu Apr 30 17:47:29.553508 2020] [wsgi:error] [pid 11683:tid 1964553248] [remote 192.168.1.28:41190] salon_9
[Thu Apr 30 17:47:29.560230 2020] [wsgi:error] [pid 11683:tid 1964553248] [remote 192.168.1.28:41190] background-color : white;font-size : 15px;color : black;top : 0px;left : 0px;width : 50px;height : 50px;padding : 0% 0%;border-left : None;border-right : None;border-radius : 0 0 0 0 ;box-shadow : None;font-weight : None;
[Thu Apr 30 17:47:29.568137 2020] [wsgi:error] [pid 11683:tid 1964553248] [remote 192.168.1.28:41190] iiiiiiiiiiiiiiiiiiiiiiiiiiiiiiiiiiiiiiiiiiiiiiiii
[Thu Apr 30 17:47:29.573389 2020] [wsgi:error] [pid 11683:tid 1964553248] [remote 192.168.1.28:41190] background-color : red;font-size : 15px;color : red;top : 65px;left : 0px;width : 50px;height : 50px;padding : 0% 0%;border-left : None;border-right : None;border-radius : 0 0 0 0 ;box-shadow : None;font-weight : None;
[Thu Apr 30 17:47:29.578514 2020] [wsgi:error] [pid 11683:tid 1964553248] [remote 192.168.1.28:41190] background-color : red;font-size : 15px;color : red;top : 65px;left : 0px;width : 50px;height : 50px;padding : 0% 0%;border-left : None;border-right : None;border-radius : 0 0 0 0 ;box-shadow : None;font-weight : None;
[Thu Apr 30 17:47:29.583717 2020] [wsgi:error] [pid 11683:tid 1964553248] [remote 192.168.1.28:41190] background-color : red;font-size : 15px;color : red;top : 65px;left : 0px;width : 50px;height : 50px;padding : 0% 0%;border-left : None;border-right : None;border-radius : 0 0 0 0 ;box-shadow : None;font-weight : None;
[Thu Apr 30 17:47:29.589848 2020] [wsgi:error] [pid 11683:tid 1964553248] [remote 192.168.1.28:41190] background-color : red;font-size : 23px;color : white;top : 0px;left : 0px;width : 51px;height : 50px;padding : 0% 0%;border-left : solid;border-right : None;border-radius : 40px 0 0 40px ;box-shadow : None;font-weight : bolder;background-image : linear-gradient(to left, #0055aa, #0000ff);
[Thu Apr 30 17:47:29.595471 2020] [wsgi:error] [pid 11683:tid 1964553248] [remote 192.168.1.28:41190] background-color : red;font-size : 15px;color : white;top : 0px;left : -5px;width : 34px;height : 50px;padding : 0% 0%;border-left : None;border-right : solid;border-radius : 0 40px 40px 0 ;box-shadow : None;font-weight : light;background-image : linear-gradient(to left, #00aa55, #0055aa);
[Thu Apr 30 17:47:29.602442 2020] [wsgi:error] [pid 11683:tid 1964553248] [remote 192.168.1.28:41190] iiiiiiiiiiiiiiiiiiiiiiiiiiiiiiiiiiiiiiiiiiiiiiiii
[Thu Apr 30 17:47:29.607650 2020] [wsgi:error] [pid 11683:tid 1964553248] [remote 192.168.1.28:41190] background-color : red;font-size : 15px;color : red;top : 182px;left : 0px;width : 50px;height : 50px;padding : 0% 0%;border-left : None;border-right : None;border-radius : 0 0 0 0 ;box-shadow : None;font-weight : None;
[Thu Apr 30 17:47:29.612822 2020] [wsgi:error] [pid 11683:tid 1964553248] [remote 192.168.1.28:41190] background-color : red;font-size : 15px;color : red;top : 182px;left : 0px;width : 50px;height : 50px;padding : 0% 0%;border-left : None;border-right : None;border-radius : 0 0 0 0 ;box-shadow : None;font-weight : None;
[Thu Apr 30 17:47:29.618025 2020] [wsgi:error] [pid 11683:tid 1964553248] [remote 192.168.1.28:41190] background-color : red;font-size : 15px;color : red;top : 182px;left : 0px;width : 50px;height : 50px;padding : 0% 0%;border-left : None;border-right : None;border-radius : 0 0 0 0 ;box-shadow : None;font-weight : None;
[Thu Apr 30 17:47:29.624423 2020] [wsgi:error] [pid 11683:tid 1964553248] [remote 192.168.1.28:41190] background-color : red;font-size : 23px;color : white;top : 0px;left : 0px;width : 51px;height : 50px;padding : 0% 0%;border-left : solid;border-right : None;border-radius : 40px 0 0 40px ;box-shadow : None;font-weight : bolder;background-image : linear-gradient(to left, #0055aa, #0000ff);
[Thu Apr 30 17:47:29.630043 2020] [wsgi:error] [pid 11683:tid 1964553248] [remote 192.168.1.28:41190] background-color : red;font-size : 15px;color : white;top : 0px;left : -5px;width : 34px;height : 50px;padding : 0% 0%;border-left : None;border-right : solid;border-radius : 0 40px 40px 0 ;box-shadow : None;font-weight : light;background-image : linear-gradient(to left, #00aa55, #0055aa);
[Thu Apr 30 17:47:29.636766 2020] [wsgi:error] [pid 11683:tid 1964553248] [remote 192.168.1.28:41190] iiiiiiiiiiiiiiiiiiiiiiiiiiiiiiiiiiiiiiiiiiiiiiiii
[Thu Apr 30 17:47:29.641983 2020] [wsgi:error] [pid 11683:tid 1964553248] [remote 192.168.1.28:41190] background-color : red;font-size : 15px;color : red;top : 39px;left : 0px;width : 50px;height : 50px;padding : 0% 0%;border-left : None;border-right : None;border-radius : 0 0 0 0 ;box-shadow : None;font-weight : None;
[Thu Apr 30 17:47:29.647102 2020] [wsgi:error] [pid 11683:tid 1964553248] [remote 192.168.1.28:41190] background-color : red;font-size : 15px;color : red;top : 39px;left : 0px;width : 50px;height : 50px;padding : 0% 0%;border-left : None;border-right : None;border-radius : 0 0 0 0 ;box-shadow : None;font-weight : None;
[Thu Apr 30 17:47:29.652306 2020] [wsgi:error] [pid 11683:tid 1964553248] [remote 192.168.1.28:41190] background-color : red;font-size : 15px;color : red;top : 39px;left : 0px;width : 50px;height : 50px;padding : 0% 0%;border-left : None;border-right : None;border-radius : 0 0 0 0 ;box-shadow : None;font-weight : None;
[Thu Apr 30 17:47:29.658932 2020] [wsgi:error] [pid 11683:tid 1964553248] [remote 192.168.1.28:41190] background-color : red;font-size : 15px;color : white;top : 0px;left : 0px;width : 51px;height : 50px;padding : 0% 0%;border-left : solid;border-right : None;border-radius : 40px 0 0 40px ;box-shadow : None;font-weight : light;background-image : linear-gradient(to left, #d40202, #ff0000);
[Thu Apr 30 17:47:29.664600 2020] [wsgi:error] [pid 11683:tid 1964553248] [remote 192.168.1.28:41190] background-color : red;font-size : 23px;color : white;top : 0px;left : -5px;width : 68px;height : 50px;padding : 0% 0%;border-left : None;border-right : None;border-radius : 0 0 0 0 ;box-shadow : None;font-weight : bolder;background-image : linear-gradient(to left, #aa0505, #d40202);
[Thu Apr 30 17:47:29.670254 2020] [wsgi:error] [pid 11683:tid 1964553248] [remote 192.168.1.28:41190] background-color : red;font-size : 15px;color : white;top : 0px;left : -10px;width : 34px;height : 50px;padding : 0% 0%;border-left : None;border-right : None;border-radius : 0 0 0 0 ;box-shadow : None;font-weight : light;background-image : linear-gradient(to left, #7f0707, #aa0505);
[Thu Apr 30 17:47:29.675848 2020] [wsgi:error] [pid 11683:tid 1964553248] [remote 192.168.1.28:41190] background-color : red;font-size : 15px;color : white;top : 0px;left : -15px;width : 68px;height : 50px;padding : 0% 0%;border-left : None;border-right : None;border-radius : 0 0 0 0 ;box-shadow : None;font-weight : light;background-image : linear-gradient(to left, #550a0a, #7f0707);
[Thu Apr 30 17:47:29.681498 2020] [wsgi:error] [pid 11683:tid 1964553248] [remote 192.168.1.28:41190] background-color : red;font-size : 15px;color : white;top : 0px;left : -20px;width : 51px;height : 50px;padding : 0% 0%;border-left : None;border-right : solid;border-radius : 0 40px 40px 0 ;box-shadow : None;font-weight : light;background-image : linear-gradient(to left, #2a0c0c, #550a0a);
[Thu Apr 30 17:47:36.721491 2020] [wsgi:error] [pid 11683:tid 1930982432] [remote 192.168.1.28:41192] /home/pi/maison/web_app/site_maison.py:19: FlaskWTFDeprecationWarning: "flask_wtf.Form" has been renamed to "FlaskForm" and will be removed in 1.0.
[Thu Apr 30 17:47:36.726693 2020] [wsgi:error] [pid 11683:tid 1930982432] [remote 192.168.1.28:41192]   form = Formulaire()
[Thu Apr 30 17:47:36.750557 2020] [wsgi:error] [pid 11683:tid 1930982432] [remote 192.168.1.28:41192] escalier_1
[Thu Apr 30 17:47:36.767801 2020] [wsgi:error] [pid 11683:tid 1806677024] on sleep 0 s
[Thu Apr 30 17:47:36.783408 2020] [wsgi:error] [pid 11683:tid 1930982432] [remote 192.168.1.28:41192] le scenarioeteindre_vers_le_bas etatTrue
[Thu Apr 30 17:47:36.783771 2020] [wsgi:error] [pid 11683:tid 1840247840] on met la lampe projo_43 a Etat.ON
[Thu Apr 30 17:47:36.789083 2020] [wsgi:error] [pid 11683:tid 1840247840] Etat.ON Etat.OFF
[Thu Apr 30 17:47:36.789213 2020] [wsgi:error] [pid 11683:tid 1806677024] on sleep 0 s
[Thu Apr 30 17:47:36.789305 2020] [wsgi:error] [pid 11683:tid 1930982432] [remote 192.168.1.28:41192] le scenarioeteindre_vers_le_bas etatFalse
[Thu Apr 30 17:47:36.794601 2020] [wsgi:error] [pid 11683:tid 1930982432] [remote 192.168.1.28:41192] le scenarioallumer_vers_le_haut etatFalse
[Thu Apr 30 17:47:36.794706 2020] [wsgi:error] [pid 11683:tid 1930982432] [remote 192.168.1.28:41192] le scenarioallumer_vers_le_haut etatTrue
[Thu Apr 30 17:47:36.813432 2020] [wsgi:error] [pid 11683:tid 1840247840] nombre_lumi\xc3\xa8re 0
[Thu Apr 30 17:47:36.820149 2020] [wsgi:error] [pid 11683:tid 1840247840] oooookkkk
[Thu Apr 30 17:47:36.820904 2020] [wsgi:error] [pid 11683:tid 1861219360] couleur =  0x000000  couleur voulut =  0xff0000
[Thu Apr 30 17:47:36.826974 2020] [wsgi:error] [pid 11683:tid 1806677024] on sleep 0 s
[Thu Apr 30 17:47:36.835297 2020] [wsgi:error] [pid 11683:tid 1861219360] on essaie de se co a led_escalier_haut
[Thu Apr 30 17:47:36.836026 2020] [wsgi:error] [pid 11683:tid 1840247840] couleur =  0x000000  couleur voulut =  0xff0000
[Thu Apr 30 17:47:36.836152 2020] [wsgi:error] [pid 11683:tid 1861219360] Etat.ON Etat.OFF
[Thu Apr 30 17:47:36.836284 2020] [wsgi:error] [pid 11683:tid 1806677024] on sleep 1 s
[Thu Apr 30 17:47:36.837986 2020] [wsgi:error] [pid 11683:tid 1861219360] nombre_lumi\xc3\xa8re 0
[Thu Apr 30 17:47:36.857213 2020] [wsgi:error] [pid 11683:tid 1840247840] on essaie de se co a led_escalier_bas
[Thu Apr 30 17:47:36.862654 2020] [wsgi:error] [pid 11683:tid 1840247840] Etat.ON Etat.ON
[Thu Apr 30 17:47:36.922824 2020] [wsgi:error] [pid 11683:tid 1964553248] [remote 192.168.1.28:41192] /home/pi/maison/web_app/site_maison.py:19: FlaskWTFDeprecationWarning: "flask_wtf.Form" has been renamed to "FlaskForm" and will be removed in 1.0.
[Thu Apr 30 17:47:36.928068 2020] [wsgi:error] [pid 11683:tid 1964553248] [remote 192.168.1.28:41192]   form = Formulaire()
[Thu Apr 30 17:47:36.947978 2020] [wsgi:error] [pid 11683:tid 1964553248] [remote 192.168.1.28:41192] mode_0
[Thu Apr 30 17:47:36.953228 2020] [wsgi:error] [pid 11683:tid 1964553248] [remote 192.168.1.28:41192] bar_0
[Thu Apr 30 17:47:36.958416 2020] [wsgi:error] [pid 11683:tid 1964553248] [remote 192.168.1.28:41192] bar_1
[Thu Apr 30 17:47:36.963603 2020] [wsgi:error] [pid 11683:tid 1964553248] [remote 192.168.1.28:41192] bar_2
[Thu Apr 30 17:47:36.968781 2020] [wsgi:error] [pid 11683:tid 1964553248] [remote 192.168.1.28:41192] bar_3
[Thu Apr 30 17:47:36.974027 2020] [wsgi:error] [pid 11683:tid 1964553248] [remote 192.168.1.28:41192] bar_4
[Thu Apr 30 17:47:36.979195 2020] [wsgi:error] [pid 11683:tid 1964553248] [remote 192.168.1.28:41192] bar_5
[Thu Apr 30 17:47:36.984385 2020] [wsgi:error] [pid 11683:tid 1964553248] [remote 192.168.1.28:41192] bar_6
[Thu Apr 30 17:47:36.989564 2020] [wsgi:error] [pid 11683:tid 1964553248] [remote 192.168.1.28:41192] bar_7
[Thu Apr 30 17:47:36.994745 2020] [wsgi:error] [pid 11683:tid 1964553248] [remote 192.168.1.28:41192] bar_8
[Thu Apr 30 17:47:36.999924 2020] [wsgi:error] [pid 11683:tid 1964553248] [remote 192.168.1.28:41192] bar_9
[Thu Apr 30 17:47:37.005093 2020] [wsgi:error] [pid 11683:tid 1964553248] [remote 192.168.1.28:41192] escalier_0
[Thu Apr 30 17:47:37.010285 2020] [wsgi:error] [pid 11683:tid 1964553248] [remote 192.168.1.28:41192] escalier_1
[Thu Apr 30 17:47:37.015451 2020] [wsgi:error] [pid 11683:tid 1964553248] [remote 192.168.1.28:41192] escalier_2
[Thu Apr 30 17:47:37.020637 2020] [wsgi:error] [pid 11683:tid 1964553248] [remote 192.168.1.28:41192] escalier_3
[Thu Apr 30 17:47:37.025805 2020] [wsgi:error] [pid 11683:tid 1964553248] [remote 192.168.1.28:41192] escalier_4
[Thu Apr 30 17:47:37.030997 2020] [wsgi:error] [pid 11683:tid 1964553248] [remote 192.168.1.28:41192] escalier_5
[Thu Apr 30 17:47:37.036167 2020] [wsgi:error] [pid 11683:tid 1964553248] [remote 192.168.1.28:41192] escalier_6
[Thu Apr 30 17:47:37.041351 2020] [wsgi:error] [pid 11683:tid 1964553248] [remote 192.168.1.28:41192] escalier_7
[Thu Apr 30 17:47:37.046527 2020] [wsgi:error] [pid 11683:tid 1964553248] [remote 192.168.1.28:41192] escalier_8
[Thu Apr 30 17:47:37.051709 2020] [wsgi:error] [pid 11683:tid 1964553248] [remote 192.168.1.28:41192] escalier_9
[Thu Apr 30 17:47:37.056883 2020] [wsgi:error] [pid 11683:tid 1964553248] [remote 192.168.1.28:41192] cuisine_0
[Thu Apr 30 17:47:37.062067 2020] [wsgi:error] [pid 11683:tid 1964553248] [remote 192.168.1.28:41192] cuisine_1
[Thu Apr 30 17:47:37.067242 2020] [wsgi:error] [pid 11683:tid 1964553248] [remote 192.168.1.28:41192] cuisine_2
[Thu Apr 30 17:47:37.072415 2020] [wsgi:error] [pid 11683:tid 1964553248] [remote 192.168.1.28:41192] cuisine_3
[Thu Apr 30 17:47:37.077581 2020] [wsgi:error] [pid 11683:tid 1964553248] [remote 192.168.1.28:41192] cuisine_4
[Thu Apr 30 17:47:37.082759 2020] [wsgi:error] [pid 11683:tid 1964553248] [remote 192.168.1.28:41192] cuisine_5
[Thu Apr 30 17:47:37.087924 2020] [wsgi:error] [pid 11683:tid 1964553248] [remote 192.168.1.28:41192] cuisine_6
[Thu Apr 30 17:47:37.093107 2020] [wsgi:error] [pid 11683:tid 1964553248] [remote 192.168.1.28:41192] cuisine_7
[Thu Apr 30 17:47:37.098385 2020] [wsgi:error] [pid 11683:tid 1964553248] [remote 192.168.1.28:41192] cuisine_8
[Thu Apr 30 17:47:37.103555 2020] [wsgi:error] [pid 11683:tid 1964553248] [remote 192.168.1.28:41192] cuisine_9
[Thu Apr 30 17:47:37.108724 2020] [wsgi:error] [pid 11683:tid 1964553248] [remote 192.168.1.28:41192] billard_0
[Thu Apr 30 17:47:37.113897 2020] [wsgi:error] [pid 11683:tid 1964553248] [remote 192.168.1.28:41192] billard_1
[Thu Apr 30 17:47:37.119063 2020] [wsgi:error] [pid 11683:tid 1964553248] [remote 192.168.1.28:41192] billard_2
[Thu Apr 30 17:47:37.124251 2020] [wsgi:error] [pid 11683:tid 1964553248] [remote 192.168.1.28:41192] billard_3
[Thu Apr 30 17:47:37.129419 2020] [wsgi:error] [pid 11683:tid 1964553248] [remote 192.168.1.28:41192] billard_4
[Thu Apr 30 17:47:37.134602 2020] [wsgi:error] [pid 11683:tid 1964553248] [remote 192.168.1.28:41192] billard_5
[Thu Apr 30 17:47:37.139798 2020] [wsgi:error] [pid 11683:tid 1964553248] [remote 192.168.1.28:41192] billard_6
[Thu Apr 30 17:47:37.144967 2020] [wsgi:error] [pid 11683:tid 1964553248] [remote 192.168.1.28:41192] billard_7
[Thu Apr 30 17:47:37.150152 2020] [wsgi:error] [pid 11683:tid 1964553248] [remote 192.168.1.28:41192] billard_8
[Thu Apr 30 17:47:37.155328 2020] [wsgi:error] [pid 11683:tid 1964553248] [remote 192.168.1.28:41192] billard_9
[Thu Apr 30 17:47:37.160514 2020] [wsgi:error] [pid 11683:tid 1964553248] [remote 192.168.1.28:41192] salon_0
[Thu Apr 30 17:47:37.165749 2020] [wsgi:error] [pid 11683:tid 1964553248] [remote 192.168.1.28:41192] salon_1
[Thu Apr 30 17:47:37.170929 2020] [wsgi:error] [pid 11683:tid 1964553248] [remote 192.168.1.28:41192] salon_2
[Thu Apr 30 17:47:37.176121 2020] [wsgi:error] [pid 11683:tid 1964553248] [remote 192.168.1.28:41192] salon_3
[Thu Apr 30 17:47:37.181304 2020] [wsgi:error] [pid 11683:tid 1964553248] [remote 192.168.1.28:41192] salon_4
[Thu Apr 30 17:47:37.186474 2020] [wsgi:error] [pid 11683:tid 1964553248] [remote 192.168.1.28:41192] salon_5
[Thu Apr 30 17:47:37.191655 2020] [wsgi:error] [pid 11683:tid 1964553248] [remote 192.168.1.28:41192] salon_6
[Thu Apr 30 17:47:37.196824 2020] [wsgi:error] [pid 11683:tid 1964553248] [remote 192.168.1.28:41192] salon_7
[Thu Apr 30 17:47:37.202002 2020] [wsgi:error] [pid 11683:tid 1964553248] [remote 192.168.1.28:41192] salon_8
[Thu Apr 30 17:47:37.207166 2020] [wsgi:error] [pid 11683:tid 1964553248] [remote 192.168.1.28:41192] salon_9
[Thu Apr 30 17:47:37.214945 2020] [wsgi:error] [pid 11683:tid 1964553248] [remote 192.168.1.28:41192] background-color : white;font-size : 15px;color : black;top : 0px;left : 0px;width : 50px;height : 50px;padding : 0% 0%;border-left : None;border-right : None;border-radius : 0 0 0 0 ;box-shadow : None;font-weight : None;
[Thu Apr 30 17:47:37.230867 2020] [wsgi:error] [pid 11683:tid 1964553248] [remote 192.168.1.28:41192] iiiiiiiiiiiiiiiiiiiiiiiiiiiiiiiiiiiiiiiiiiiiiiiii
[Thu Apr 30 17:47:37.236265 2020] [wsgi:error] [pid 11683:tid 1964553248] [remote 192.168.1.28:41192] background-color : red;font-size : 15px;color : red;top : 65px;left : 0px;width : 50px;height : 50px;padding : 0% 0%;border-left : None;border-right : None;border-radius : 0 0 0 0 ;box-shadow : None;font-weight : None;
[Thu Apr 30 17:47:37.241459 2020] [wsgi:error] [pid 11683:tid 1964553248] [remote 192.168.1.28:41192] background-color : red;font-size : 15px;color : red;top : 65px;left : 0px;width : 50px;height : 50px;padding : 0% 0%;border-left : None;border-right : None;border-radius : 0 0 0 0 ;box-shadow : None;font-weight : None;
