[Wed May 06 09:40:50.083842 2020] [wsgi:error] [pid 1210:tid 1931383840] [remote 192.168.1.28:36194] cuisine_2
[Wed May 06 09:40:50.088990 2020] [wsgi:error] [pid 1210:tid 1931383840] [remote 192.168.1.28:36194] cuisine_3
[Wed May 06 09:40:50.094136 2020] [wsgi:error] [pid 1210:tid 1931383840] [remote 192.168.1.28:36194] cuisine_4
[Wed May 06 09:40:50.099305 2020] [wsgi:error] [pid 1210:tid 1931383840] [remote 192.168.1.28:36194] cuisine_5
[Wed May 06 09:40:50.104449 2020] [wsgi:error] [pid 1210:tid 1931383840] [remote 192.168.1.28:36194] cuisine_6
[Wed May 06 09:40:50.109594 2020] [wsgi:error] [pid 1210:tid 1931383840] [remote 192.168.1.28:36194] cuisine_7
[Wed May 06 09:40:50.114741 2020] [wsgi:error] [pid 1210:tid 1931383840] [remote 192.168.1.28:36194] cuisine_8
[Wed May 06 09:40:50.119887 2020] [wsgi:error] [pid 1210:tid 1931383840] [remote 192.168.1.28:36194] cuisine_9
[Wed May 06 09:40:50.125033 2020] [wsgi:error] [pid 1210:tid 1931383840] [remote 192.168.1.28:36194] billard_0
[Wed May 06 09:40:50.130181 2020] [wsgi:error] [pid 1210:tid 1931383840] [remote 192.168.1.28:36194] billard_1
[Wed May 06 09:40:50.135326 2020] [wsgi:error] [pid 1210:tid 1931383840] [remote 192.168.1.28:36194] billard_2
[Wed May 06 09:40:50.140472 2020] [wsgi:error] [pid 1210:tid 1931383840] [remote 192.168.1.28:36194] billard_3
[Wed May 06 09:40:50.145655 2020] [wsgi:error] [pid 1210:tid 1931383840] [remote 192.168.1.28:36194] billard_4
[Wed May 06 09:40:50.150802 2020] [wsgi:error] [pid 1210:tid 1931383840] [remote 192.168.1.28:36194] billard_5
[Wed May 06 09:40:50.155943 2020] [wsgi:error] [pid 1210:tid 1931383840] [remote 192.168.1.28:36194] billard_6
[Wed May 06 09:40:50.161086 2020] [wsgi:error] [pid 1210:tid 1931383840] [remote 192.168.1.28:36194] billard_7
[Wed May 06 09:40:50.166229 2020] [wsgi:error] [pid 1210:tid 1931383840] [remote 192.168.1.28:36194] billard_8
[Wed May 06 09:40:50.171375 2020] [wsgi:error] [pid 1210:tid 1931383840] [remote 192.168.1.28:36194] billard_9
[Wed May 06 09:40:50.176517 2020] [wsgi:error] [pid 1210:tid 1931383840] [remote 192.168.1.28:36194] salon_0
[Wed May 06 09:40:50.181666 2020] [wsgi:error] [pid 1210:tid 1931383840] [remote 192.168.1.28:36194] salon_1
[Wed May 06 09:40:50.186809 2020] [wsgi:error] [pid 1210:tid 1931383840] [remote 192.168.1.28:36194] salon_2
[Wed May 06 09:40:50.191954 2020] [wsgi:error] [pid 1210:tid 1931383840] [remote 192.168.1.28:36194] salon_3
[Wed May 06 09:40:50.197101 2020] [wsgi:error] [pid 1210:tid 1931383840] [remote 192.168.1.28:36194] salon_4
[Wed May 06 09:40:50.202294 2020] [wsgi:error] [pid 1210:tid 1931383840] [remote 192.168.1.28:36194] salon_5
[Wed May 06 09:40:50.207438 2020] [wsgi:error] [pid 1210:tid 1931383840] [remote 192.168.1.28:36194] salon_6
[Wed May 06 09:40:50.212586 2020] [wsgi:error] [pid 1210:tid 1931383840] [remote 192.168.1.28:36194] salon_7
[Wed May 06 09:40:50.217731 2020] [wsgi:error] [pid 1210:tid 1931383840] [remote 192.168.1.28:36194] salon_8
[Wed May 06 09:40:50.222877 2020] [wsgi:error] [pid 1210:tid 1931383840] [remote 192.168.1.28:36194] salon_9
[Wed May 06 09:40:50.229671 2020] [wsgi:error] [pid 1210:tid 1931383840] [remote 192.168.1.28:36194] background-color : white;font-size : 15px;color : black;top : 0px;left : 0px;width : 50px;height : 50px;padding : 0% 0%;border-left : None;border-right : None;border-radius : 0 0 0 0 ;box-shadow : None;font-weight : None;
[Wed May 06 09:40:50.235227 2020] [wsgi:error] [pid 1210:tid 1931383840] [remote 192.168.1.28:36194] iiiiiiiiiiiiiiiiiiiiiiiiiiiiiiiiiiiiiiiiiiiiiiiii
[Wed May 06 09:40:50.240534 2020] [wsgi:error] [pid 1210:tid 1931383840] [remote 192.168.1.28:36194] background-color : red;font-size : 15px;color : red;top : 65px;left : 0px;width : 50px;height : 50px;padding : 0% 0%;border-left : None;border-right : None;border-radius : 0 0 0 0 ;box-shadow : None;font-weight : None;
[Wed May 06 09:40:50.245699 2020] [wsgi:error] [pid 1210:tid 1931383840] [remote 192.168.1.28:36194] background-color : red;font-size : 15px;color : red;top : 65px;left : 0px;width : 50px;height : 50px;padding : 0% 0%;border-left : None;border-right : None;border-radius : 0 0 0 0 ;box-shadow : None;font-weight : None;
[Wed May 06 09:40:50.250981 2020] [wsgi:error] [pid 1210:tid 1931383840] [remote 192.168.1.28:36194] background-color : red;font-size : 15px;color : red;top : 65px;left : 0px;width : 50px;height : 50px;padding : 0% 0%;border-left : None;border-right : None;border-radius : 0 0 0 0 ;box-shadow : None;font-weight : None;
[Wed May 06 09:40:50.257118 2020] [wsgi:error] [pid 1210:tid 1931383840] [remote 192.168.1.28:36194] background-color : red;font-size : 15px;color : white;top : 0px;left : 0px;width : 34px;height : 50px;padding : 0% 0%;border-left : solid;border-right : None;border-radius : 40px 0 0 40px ;box-shadow : None;font-weight : light;background-image : linear-gradient(to left, #007f7f, #0000ff);
[Wed May 06 09:40:50.265008 2020] [wsgi:error] [pid 1210:tid 1931383840] [remote 192.168.1.28:36194] iiiiiiiiiiiiiiiiiiiiiiiiiiiiiiiiiiiiiiiiiiiiiiiii
[Wed May 06 09:40:50.270300 2020] [wsgi:error] [pid 1210:tid 1931383840] [remote 192.168.1.28:36194] background-color : red;font-size : 15px;color : red;top : 65px;left : 0px;width : 50px;height : 50px;padding : 0% 0%;border-left : None;border-right : None;border-radius : 0 0 0 0 ;box-shadow : None;font-weight : None;
[Wed May 06 09:40:50.275468 2020] [wsgi:error] [pid 1210:tid 1931383840] [remote 192.168.1.28:36194] background-color : red;font-size : 15px;color : red;top : 65px;left : 0px;width : 50px;height : 50px;padding : 0% 0%;border-left : None;border-right : None;border-radius : 0 0 0 0 ;box-shadow : None;font-weight : None;
[Wed May 06 09:40:50.280753 2020] [wsgi:error] [pid 1210:tid 1931383840] [remote 192.168.1.28:36194] background-color : red;font-size : 15px;color : red;top : 65px;left : 0px;width : 50px;height : 50px;padding : 0% 0%;border-left : None;border-right : None;border-radius : 0 0 0 0 ;box-shadow : None;font-weight : None;
[Wed May 06 09:40:50.287111 2020] [wsgi:error] [pid 1210:tid 1931383840] [remote 192.168.1.28:36194] background-color : red;font-size : 23px;color : white;top : 0px;left : 0px;width : 51px;height : 50px;padding : 0% 0%;border-left : solid;border-right : None;border-radius : 40px 0 0 40px ;box-shadow : None;font-weight : bolder;background-image : linear-gradient(to left, #0055aa, #0000ff);
[Wed May 06 09:40:50.292927 2020] [wsgi:error] [pid 1210:tid 1931383840] [remote 192.168.1.28:36194] background-color : red;font-size : 15px;color : white;top : 0px;left : -5px;width : 34px;height : 50px;padding : 0% 0%;border-left : None;border-right : solid;border-radius : 0 40px 40px 0 ;box-shadow : None;font-weight : light;background-image : linear-gradient(to left, #00aa55, #0055aa);
[Wed May 06 09:40:50.300419 2020] [wsgi:error] [pid 1210:tid 1931383840] [remote 192.168.1.28:36194] iiiiiiiiiiiiiiiiiiiiiiiiiiiiiiiiiiiiiiiiiiiiiiiii
[Wed May 06 09:40:50.305716 2020] [wsgi:error] [pid 1210:tid 1931383840] [remote 192.168.1.28:36194] background-color : red;font-size : 15px;color : red;top : 0px;left : 0px;width : 50px;height : 50px;padding : 0% 0%;border-left : None;border-right : None;border-radius : 0 0 0 0 ;box-shadow : None;font-weight : None;
[Wed May 06 09:40:50.310891 2020] [wsgi:error] [pid 1210:tid 1931383840] [remote 192.168.1.28:36194] background-color : red;font-size : 15px;color : red;top : 0px;left : 0px;width : 50px;height : 50px;padding : 0% 0%;border-left : None;border-right : None;border-radius : 0 0 0 0 ;box-shadow : None;font-weight : None;
[Wed May 06 09:40:50.316185 2020] [wsgi:error] [pid 1210:tid 1931383840] [remote 192.168.1.28:36194] background-color : red;font-size : 15px;color : red;top : 0px;left : 0px;width : 50px;height : 50px;padding : 0% 0%;border-left : None;border-right : None;border-radius : 0 0 0 0 ;box-shadow : None;font-weight : None;
[Wed May 06 09:40:50.328408 2020] [wsgi:error] [pid 1210:tid 1931383840] [remote 192.168.1.28:36194] background-color : red;font-size : 15px;color : white;top : 0px;left : 0px;width : 51px;height : 50px;padding : 0% 0%;border-left : solid;border-right : None;border-radius : 40px 0 0 40px ;box-shadow : None;font-weight : light;background-image : linear-gradient(to left, #0055aa, #0000ff);
[Wed May 06 09:40:50.350136 2020] [wsgi:error] [pid 1210:tid 1931383840] [remote 192.168.1.28:36194] background-color : red;font-size : 23px;color : white;top : 0px;left : -5px;width : 34px;height : 50px;padding : 0% 0%;border-left : None;border-right : solid;border-radius : 0 40px 40px 0 ;box-shadow : None;font-weight : bolder;background-image : linear-gradient(to left, #00aa55, #0055aa);
[Wed May 06 09:40:50.353112 2020] [wsgi:error] [pid 1210:tid 1931383840] [remote 192.168.1.28:36194] iiiiiiiiiiiiiiiiiiiiiiiiiiiiiiiiiiiiiiiiiiiiiiiii
[Wed May 06 09:40:50.378258 2020] [wsgi:error] [pid 1210:tid 1931383840] [remote 192.168.1.28:36194] background-color : red;font-size : 15px;color : red;top : 182px;left : 0px;width : 50px;height : 50px;padding : 0% 0%;border-left : None;border-right : None;border-radius : 0 0 0 0 ;box-shadow : None;font-weight : None;
[Wed May 06 09:40:50.399709 2020] [wsgi:error] [pid 1210:tid 1931383840] [remote 192.168.1.28:36194] background-color : red;font-size : 15px;color : red;top : 182px;left : 0px;width : 50px;height : 50px;padding : 0% 0%;border-left : None;border-right : None;border-radius : 0 0 0 0 ;box-shadow : None;font-weight : None;
[Wed May 06 09:40:50.405097 2020] [wsgi:error] [pid 1210:tid 1931383840] [remote 192.168.1.28:36194] background-color : red;font-size : 15px;color : red;top : 182px;left : 0px;width : 50px;height : 50px;padding : 0% 0%;border-left : None;border-right : None;border-radius : 0 0 0 0 ;box-shadow : None;font-weight : None;
[Wed May 06 09:40:50.412300 2020] [wsgi:error] [pid 1210:tid 1931383840] [remote 192.168.1.28:36194] background-color : red;font-size : 23px;color : white;top : 0px;left : 0px;width : 51px;height : 50px;padding : 0% 0%;border-left : solid;border-right : None;border-radius : 40px 0 0 40px ;box-shadow : None;font-weight : bolder;background-image : linear-gradient(to left, #0055aa, #0000ff);
[Wed May 06 09:40:50.418154 2020] [wsgi:error] [pid 1210:tid 1931383840] [remote 192.168.1.28:36194] background-color : red;font-size : 15px;color : white;top : 0px;left : -5px;width : 34px;height : 50px;padding : 0% 0%;border-left : None;border-right : solid;border-radius : 0 40px 40px 0 ;box-shadow : None;font-weight : light;background-image : linear-gradient(to left, #00aa55, #0055aa);
[Wed May 06 09:40:50.425065 2020] [wsgi:error] [pid 1210:tid 1931383840] [remote 192.168.1.28:36194] iiiiiiiiiiiiiiiiiiiiiiiiiiiiiiiiiiiiiiiiiiiiiiiii
[Wed May 06 09:40:50.430425 2020] [wsgi:error] [pid 1210:tid 1931383840] [remote 192.168.1.28:36194] background-color : red;font-size : 15px;color : red;top : 39px;left : 0px;width : 50px;height : 50px;padding : 0% 0%;border-left : None;border-right : None;border-radius : 0 0 0 0 ;box-shadow : None;font-weight : None;
[Wed May 06 09:40:50.435606 2020] [wsgi:error] [pid 1210:tid 1931383840] [remote 192.168.1.28:36194] background-color : red;font-size : 15px;color : red;top : 39px;left : 0px;width : 50px;height : 50px;padding : 0% 0%;border-left : None;border-right : None;border-radius : 0 0 0 0 ;box-shadow : None;font-weight : None;
[Wed May 06 09:40:50.440888 2020] [wsgi:error] [pid 1210:tid 1931383840] [remote 192.168.1.28:36194] background-color : red;font-size : 15px;color : red;top : 39px;left : 0px;width : 50px;height : 50px;padding : 0% 0%;border-left : None;border-right : None;border-radius : 0 0 0 0 ;box-shadow : None;font-weight : None;
[Wed May 06 09:40:50.448045 2020] [wsgi:error] [pid 1210:tid 1931383840] [remote 192.168.1.28:36194] background-color : red;font-size : 15px;color : white;top : 0px;left : 0px;width : 51px;height : 50px;padding : 0% 0%;border-left : solid;border-right : None;border-radius : 40px 0 0 40px ;box-shadow : None;font-weight : light;background-image : linear-gradient(to left, #d40202, #ff0000);
[Wed May 06 09:40:50.453945 2020] [wsgi:error] [pid 1210:tid 1931383840] [remote 192.168.1.28:36194] background-color : red;font-size : 23px;color : white;top : 0px;left : -5px;width : 68px;height : 50px;padding : 0% 0%;border-left : None;border-right : None;border-radius : 0 0 0 0 ;box-shadow : None;font-weight : bolder;background-image : linear-gradient(to left, #aa0505, #d40202);
[Wed May 06 09:40:50.459758 2020] [wsgi:error] [pid 1210:tid 1931383840] [remote 192.168.1.28:36194] background-color : red;font-size : 15px;color : white;top : 0px;left : -10px;width : 34px;height : 50px;padding : 0% 0%;border-left : None;border-right : None;border-radius : 0 0 0 0 ;box-shadow : None;font-weight : light;background-image : linear-gradient(to left, #7f0707, #aa0505);
[Wed May 06 09:40:50.465561 2020] [wsgi:error] [pid 1210:tid 1931383840] [remote 192.168.1.28:36194] background-color : red;font-size : 15px;color : white;top : 0px;left : -15px;width : 68px;height : 50px;padding : 0% 0%;border-left : None;border-right : None;border-radius : 0 0 0 0 ;box-shadow : None;font-weight : light;background-image : linear-gradient(to left, #550a0a, #7f0707);
[Wed May 06 09:40:50.471350 2020] [wsgi:error] [pid 1210:tid 1931383840] [remote 192.168.1.28:36194] background-color : red;font-size : 15px;color : white;top : 0px;left : -20px;width : 51px;height : 50px;padding : 0% 0%;border-left : None;border-right : solid;border-radius : 0 40px 40px 0 ;box-shadow : None;font-weight : light;background-image : linear-gradient(to left, #2a0c0c, #550a0a);
[Wed May 06 09:40:50.477738 2020] [wsgi:error] [pid 1210:tid 1931383840] [remote 192.168.1.28:36194] iiiiiiiiiiiiiiiiiiiiiiiiiiiiiiiiiiiiiiiiiiiiiiiii
[Wed May 06 09:40:50.483056 2020] [wsgi:error] [pid 1210:tid 1931383840] [remote 192.168.1.28:36194] background-color : red;font-size : 15px;color : red;top : 65px;left : 0px;width : 50px;height : 50px;padding : 0% 0%;border-left : None;border-right : None;border-radius : 0 0 0 0 ;box-shadow : None;font-weight : None;
[Wed May 06 09:40:50.488231 2020] [wsgi:error] [pid 1210:tid 1931383840] [remote 192.168.1.28:36194] background-color : red;font-size : 15px;color : red;top : 65px;left : 0px;width : 50px;height : 50px;padding : 0% 0%;border-left : None;border-right : None;border-radius : 0 0 0 0 ;box-shadow : None;font-weight : None;
[Wed May 06 09:40:50.493521 2020] [wsgi:error] [pid 1210:tid 1931383840] [remote 192.168.1.28:36194] background-color : red;font-size : 15px;color : red;top : 65px;left : 0px;width : 50px;height : 50px;padding : 0% 0%;border-left : None;border-right : None;border-radius : 0 0 0 0 ;box-shadow : None;font-weight : None;
[Wed May 06 09:40:50.500952 2020] [wsgi:error] [pid 1210:tid 1931383840] [remote 192.168.1.28:36194] background-color : red;font-size : 23px;color : white;top : 0px;left : 0px;width : 51px;height : 50px;padding : 0% 0%;border-left : solid;border-right : None;border-radius : 40px 0 0 40px ;box-shadow : None;font-weight : bolder;background-image : linear-gradient(to left, #0055aa, #0000ff);
[Wed May 06 09:40:50.506824 2020] [wsgi:error] [pid 1210:tid 1931383840] [remote 192.168.1.28:36194] background-color : red;font-size : 15px;color : white;top : 0px;left : -5px;width : 34px;height : 50px;padding : 0% 0%;border-left : None;border-right : solid;border-radius : 0 40px 40px 0 ;box-shadow : None;font-weight : light;background-image : linear-gradient(to left, #00aa55, #0055aa);
[Wed May 06 09:40:50.799822 2020] [wsgi:error] [pid 1210:tid 1798284320] couleur =  0x000000  couleur voulut =  0xa00000
[Wed May 06 09:40:50.805877 2020] [wsgi:error] [pid 1210:tid 1798284320] on essaie de se co a led_porte_billard
[Wed May 06 09:40:50.811158 2020] [wsgi:error] [pid 1210:tid 1798284320] Etat.ON Etat.ON
[Wed May 06 09:40:50.811253 2020] [wsgi:error] [pid 1210:tid 1861219360] on sleep 1 s
[Wed May 06 09:40:50.816508 2020] [wsgi:error] [pid 1210:tid 1798284320] nombre_lumi\xc3\xa8re = 3
[Wed May 06 09:40:51.834335 2020] [wsgi:error] [pid 1210:tid 1871705120] couleur =  0x000000  couleur voulut =  0xa00000
[Wed May 06 09:40:51.841325 2020] [wsgi:error] [pid 1210:tid 1871705120] on essaie de se co a led_porte_escalier
[Wed May 06 09:40:51.846929 2020] [wsgi:error] [pid 1210:tid 1871705120] Etat.ON Etat.ON
[Wed May 06 09:40:51.852314 2020] [wsgi:error] [pid 1210:tid 1871705120] nombre_lumi\xc3\xa8re = 4
[Wed May 06 09:40:52.071951 2020] [wsgi:error] [pid 1210:tid 1798284320] led_porte_billard  met le dimmeur a  0  de couleur  0x000000
[Wed May 06 09:40:52.195533 2020] [wsgi:error] [pid 1210:tid 1798284320] on envoie
[Wed May 06 09:40:52.201617 2020] [wsgi:error] [pid 1210:tid 1798284320] finit d'envoyer
[Wed May 06 09:40:52.207018 2020] [wsgi:error] [pid 1210:tid 1798284320] led_porte_billard  met le dimmeur a  0  de couleur  0x050000
[Wed May 06 09:40:52.317880 2020] [wsgi:error] [pid 1210:tid 1798284320] on envoie
[Wed May 06 09:40:52.323906 2020] [wsgi:error] [pid 1210:tid 1798284320] finit d'envoyer
[Wed May 06 09:40:52.324151 2020] [wsgi:error] [pid 1210:tid 1798284320] led_porte_billard  met le dimmeur a  0  de couleur  0x0a0000
[Wed May 06 09:40:52.430024 2020] [wsgi:error] [pid 1210:tid 1798284320] on envoie
[Wed May 06 09:40:52.446232 2020] [wsgi:error] [pid 1210:tid 1798284320] finit d'envoyer
[Wed May 06 09:40:52.451674 2020] [wsgi:error] [pid 1210:tid 1798284320] led_porte_billard  met le dimmeur a  0  de couleur  0x100000
[Wed May 06 09:40:52.562555 2020] [wsgi:error] [pid 1210:tid 1798284320] on envoie
[Wed May 06 09:40:52.578841 2020] [wsgi:error] [pid 1210:tid 1798284320] finit d'envoyer
[Wed May 06 09:40:52.584347 2020] [wsgi:error] [pid 1210:tid 1798284320] led_porte_billard  met le dimmeur a  0  de couleur  0x150000
[Wed May 06 09:40:52.695220 2020] [wsgi:error] [pid 1210:tid 1798284320] on envoie
[Wed May 06 09:40:52.711326 2020] [wsgi:error] [pid 1210:tid 1798284320] finit d'envoyer
[Wed May 06 09:40:52.716731 2020] [wsgi:error] [pid 1210:tid 1798284320] led_porte_billard  met le dimmeur a  0  de couleur  0x1a0000
[Wed May 06 09:40:52.827595 2020] [wsgi:error] [pid 1210:tid 1798284320] on envoie
[Wed May 06 09:40:52.838583 2020] [wsgi:error] [pid 1210:tid 1798284320] finit d'envoyer
[Wed May 06 09:40:52.843988 2020] [wsgi:error] [pid 1210:tid 1798284320] led_porte_billard  met le dimmeur a  0  de couleur  0x200000
[Wed May 06 09:40:52.954822 2020] [wsgi:error] [pid 1210:tid 1798284320] on envoie
[Wed May 06 09:40:52.970899 2020] [wsgi:error] [pid 1210:tid 1798284320] finit d'envoyer
[Wed May 06 09:40:52.976307 2020] [wsgi:error] [pid 1210:tid 1798284320] led_porte_billard  met le dimmeur a  0  de couleur  0x250000
[Wed May 06 09:40:53.087140 2020] [wsgi:error] [pid 1210:tid 1798284320] on envoie
[Wed May 06 09:40:53.098158 2020] [wsgi:error] [pid 1210:tid 1798284320] finit d'envoyer
[Wed May 06 09:40:53.103646 2020] [wsgi:error] [pid 1210:tid 1798284320] led_porte_billard  met le dimmeur a  0  de couleur  0x2a0000
[Wed May 06 09:40:53.214319 2020] [wsgi:error] [pid 1210:tid 1798284320] on envoie
[Wed May 06 09:40:53.230030 2020] [wsgi:error] [pid 1210:tid 1798284320] finit d'envoyer
[Wed May 06 09:40:53.235289 2020] [wsgi:error] [pid 1210:tid 1798284320] led_porte_billard  met le dimmeur a  0  de couleur  0x300000
[Wed May 06 09:40:53.345890 2020] [wsgi:error] [pid 1210:tid 1798284320] on envoie
[Wed May 06 09:40:53.361620 2020] [wsgi:error] [pid 1210:tid 1798284320] finit d'envoyer
[Wed May 06 09:40:53.366915 2020] [wsgi:error] [pid 1210:tid 1798284320] led_porte_billard  met le dimmeur a  0  de couleur  0x350000
[Wed May 06 09:40:53.477505 2020] [wsgi:error] [pid 1210:tid 1798284320] on envoie
[Wed May 06 09:40:53.493307 2020] [wsgi:error] [pid 1210:tid 1798284320] finit d'envoyer
[Wed May 06 09:40:53.498573 2020] [wsgi:error] [pid 1210:tid 1798284320] led_porte_billard  met le dimmeur a  0  de couleur  0x3a0000
[Wed May 06 09:40:53.609182 2020] [wsgi:error] [pid 1210:tid 1798284320] on envoie
[Wed May 06 09:40:53.630021 2020] [wsgi:error] [pid 1210:tid 1798284320] finit d'envoyer
[Wed May 06 09:40:53.635287 2020] [wsgi:error] [pid 1210:tid 1798284320] led_porte_billard  met le dimmeur a  0  de couleur  0x400000
[Wed May 06 09:40:53.746069 2020] [wsgi:error] [pid 1210:tid 1798284320] on envoie
[Wed May 06 09:40:53.762186 2020] [wsgi:error] [pid 1210:tid 1798284320] finit d'envoyer
[Wed May 06 09:40:53.767590 2020] [wsgi:error] [pid 1210:tid 1798284320] led_porte_billard  met le dimmeur a  0  de couleur  0x450000
[Wed May 06 09:40:53.878456 2020] [wsgi:error] [pid 1210:tid 1798284320] on envoie
[Wed May 06 09:40:53.894545 2020] [wsgi:error] [pid 1210:tid 1798284320] finit d'envoyer
[Wed May 06 09:40:53.899951 2020] [wsgi:error] [pid 1210:tid 1798284320] led_porte_billard  met le dimmeur a  0  de couleur  0x4a0000
[Wed May 06 09:40:54.010798 2020] [wsgi:error] [pid 1210:tid 1798284320] on envoie
[Wed May 06 09:40:54.021802 2020] [wsgi:error] [pid 1210:tid 1798284320] finit d'envoyer
[Wed May 06 09:40:54.032362 2020] [wsgi:error] [pid 1210:tid 1798284320] led_porte_billard  met le dimmeur a  0  de couleur  0x500000
[Wed May 06 09:40:54.143188 2020] [wsgi:error] [pid 1210:tid 1798284320] on envoie
[Wed May 06 09:40:54.159323 2020] [wsgi:error] [pid 1210:tid 1798284320] finit d'envoyer
[Wed May 06 09:40:54.164728 2020] [wsgi:error] [pid 1210:tid 1798284320] led_porte_billard  met le dimmeur a  0  de couleur  0x550000
[Wed May 06 09:40:54.275556 2020] [wsgi:error] [pid 1210:tid 1798284320] on envoie
[Wed May 06 09:40:54.291609 2020] [wsgi:error] [pid 1210:tid 1798284320] finit d'envoyer
[Wed May 06 09:40:54.297013 2020] [wsgi:error] [pid 1210:tid 1798284320] led_porte_billard  met le dimmeur a  0  de couleur  0x5a0000
[Wed May 06 09:40:54.407844 2020] [wsgi:error] [pid 1210:tid 1798284320] on envoie
[Wed May 06 09:40:54.418907 2020] [wsgi:error] [pid 1210:tid 1798284320] finit d'envoyer
[Wed May 06 09:40:54.424309 2020] [wsgi:error] [pid 1210:tid 1798284320] led_porte_billard  met le dimmeur a  0  de couleur  0x600000
[Wed May 06 09:40:54.535142 2020] [wsgi:error] [pid 1210:tid 1798284320] on envoie
[Wed May 06 09:40:54.546121 2020] [wsgi:error] [pid 1210:tid 1798284320] finit d'envoyer
[Wed May 06 09:40:54.551522 2020] [wsgi:error] [pid 1210:tid 1798284320] led_porte_billard  met le dimmeur a  0  de couleur  0x650000
[Wed May 06 09:40:54.662382 2020] [wsgi:error] [pid 1210:tid 1798284320] on envoie
[Wed May 06 09:40:54.678532 2020] [wsgi:error] [pid 1210:tid 1798284320] finit d'envoyer
[Wed May 06 09:40:54.683952 2020] [wsgi:error] [pid 1210:tid 1798284320] led_porte_billard  met le dimmeur a  0  de couleur  0x6a0000
[Wed May 06 09:40:54.794789 2020] [wsgi:error] [pid 1210:tid 1798284320] on envoie
[Wed May 06 09:40:54.805779 2020] [wsgi:error] [pid 1210:tid 1798284320] finit d'envoyer
[Wed May 06 09:40:54.811172 2020] [wsgi:error] [pid 1210:tid 1798284320] led_porte_billard  met le dimmeur a  0  de couleur  0x700000
[Wed May 06 09:40:54.922070 2020] [wsgi:error] [pid 1210:tid 1798284320] on envoie
[Wed May 06 09:40:54.938196 2020] [wsgi:error] [pid 1210:tid 1798284320] finit d'envoyer
[Wed May 06 09:40:54.943608 2020] [wsgi:error] [pid 1210:tid 1798284320] led_porte_billard  met le dimmeur a  0  de couleur  0x750000
[Wed May 06 09:40:55.050986 2020] [wsgi:error] [pid 1210:tid 1798284320] on envoie
[Wed May 06 09:40:55.062016 2020] [wsgi:error] [pid 1210:tid 1798284320] finit d'envoyer
[Wed May 06 09:40:55.067437 2020] [wsgi:error] [pid 1210:tid 1798284320] led_porte_billard  met le dimmeur a  0  de couleur  0x7a0000
[Wed May 06 09:40:55.178284 2020] [wsgi:error] [pid 1210:tid 1798284320] on envoie
[Wed May 06 09:40:55.194409 2020] [wsgi:error] [pid 1210:tid 1798284320] finit d'envoyer
[Wed May 06 09:40:55.199814 2020] [wsgi:error] [pid 1210:tid 1798284320] led_porte_billard  met le dimmeur a  0  de couleur  0x800000
[Wed May 06 09:40:55.310626 2020] [wsgi:error] [pid 1210:tid 1798284320] on envoie
[Wed May 06 09:40:55.321602 2020] [wsgi:error] [pid 1210:tid 1798284320] finit d'envoyer
[Wed May 06 09:40:55.327003 2020] [wsgi:error] [pid 1210:tid 1798284320] led_porte_billard  met le dimmeur a  0  de couleur  0x850000
[Wed May 06 09:40:55.437766 2020] [wsgi:error] [pid 1210:tid 1798284320] on envoie
[Wed May 06 09:40:55.458598 2020] [wsgi:error] [pid 1210:tid 1798284320] finit d'envoyer
[Wed May 06 09:40:55.463869 2020] [wsgi:error] [pid 1210:tid 1798284320] led_porte_billard  met le dimmeur a  0  de couleur  0x8a0000
[Wed May 06 09:40:55.574450 2020] [wsgi:error] [pid 1210:tid 1798284320] on envoie
[Wed May 06 09:40:55.595280 2020] [wsgi:error] [pid 1210:tid 1798284320] finit d'envoyer
[Wed May 06 09:40:55.600550 2020] [wsgi:error] [pid 1210:tid 1798284320] led_porte_billard  met le dimmeur a  0  de couleur  0x900000
[Wed May 06 09:40:55.711165 2020] [wsgi:error] [pid 1210:tid 1798284320] on envoie
[Wed May 06 09:40:55.726911 2020] [wsgi:error] [pid 1210:tid 1798284320] finit d'envoyer
[Wed May 06 09:40:55.732171 2020] [wsgi:error] [pid 1210:tid 1798284320] led_porte_billard  met le dimmeur a  0  de couleur  0x950000
[Wed May 06 09:40:55.842731 2020] [wsgi:error] [pid 1210:tid 1798284320] on envoie
[Wed May 06 09:40:55.858430 2020] [wsgi:error] [pid 1210:tid 1798284320] finit d'envoyer
[Wed May 06 09:40:55.863713 2020] [wsgi:error] [pid 1210:tid 1798284320] led_porte_billard  met le dimmeur a  0  de couleur  0x9a0000
[Wed May 06 09:40:55.974316 2020] [wsgi:error] [pid 1210:tid 1798284320] on envoie
[Wed May 06 09:40:55.990023 2020] [wsgi:error] [pid 1210:tid 1798284320] finit d'envoyer
[Wed May 06 09:40:55.995283 2020] [wsgi:error] [pid 1210:tid 1798284320] led_porte_billard  met le dimmeur a  0  de couleur  0xa00000
[Wed May 06 09:41:25.213018 2020] [wsgi:error] [pid 1210:tid 1823462432] La led n'arrive pas \xc3\xa0 ce connecter
[Wed May 06 09:41:30.810287 2020] [wsgi:error] [pid 1210:tid 1831855136] La led n'arrive pas \xc3\xa0 ce connecter
[Wed May 06 09:41:32.725521 2020] [wsgi:error] [pid 1210:tid 1871705120] La led n'arrive pas \xc3\xa0 ce connecter
[Wed May 06 09:41:46.221434 2020] [wsgi:error] [pid 1210:tid 1882190880] data = 00000100
[Wed May 06 09:41:46.226759 2020] [wsgi:error] [pid 1210:tid 1882190880] sur le premier
[Wed May 06 09:41:46.232005 2020] [wsgi:error] [pid 1210:tid 1882190880] on press le bouton inter_6_marche_pas
[Wed May 06 09:41:46.252284 2020] [wsgi:error] [pid 1210:tid 1882190880] bar
[Wed May 06 09:41:46.257501 2020] [wsgi:error] [pid 1210:tid 1882190880] escalier
[Wed May 06 09:41:46.262662 2020] [wsgi:error] [pid 1210:tid 1882190880] portes
[Wed May 06 09:41:46.267807 2020] [wsgi:error] [pid 1210:tid 1882190880] cuisine
[Wed May 06 09:41:46.272987 2020] [wsgi:error] [pid 1210:tid 1882190880] billard
[Wed May 06 09:41:46.278158 2020] [wsgi:error] [pid 1210:tid 1882190880] salon
[Wed May 06 09:41:46.283909 2020] [wsgi:error] [pid 1210:tid 1882190880] data = 01011111
[Wed May 06 09:41:46.289104 2020] [wsgi:error] [pid 1210:tid 1882190880] sur le 2eme
[Wed May 06 09:41:46.294270 2020] [wsgi:error] [pid 1210:tid 1882190880] on press le bouton inter_10
[Wed May 06 09:41:46.314535 2020] [wsgi:error] [pid 1210:tid 1882190880] bar
[Wed May 06 09:41:46.330987 2020] [wsgi:error] [pid 1210:tid 1798284320] on sleep 0 s
[Wed May 06 09:41:46.346490 2020] [wsgi:error] [pid 1210:tid 1882190880] le scenarioeteindre etatTrue
[Wed May 06 09:41:46.346867 2020] [wsgi:error] [pid 1210:tid 1850733600] dimmeur_initial  =  0  / dimmeur_final =  70
[Wed May 06 09:41:46.352972 2020] [wsgi:error] [pid 1210:tid 1882190880] le scenarioeteindre etatFalse
[Wed May 06 09:41:46.353052 2020] [wsgi:error] [pid 1210:tid 1798284320] on sleep 0 s
[Wed May 06 09:41:46.364081 2020] [wsgi:error] [pid 1210:tid 1840247840] couleur =  0x000000  couleur voulut =  0x0000ff
[Wed May 06 09:41:46.383600 2020] [wsgi:error] [pid 1210:tid 1882190880] le scenarioallumer etatFalse
[Wed May 06 09:41:46.383702 2020] [wsgi:error] [pid 1210:tid 1798284320] on sleep 0 s
[Wed May 06 09:41:46.391263 2020] [wsgi:error] [pid 1210:tid 1840247840] on essaie de se co a led_dessous
[Wed May 06 09:41:46.396630 2020] [wsgi:error] [pid 1210:tid 1840247840] Etat.ON Etat.OFF
[Wed May 06 09:41:46.396972 2020] [wsgi:error] [pid 1210:tid 1815069728] couleur =  0x000000  couleur voulut =  0x2f2f2f
[Wed May 06 09:41:46.397010 2020] [wsgi:error] [pid 1210:tid 1882190880] le scenarioallumer etatTrue
[Wed May 06 09:41:46.402131 2020] [wsgi:error] [pid 1210:tid 1882190880] escalier
[Wed May 06 09:41:46.402371 2020] [wsgi:error] [pid 1210:tid 1840247840] nombre_lumi\xc3\xa8re = 1
[Wed May 06 09:41:46.407664 2020] [wsgi:error] [pid 1210:tid 1840247840] on do etat = Etat.ON
[Wed May 06 09:41:46.407746 2020] [wsgi:error] [pid 1210:tid 1882190880] portes
[Wed May 06 09:41:46.410214 2020] [wsgi:error] [pid 1210:tid 1815069728] on essaie de se co a led_caisson_bois
[Wed May 06 09:41:46.415467 2020] [wsgi:error] [pid 1210:tid 1815069728] Etat.ON Etat.ON
[Wed May 06 09:41:46.415552 2020] [wsgi:error] [pid 1210:tid 1882190880] cuisine
[Wed May 06 09:41:46.425758 2020] [wsgi:error] [pid 1210:tid 1815069728] nombre_lumi\xc3\xa8re = 5
[Wed May 06 09:41:46.430990 2020] [wsgi:error] [pid 1210:tid 1882190880] billard
[Wed May 06 09:41:46.436210 2020] [wsgi:error] [pid 1210:tid 1882190880] salon
[Wed May 06 09:41:46.441406 2020] [wsgi:error] [pid 1210:tid 1882190880] sur le 2eme
[Wed May 06 09:41:46.446560 2020] [wsgi:error] [pid 1210:tid 1882190880] sur le 2eme
[Wed May 06 09:41:46.451711 2020] [wsgi:error] [pid 1210:tid 1882190880] sur le 2eme
[Wed May 06 09:41:46.456870 2020] [wsgi:error] [pid 1210:tid 1882190880] sur le 2eme
[Wed May 06 09:41:46.467097 2020] [wsgi:error] [pid 1210:tid 1882190880] sur le 2eme
[Wed May 06 09:41:46.477879 2020] [wsgi:error] [pid 1210:tid 1882190880] data = 00000100
[Wed May 06 09:41:46.483126 2020] [wsgi:error] [pid 1210:tid 1882190880] sur le premier
[Wed May 06 09:41:46.488833 2020] [wsgi:error] [pid 1210:tid 1882190880] data = 00011111
[Wed May 06 09:41:46.494063 2020] [wsgi:error] [pid 1210:tid 1882190880] sur le 2eme
[Wed May 06 09:41:46.499269 2020] [wsgi:error] [pid 1210:tid 1882190880] sur le 2eme
[Wed May 06 09:41:46.504458 2020] [wsgi:error] [pid 1210:tid 1882190880] sur le 2eme
[Wed May 06 09:41:46.509648 2020] [wsgi:error] [pid 1210:tid 1882190880] sur le 2eme
[Wed May 06 09:41:46.514838 2020] [wsgi:error] [pid 1210:tid 1882190880] sur le 2eme
[Wed May 06 09:41:47.745568 2020] [wsgi:error] [pid 1210:tid 1840247840] led_dessous  met le dimmeur a  0  de couleur  0x000000
[Wed May 06 09:41:47.857417 2020] [wsgi:error] [pid 1210:tid 1840247840] led_dessous  met le dimmeur a  0  de couleur  0x000002
[Wed May 06 09:41:47.911518 2020] [wsgi:error] [pid 1210:tid 1831855136] led_haut_bureau  met le dimmeur a  0  de couleur  0x000000
[Wed May 06 09:41:47.969029 2020] [wsgi:error] [pid 1210:tid 1840247840] led_dessous  met le dimmeur a  0  de couleur  0x000005
[Wed May 06 09:41:47.990511 2020] [wsgi:error] [pid 1210:tid 1815069728] led_caisson_bois  met le dimmeur a  0  de couleur  0x000000
[Wed May 06 09:41:48.022374 2020] [wsgi:error] [pid 1210:tid 1831855136] on envoie
[Wed May 06 09:41:48.038551 2020] [wsgi:error] [pid 1210:tid 1831855136] finit d'envoyer
[Wed May 06 09:41:48.043953 2020] [wsgi:error] [pid 1210:tid 1831855136] led_haut_bureau  met le dimmeur a  0  de couleur  0x020202
[Wed May 06 09:41:48.090730 2020] [wsgi:error] [pid 1210:tid 1840247840] led_dessous  met le dimmeur a  0  de couleur  0x000007
[Wed May 06 09:41:48.096522 2020] [wsgi:error] [pid 1210:tid 1815069728] led_caisson_bois  met le dimmeur a  0  de couleur  0x000000
[Wed May 06 09:41:48.155213 2020] [wsgi:error] [pid 1210:tid 1831855136] on envoie
[Wed May 06 09:41:48.176448 2020] [wsgi:error] [pid 1210:tid 1831855136] finit d'envoyer
[Wed May 06 09:41:48.181858 2020] [wsgi:error] [pid 1210:tid 1831855136] led_haut_bureau  met le dimmeur a  0  de couleur  0x050505
[Wed May 06 09:41:48.207441 2020] [wsgi:error] [pid 1210:tid 1815069728] led_caisson_bois  met le dimmeur a  0  de couleur  0x000000
[Wed May 06 09:41:48.213321 2020] [wsgi:error] [pid 1210:tid 1840247840] led_dessous  met le dimmeur a  0  de couleur  0x00000a
[Wed May 06 09:41:48.292638 2020] [wsgi:error] [pid 1210:tid 1831855136] on envoie
[Wed May 06 09:41:48.308777 2020] [wsgi:error] [pid 1210:tid 1831855136] finit d'envoyer
[Wed May 06 09:41:48.314588 2020] [wsgi:error] [pid 1210:tid 1815069728] on envoie
[Wed May 06 09:41:48.314708 2020] [wsgi:error] [pid 1210:tid 1831855136] led_haut_bureau  met le dimmeur a  0  de couleur  0x080808
[Wed May 06 09:41:48.330709 2020] [wsgi:error] [pid 1210:tid 1815069728] finit d'envoyer
[Wed May 06 09:41:48.336173 2020] [wsgi:error] [pid 1210:tid 1815069728] led_caisson_bois  met le dimmeur a  0  de couleur  0x010101
[Wed May 06 09:41:48.357348 2020] [wsgi:error] [pid 1210:tid 1840247840] led_dessous  met le dimmeur a  0  de couleur  0x00000c
[Wed May 06 09:41:48.447478 2020] [wsgi:error] [pid 1210:tid 1815069728] led_caisson_bois  met le dimmeur a  0  de couleur  0x010101
[Wed May 06 09:41:48.448539 2020] [wsgi:error] [pid 1210:tid 1831855136] on envoie
[Wed May 06 09:41:48.465152 2020] [wsgi:error] [pid 1210:tid 1831855136] finit d'envoyer
[Wed May 06 09:41:48.470722 2020] [wsgi:error] [pid 1210:tid 1831855136] led_haut_bureau  met le dimmeur a  0  de couleur  0x0a0a0a
[Wed May 06 09:41:48.476976 2020] [wsgi:error] [pid 1210:tid 1840247840] led_dessous  met le dimmeur a  0  de couleur  0x00000f
[Wed May 06 09:41:48.553833 2020] [wsgi:error] [pid 1210:tid 1815069728] on envoie
[Wed May 06 09:41:48.569986 2020] [wsgi:error] [pid 1210:tid 1815069728] finit d'envoyer
[Wed May 06 09:41:48.575389 2020] [wsgi:error] [pid 1210:tid 1815069728] led_caisson_bois  met le dimmeur a  0  de couleur  0x020202
[Wed May 06 09:41:48.581031 2020] [wsgi:error] [pid 1210:tid 1831855136] on envoie
[Wed May 06 09:41:48.607770 2020] [wsgi:error] [pid 1210:tid 1840247840] led_dessous  met le dimmeur a  0  de couleur  0x000011
[Wed May 06 09:41:48.624261 2020] [wsgi:error] [pid 1210:tid 1831855136] finit d'envoyer
[Wed May 06 09:41:48.629799 2020] [wsgi:error] [pid 1210:tid 1831855136] led_haut_bureau  met le dimmeur a  0  de couleur  0x0d0d0d
[Wed May 06 09:41:48.686370 2020] [wsgi:error] [pid 1210:tid 1815069728] led_caisson_bois  met le dimmeur a  0  de couleur  0x020202
[Wed May 06 09:41:48.729761 2020] [wsgi:error] [pid 1210:tid 1840247840] led_dessous  met le dimmeur a  0  de couleur  0x000014
[Wed May 06 09:41:48.740701 2020] [wsgi:error] [pid 1210:tid 1831855136] on envoie
[Wed May 06 09:41:48.757236 2020] [wsgi:error] [pid 1210:tid 1831855136] finit d'envoyer
[Wed May 06 09:41:48.762766 2020] [wsgi:error] [pid 1210:tid 1831855136] led_haut_bureau  met le dimmeur a  0  de couleur  0x101010
[Wed May 06 09:41:48.797065 2020] [wsgi:error] [pid 1210:tid 1815069728] on envoie
[Wed May 06 09:41:48.823059 2020] [wsgi:error] [pid 1210:tid 1815069728] finit d'envoyer
[Wed May 06 09:41:48.828291 2020] [wsgi:error] [pid 1210:tid 1815069728] led_caisson_bois  met le dimmeur a  0  de couleur  0x030303
[Wed May 06 09:41:48.851218 2020] [wsgi:error] [pid 1210:tid 1840247840] led_dessous  met le dimmeur a  0  de couleur  0x000016
[Wed May 06 09:41:48.873715 2020] [wsgi:error] [pid 1210:tid 1831855136] on envoie
[Wed May 06 09:41:48.905452 2020] [wsgi:error] [pid 1210:tid 1831855136] finit d'envoyer
[Wed May 06 09:41:48.910867 2020] [wsgi:error] [pid 1210:tid 1831855136] led_haut_bureau  met le dimmeur a  0  de couleur  0x121212
[Wed May 06 09:41:48.939080 2020] [wsgi:error] [pid 1210:tid 1815069728] led_caisson_bois  met le dimmeur a  0  de couleur  0x030303
[Wed May 06 09:41:48.973198 2020] [wsgi:error] [pid 1210:tid 1840247840] led_dessous  met le dimmeur a  0  de couleur  0x000019
[Wed May 06 09:41:49.041743 2020] [wsgi:error] [pid 1210:tid 1831855136] on envoie
[Wed May 06 09:41:49.047548 2020] [wsgi:error] [pid 1210:tid 1815069728] on envoie
[Wed May 06 09:41:49.058322 2020] [wsgi:error] [pid 1210:tid 1831855136] finit d'envoyer
[Wed May 06 09:41:49.063730 2020] [wsgi:error] [pid 1210:tid 1831855136] led_haut_bureau  met le dimmeur a  0  de couleur  0x151515
[Wed May 06 09:41:49.079908 2020] [wsgi:error] [pid 1210:tid 1815069728] finit d'envoyer
[Wed May 06 09:41:49.085322 2020] [wsgi:error] [pid 1210:tid 1815069728] led_caisson_bois  met le dimmeur a  0  de couleur  0x040404
[Wed May 06 09:41:49.101651 2020] [wsgi:error] [pid 1210:tid 1840247840] led_dessous  met le dimmeur a  0  de couleur  0x00001c
[Wed May 06 09:41:49.174977 2020] [wsgi:error] [pid 1210:tid 1831855136] on envoie
[Wed May 06 09:41:49.196611 2020] [wsgi:error] [pid 1210:tid 1831855136] finit d'envoyer
[Wed May 06 09:41:49.197283 2020] [wsgi:error] [pid 1210:tid 1815069728] led_caisson_bois  met le dimmeur a  0  de couleur  0x040404
[Wed May 06 09:41:49.202690 2020] [wsgi:error] [pid 1210:tid 1831855136] led_haut_bureau  met le dimmeur a  0  de couleur  0x181818
[Wed May 06 09:41:49.219229 2020] [wsgi:error] [pid 1210:tid 1840247840] led_dessous  met le dimmeur a  0  de couleur  0x00001e
[Wed May 06 09:41:49.308065 2020] [wsgi:error] [pid 1210:tid 1815069728] on envoie
[Wed May 06 09:41:49.313566 2020] [wsgi:error] [pid 1210:tid 1831855136] on envoie
[Wed May 06 09:41:49.324732 2020] [wsgi:error] [pid 1210:tid 1815069728] finit d'envoyer
[Wed May 06 09:41:49.330139 2020] [wsgi:error] [pid 1210:tid 1815069728] led_caisson_bois  met le dimmeur a  0  de couleur  0x050505
[Wed May 06 09:41:49.353339 2020] [wsgi:error] [pid 1210:tid 1831855136] finit d'envoyer
[Wed May 06 09:41:49.358902 2020] [wsgi:error] [pid 1210:tid 1831855136] led_haut_bureau  met le dimmeur a  0  de couleur  0x1a1a1a
[Wed May 06 09:41:49.369848 2020] [wsgi:error] [pid 1210:tid 1840247840] led_dessous  met le dimmeur a  0  de couleur  0x000021
[Wed May 06 09:41:49.453719 2020] [wsgi:error] [pid 1210:tid 1815069728] led_caisson_bois  met le dimmeur a  0  de couleur  0x050505
[Wed May 06 09:41:49.481063 2020] [wsgi:error] [pid 1210:tid 1831855136] on envoie
[Wed May 06 09:41:49.497322 2020] [wsgi:error] [pid 1210:tid 1840247840] led_dessous  met le dimmeur a  0  de couleur  0x000023
[Wed May 06 09:41:49.513719 2020] [wsgi:error] [pid 1210:tid 1831855136] finit d'envoyer
[Wed May 06 09:41:49.519219 2020] [wsgi:error] [pid 1210:tid 1831855136] led_haut_bureau  met le dimmeur a  0  de couleur  0x1d1d1d
[Wed May 06 09:41:49.549418 2020] [wsgi:error] [pid 1210:tid 1850733600]  le projecteur poutre a mis 3.196397542953491 s a s'allumer au lieu de 3
[Wed May 06 09:41:49.560431 2020] [wsgi:error] [pid 1210:tid 1815069728] on envoie
[Wed May 06 09:41:49.576460 2020] [wsgi:error] [pid 1210:tid 1815069728] finit d'envoyer
[Wed May 06 09:41:49.581834 2020] [wsgi:error] [pid 1210:tid 1815069728] led_caisson_bois  met le dimmeur a  0  de couleur  0x060606
[Wed May 06 09:41:49.619015 2020] [wsgi:error] [pid 1210:tid 1840247840] led_dessous  met le dimmeur a  0  de couleur  0x000026
[Wed May 06 09:41:49.630066 2020] [wsgi:error] [pid 1210:tid 1831855136] on envoie
[Wed May 06 09:41:49.646620 2020] [wsgi:error] [pid 1210:tid 1831855136] finit d'envoyer
[Wed May 06 09:41:49.652166 2020] [wsgi:error] [pid 1210:tid 1831855136] led_haut_bureau  met le dimmeur a  0  de couleur  0x202020
[Wed May 06 09:41:49.692708 2020] [wsgi:error] [pid 1210:tid 1815069728] led_caisson_bois  met le dimmeur a  0  de couleur  0x060606
[Wed May 06 09:41:49.740741 2020] [wsgi:error] [pid 1210:tid 1840247840] led_dessous  met le dimmeur a  0  de couleur  0x000028
[Wed May 06 09:41:49.763026 2020] [wsgi:error] [pid 1210:tid 1831855136] on envoie
[Wed May 06 09:41:49.779553 2020] [wsgi:error] [pid 1210:tid 1831855136] finit d'envoyer
[Wed May 06 09:41:49.785058 2020] [wsgi:error] [pid 1210:tid 1831855136] led_haut_bureau  met le dimmeur a  0  de couleur  0x222222
[Wed May 06 09:41:49.803599 2020] [wsgi:error] [pid 1210:tid 1815069728] on envoie
[Wed May 06 09:41:49.819620 2020] [wsgi:error] [pid 1210:tid 1815069728] finit d'envoyer
[Wed May 06 09:41:49.825007 2020] [wsgi:error] [pid 1210:tid 1815069728] led_caisson_bois  met le dimmeur a  0  de couleur  0x070707
[Wed May 06 09:41:49.857337 2020] [wsgi:error] [pid 1210:tid 1840247840] led_dessous  met le dimmeur a  0  de couleur  0x00002b
[Wed May 06 09:41:49.895943 2020] [wsgi:error] [pid 1210:tid 1831855136] on envoie
[Wed May 06 09:41:49.912472 2020] [wsgi:error] [pid 1210:tid 1831855136] finit d'envoyer
[Wed May 06 09:41:49.917976 2020] [wsgi:error] [pid 1210:tid 1831855136] led_haut_bureau  met le dimmeur a  0  de couleur  0x252525
[Wed May 06 09:41:49.935841 2020] [wsgi:error] [pid 1210:tid 1815069728] led_caisson_bois  met le dimmeur a  0  de couleur  0x070707
[Wed May 06 09:41:49.978986 2020] [wsgi:error] [pid 1210:tid 1840247840] led_dessous  met le dimmeur a  0  de couleur  0x00002d
[Wed May 06 09:41:50.028888 2020] [wsgi:error] [pid 1210:tid 1831855136] on envoie
[Wed May 06 09:41:50.045442 2020] [wsgi:error] [pid 1210:tid 1831855136] finit d'envoyer
[Wed May 06 09:41:50.050983 2020] [wsgi:error] [pid 1210:tid 1831855136] led_haut_bureau  met le dimmeur a  0  de couleur  0x282828
[Wed May 06 09:41:50.051556 2020] [wsgi:error] [pid 1210:tid 1815069728] led_caisson_bois  met le dimmeur a  0  de couleur  0x070707
[Wed May 06 09:41:50.100665 2020] [wsgi:error] [pid 1210:tid 1840247840] led_dessous  met le dimmeur a  0  de couleur  0x000030
[Wed May 06 09:41:50.162398 2020] [wsgi:error] [pid 1210:tid 1815069728] on envoie
[Wed May 06 09:41:50.162821 2020] [wsgi:error] [pid 1210:tid 1831855136] on envoie
[Wed May 06 09:41:50.193795 2020] [wsgi:error] [pid 1210:tid 1831855136] finit d'envoyer
[Wed May 06 09:41:50.204787 2020] [wsgi:error] [pid 1210:tid 1815069728] finit d'envoyer
[Wed May 06 09:41:50.210187 2020] [wsgi:error] [pid 1210:tid 1831855136] led_haut_bureau  met le dimmeur a  0  de couleur  0x2a2a2a
[Wed May 06 09:41:50.216615 2020] [wsgi:error] [pid 1210:tid 1840247840] led_dessous  met le dimmeur a  0  de couleur  0x000033
[Wed May 06 09:41:50.222078 2020] [wsgi:error] [pid 1210:tid 1815069728] led_caisson_bois  met le dimmeur a  0  de couleur  0x080808
[Wed May 06 09:41:50.316698 2020] [wsgi:error] [pid 1210:tid 1831855136] on envoie
[Wed May 06 09:41:50.337945 2020] [wsgi:error] [pid 1210:tid 1815069728] led_caisson_bois  met le dimmeur a  0  de couleur  0x080808
[Wed May 06 09:41:50.354110 2020] [wsgi:error] [pid 1210:tid 1831855136] finit d'envoyer
[Wed May 06 09:41:50.359521 2020] [wsgi:error] [pid 1210:tid 1831855136] led_haut_bureau  met le dimmeur a  0  de couleur  0x2d2d2d
[Wed May 06 09:41:50.375558 2020] [wsgi:error] [pid 1210:tid 1840247840] led_dessous  met le dimmeur a  0  de couleur  0x000035
[Wed May 06 09:41:50.443956 2020] [wsgi:error] [pid 1210:tid 1815069728] on envoie
[Wed May 06 09:41:50.460033 2020] [wsgi:error] [pid 1210:tid 1815069728] finit d'envoyer
[Wed May 06 09:41:50.465394 2020] [wsgi:error] [pid 1210:tid 1815069728] led_caisson_bois  met le dimmeur a  0  de couleur  0x090909
[Wed May 06 09:41:50.466063 2020] [wsgi:error] [pid 1210:tid 1831855136] on envoie
[Wed May 06 09:41:50.477040 2020] [wsgi:error] [pid 1210:tid 1831855136] finit d'envoyer
[Wed May 06 09:41:50.482446 2020] [wsgi:error] [pid 1210:tid 1831855136] led_haut_bureau  met le dimmeur a  0  de couleur  0x303030
[Wed May 06 09:41:50.488727 2020] [wsgi:error] [pid 1210:tid 1840247840] led_dessous  met le dimmeur a  0  de couleur  0x000038
[Wed May 06 09:41:50.571009 2020] [wsgi:error] [pid 1210:tid 1815069728] led_caisson_bois  met le dimmeur a  0  de couleur  0x090909
[Wed May 06 09:41:50.599858 2020] [wsgi:error] [pid 1210:tid 1831855136] on envoie
[Wed May 06 09:41:50.610424 2020] [wsgi:error] [pid 1210:tid 1840247840] led_dessous  met le dimmeur a  0  de couleur  0x00003a
[Wed May 06 09:41:50.621006 2020] [wsgi:error] [pid 1210:tid 1831855136] finit d'envoyer
[Wed May 06 09:41:50.626239 2020] [wsgi:error] [pid 1210:tid 1831855136] led_haut_bureau  met le dimmeur a  0  de couleur  0x323232
[Wed May 06 09:41:50.681617 2020] [wsgi:error] [pid 1210:tid 1815069728] on envoie
[Wed May 06 09:41:50.697325 2020] [wsgi:error] [pid 1210:tid 1815069728] finit d'envoyer
[Wed May 06 09:41:50.702569 2020] [wsgi:error] [pid 1210:tid 1815069728] led_caisson_bois  met le dimmeur a  0  de couleur  0x0a0a0a
[Wed May 06 09:41:50.731874 2020] [wsgi:error] [pid 1210:tid 1831855136] on envoie
[Wed May 06 09:41:50.743145 2020] [wsgi:error] [pid 1210:tid 1831855136] finit d'envoyer
[Wed May 06 09:41:50.754336 2020] [wsgi:error] [pid 1210:tid 1840247840] led_dessous  met le dimmeur a  0  de couleur  0x00003d
[Wed May 06 09:41:50.759747 2020] [wsgi:error] [pid 1210:tid 1831855136] led_haut_bureau  met le dimmeur a  0  de couleur  0x353535
[Wed May 06 09:41:50.813398 2020] [wsgi:error] [pid 1210:tid 1815069728] led_caisson_bois  met le dimmeur a  0  de couleur  0x0a0a0a
[Wed May 06 09:41:50.865426 2020] [wsgi:error] [pid 1210:tid 1831855136] on envoie
[Wed May 06 09:41:50.876856 2020] [wsgi:error] [pid 1210:tid 1840247840] led_dessous  met le dimmeur a  0  de couleur  0x00003f
[Wed May 06 09:41:50.887863 2020] [wsgi:error] [pid 1210:tid 1831855136] finit d'envoyer
[Wed May 06 09:41:50.893311 2020] [wsgi:error] [pid 1210:tid 1831855136] led_haut_bureau  met le dimmeur a  0  de couleur  0x383838
[Wed May 06 09:41:50.924200 2020] [wsgi:error] [pid 1210:tid 1815069728] on envoie
[Wed May 06 09:41:50.940222 2020] [wsgi:error] [pid 1210:tid 1815069728] finit d'envoyer
[Wed May 06 09:41:50.945630 2020] [wsgi:error] [pid 1210:tid 1815069728] led_caisson_bois  met le dimmeur a  0  de couleur  0x0b0b0b
[Wed May 06 09:41:50.999122 2020] [wsgi:error] [pid 1210:tid 1831855136] on envoie
[Wed May 06 09:41:51.015195 2020] [wsgi:error] [pid 1210:tid 1831855136] finit d'envoyer
[Wed May 06 09:41:51.020620 2020] [wsgi:error] [pid 1210:tid 1831855136] led_haut_bureau  met le dimmeur a  0  de couleur  0x3a3a3a
[Wed May 06 09:41:51.036734 2020] [wsgi:error] [pid 1210:tid 1840247840] led_dessous  met le dimmeur a  0  de couleur  0x000042
[Wed May 06 09:41:51.056493 2020] [wsgi:error] [pid 1210:tid 1815069728] led_caisson_bois  met le dimmeur a  0  de couleur  0x0b0b0b
[Wed May 06 09:41:51.131683 2020] [wsgi:error] [pid 1210:tid 1831855136] on envoie
[Wed May 06 09:41:51.147722 2020] [wsgi:error] [pid 1210:tid 1831855136] finit d'envoyer
[Wed May 06 09:41:51.159118 2020] [wsgi:error] [pid 1210:tid 1840247840] led_dessous  met le dimmeur a  0  de couleur  0x000044
[Wed May 06 09:41:51.164703 2020] [wsgi:error] [pid 1210:tid 1831855136] led_haut_bureau  met le dimmeur a  0  de couleur  0x3d3d3d
[Wed May 06 09:41:51.165247 2020] [wsgi:error] [pid 1210:tid 1815069728] on envoie
[Wed May 06 09:41:51.186342 2020] [wsgi:error] [pid 1210:tid 1815069728] finit d'envoyer
[Wed May 06 09:41:51.191713 2020] [wsgi:error] [pid 1210:tid 1815069728] led_caisson_bois  met le dimmeur a  0  de couleur  0x0c0c0c
[Wed May 06 09:41:51.275758 2020] [wsgi:error] [pid 1210:tid 1831855136] on envoie
[Wed May 06 09:41:51.281550 2020] [wsgi:error] [pid 1210:tid 1840247840] led_dessous  met le dimmeur a  0  de couleur  0x000047
[Wed May 06 09:41:51.292546 2020] [wsgi:error] [pid 1210:tid 1831855136] finit d'envoyer
[Wed May 06 09:41:51.297942 2020] [wsgi:error] [pid 1210:tid 1831855136] led_haut_bureau  met le dimmeur a  0  de couleur  0x404040
[Wed May 06 09:41:51.298534 2020] [wsgi:error] [pid 1210:tid 1815069728] led_caisson_bois  met le dimmeur a  0  de couleur  0x0c0c0c
[Wed May 06 09:41:51.408645 2020] [wsgi:error] [pid 1210:tid 1840247840] led_dessous  met le dimmeur a  0  de couleur  0x000049
[Wed May 06 09:41:51.408993 2020] [wsgi:error] [pid 1210:tid 1831855136] on envoie
[Wed May 06 09:41:51.414653 2020] [wsgi:error] [pid 1210:tid 1815069728] on envoie
[Wed May 06 09:41:51.435764 2020] [wsgi:error] [pid 1210:tid 1815069728] finit d'envoyer
[Wed May 06 09:41:51.441169 2020] [wsgi:error] [pid 1210:tid 1815069728] led_caisson_bois  met le dimmeur a  0  de couleur  0x0d0d0d
[Wed May 06 09:41:51.462608 2020] [wsgi:error] [pid 1210:tid 1831855136] finit d'envoyer
[Wed May 06 09:41:51.468093 2020] [wsgi:error] [pid 1210:tid 1831855136] led_haut_bureau  met le dimmeur a  0  de couleur  0x424242
[Wed May 06 09:41:51.545913 2020] [wsgi:error] [pid 1210:tid 1840247840] led_dessous  met le dimmeur a  0  de couleur  0x00004c
[Wed May 06 09:41:51.551747 2020] [wsgi:error] [pid 1210:tid 1815069728] led_caisson_bois  met le dimmeur a  0  de couleur  0x0d0d0d
[Wed May 06 09:41:51.578913 2020] [wsgi:error] [pid 1210:tid 1831855136] on envoie
[Wed May 06 09:41:51.615498 2020] [wsgi:error] [pid 1210:tid 1831855136] finit d'envoyer
[Wed May 06 09:41:51.620858 2020] [wsgi:error] [pid 1210:tid 1831855136] led_haut_bureau  met le dimmeur a  0  de couleur  0x454545
[Wed May 06 09:41:51.662521 2020] [wsgi:error] [pid 1210:tid 1815069728] on envoie
[Wed May 06 09:41:51.695967 2020] [wsgi:error] [pid 1210:tid 1840247840] led_dessous  met le dimmeur a  0  de couleur  0x00004f
[Wed May 06 09:41:51.712036 2020] [wsgi:error] [pid 1210:tid 1815069728] finit d'envoyer
[Wed May 06 09:41:51.717441 2020] [wsgi:error] [pid 1210:tid 1815069728] led_caisson_bois  met le dimmeur a  0  de couleur  0x0e0e0e
[Wed May 06 09:41:51.751787 2020] [wsgi:error] [pid 1210:tid 1831855136] on envoie
[Wed May 06 09:41:51.768118 2020] [wsgi:error] [pid 1210:tid 1831855136] finit d'envoyer
[Wed May 06 09:41:51.773511 2020] [wsgi:error] [pid 1210:tid 1831855136] led_haut_bureau  met le dimmeur a  0  de couleur  0x484848
[Wed May 06 09:41:51.817706 2020] [wsgi:error] [pid 1210:tid 1840247840] led_dessous  met le dimmeur a  0  de couleur  0x000051
[Wed May 06 09:41:51.823474 2020] [wsgi:error] [pid 1210:tid 1815069728] led_caisson_bois  met le dimmeur a  0  de couleur  0x0e0e0e
[Wed May 06 09:41:51.884299 2020] [wsgi:error] [pid 1210:tid 1831855136] on envoie
